Godot Engine v4.5.1.stable.mono.official.f62fdbde1 - https://godotengine.org

ERROR: Failed to read the root certificate store.
   at: get_system_ca_certificates (platform/windows/os_windows.cpp:2548)
WARNING: res://level/scenes/DestructibleLargeCube.tscn:4 - ext_resource, invalid UID: uid://beo8luhfbe0it - using text path instead: res://assets/fractured_large_cube.glb
   at: load (scene/resources/resource_format_text.cpp:444)
WARNING: res://level/scenes/vehicles/BoxCarPropeller.tscn:4 - ext_resource, invalid UID: uid://boxcar001 - using text path instead: res://assets/models/BoxCar.glb
   at: load (scene/resources/resource_format_text.cpp:444)
WARNING: instance_reset_physics_interpolation() is deprecated.
   at: _instance_reset_physics_interpolation_bind_compat_104269 (servers/rendering_server.compat.inc:58)
DEBUG: Sparks particles found and emitting
!!! DESTRUCTIBLE SYSTEM ONLINE: DestructiblePillar2
!!! DESTRUCTIBLE SYSTEM ONLINE: DestructibleLargeCube
!!! DESTRUCTIBLE SYSTEM ONLINE: DestructibleLargeCube3
!!! DESTRUCTIBLE SYSTEM ONLINE: DestructibleLargeCube2
!!! DESTRUCTIBLE SYSTEM ONLINE: DestructiblePillar3
!!! DESTRUCTIBLE SYSTEM ONLINE: DestructiblePillar5
!!! DESTRUCTIBLE SYSTEM ONLINE: DestructiblePillar6
!!! DESTRUCTIBLE SYSTEM ONLINE: DestructiblePillar7
!!! DESTRUCTIBLE SYSTEM ONLINE: DestructiblePillar14
!!! DESTRUCTIBLE SYSTEM ONLINE: DestructiblePillar8
!!! DESTRUCTIBLE SYSTEM ONLINE: DestructiblePillar11
!!! DESTRUCTIBLE SYSTEM ONLINE: DestructiblePillar12
!!! DESTRUCTIBLE SYSTEM ONLINE: DestructiblePillar13
!!! DESTRUCTIBLE SYSTEM ONLINE: DestructiblePillar9
!!! DESTRUCTIBLE SYSTEM ONLINE: DestructiblePillar10
!!! DESTRUCTIBLE SYSTEM ONLINE: DestructiblePillar4
!!! DESTRUCTIBLE SYSTEM ONLINE: DestructibleWall
!!! DESTRUCTIBLE SYSTEM ONLINE: Node
!!! DESTRUCTIBLE SYSTEM ONLINE: DestructibleWall2
!!! DESTRUCTIBLE SYSTEM ONLINE: DestructibleSphere
!!! DESTRUCTIBLE SYSTEM ONLINE: DestructibleSphere2
!!! DESTRUCTIBLE SYSTEM ONLINE: DestructibleSphere3
!!! DESTRUCTIBLE SYSTEM ONLINE: DestructibleSphere4
!!! DESTRUCTIBLE SYSTEM ONLINE: DestructibleSphere5
!!! DESTRUCTIBLE SYSTEM ONLINE: DestructibleSphere6
AI_METRIC {"actor":"Gatherer_01","frame":0,"goal":"spawn","reason":"actor_ready","role":"forager","run_id":"lyra_ai_phase1","scene":"res://level/scenes/lyrasandbox.tscn","score":0.0,"scores":{},"target":"","target_distance":-1.0,"time_sec":2.202,"type":"decision"}
AI_METRIC {"actor":"Gatherer_02","frame":0,"goal":"spawn","reason":"actor_ready","role":"hauler","run_id":"lyra_ai_phase1","scene":"res://level/scenes/lyrasandbox.tscn","score":0.0,"scores":{},"target":"","target_distance":-1.0,"time_sec":2.202,"type":"decision"}
AI_METRIC {"actor":"Gatherer_03","frame":0,"goal":"spawn","reason":"actor_ready","role":"scout","run_id":"lyra_ai_phase1","scene":"res://level/scenes/lyrasandbox.tscn","score":0.0,"scores":{},"target":"","target_distance":-1.0,"time_sec":2.203,"type":"decision"}
AI_METRIC {"actor":"Gatherer_04","frame":0,"goal":"spawn","reason":"actor_ready","role":"forager","run_id":"lyra_ai_phase1","scene":"res://level/scenes/lyrasandbox.tscn","score":0.0,"scores":{},"target":"","target_distance":-1.0,"time_sec":2.203,"type":"decision"}
AI_METRIC {"actor":"Gatherer_05","frame":0,"goal":"spawn","reason":"actor_ready","role":"hauler","run_id":"lyra_ai_phase1","scene":"res://level/scenes/lyrasandbox.tscn","score":0.0,"scores":{},"target":"","target_distance":-1.0,"time_sec":2.204,"type":"decision"}
AI_METRIC {"actor":"Gatherer_06","frame":0,"goal":"spawn","reason":"actor_ready","role":"scout","run_id":"lyra_ai_phase1","scene":"res://level/scenes/lyrasandbox.tscn","score":0.0,"scores":{},"target":"","target_distance":-1.0,"time_sec":2.204,"type":"decision"}
Terrain3D: Camera assigned for collision.
AI_METRIC {"active_ai_count":6,"decision_count":0,"fps":1.0,"frame":1,"frame_time_ms":1000.0,"interaction_count":0,"physics_fps":120,"run_id":"lyra_ai_phase1","scene":"res://level/scenes/lyrasandbox.tscn","time_sec":2.206,"type":"frame_sample"}
AI_METRIC {"actor":"Gatherer_01","frame":1,"goal":"weapon","reason":"utility_available","role":"forager","run_id":"lyra_ai_phase1","scene":"res://level/scenes/lyrasandbox.tscn","score":0.92,"scores":{"build":0.0,"combat":0.0,"explore":0.12,"food":0.500166666666667,"resource":0.68,"water":0.60025,"weapon":0.92},"target":"AI_PistolPickup_01","target_distance":3.88587212562561,"time_sec":2.206,"type":"decision"}
AI_METRIC {"actor":"Gatherer_01","frame":1,"goal":"weapon","reason":"nearest_available","result":"success","run_id":"lyra_ai_phase1","scene":"res://level/scenes/lyrasandbox.tscn","target":"AI_PistolPickup_01","target_distance":3.88587212562561,"time_sec":2.206,"type":"reservation"}
AI_METRIC {"actor":"Gatherer_02","frame":1,"goal":"resource","reason":"utility_available","role":"hauler","run_id":"lyra_ai_phase1","scene":"res://level/scenes/lyrasandbox.tscn","score":0.98,"scores":{"build":0.2,"combat":0.0,"explore":0.12,"food":0.350166666666667,"resource":0.98,"water":0.45025,"weapon":0.92},"target":"Resource_01","target_distance":2.93300175666809,"time_sec":2.206,"type":"decision"}
AI_METRIC {"actor":"Gatherer_02","frame":1,"goal":"resource","reason":"nearest_available","result":"success","run_id":"lyra_ai_phase1","scene":"res://level/scenes/lyrasandbox.tscn","target":"Resource_01","target_distance":2.93300175666809,"time_sec":2.206,"type":"reservation"}
AI_METRIC {"actor":"Gatherer_03","frame":1,"goal":"weapon","reason":"utility_available","role":"scout","run_id":"lyra_ai_phase1","scene":"res://level/scenes/lyrasandbox.tscn","score":1.0,"scores":{"build":0.0,"combat":0.0,"explore":0.56,"food":0.350166666666667,"resource":0.8,"water":0.45025,"weapon":1.0},"target":"AI_PistolPickup_02","target_distance":20.5440979003906,"time_sec":2.206,"type":"decision"}
AI_METRIC {"actor":"Gatherer_03","frame":1,"goal":"weapon","reason":"nearest_available","result":"success","run_id":"lyra_ai_phase1","scene":"res://level/scenes/lyrasandbox.tscn","target":"AI_PistolPickup_02","target_distance":20.5440979003906,"time_sec":2.206,"type":"reservation"}
AI_METRIC {"actor":"Gatherer_04","frame":1,"goal":"weapon","reason":"utility_available","role":"forager","run_id":"lyra_ai_phase1","scene":"res://level/scenes/lyrasandbox.tscn","score":0.92,"scores":{"build":0.0,"combat":0.0,"explore":0.12,"food":0.500166666666667,"resource":0.68,"water":0.60025,"weapon":0.92},"target":"PistolPickup_Ground","target_distance":6.11978626251221,"time_sec":2.206,"type":"decision"}
AI_METRIC {"actor":"Gatherer_04","frame":1,"goal":"weapon","reason":"nearest_available","result":"success","run_id":"lyra_ai_phase1","scene":"res://level/scenes/lyrasandbox.tscn","target":"PistolPickup_Ground","target_distance":6.11978626251221,"time_sec":2.206,"type":"reservation"}
AI_METRIC {"actor":"Gatherer_05","frame":1,"goal":"resource","reason":"utility_available","role":"hauler","run_id":"lyra_ai_phase1","scene":"res://level/scenes/lyrasandbox.tscn","score":0.98,"scores":{"build":0.2,"combat":0.0,"explore":0.12,"food":0.350166666666667,"resource":0.98,"water":0.45025,"weapon":0.92},"target":"Resource_02","target_distance":12.6234893798828,"time_sec":2.206,"type":"decision"}
AI_METRIC {"actor":"Gatherer_05","frame":1,"goal":"resource","reason":"nearest_available","result":"success","run_id":"lyra_ai_phase1","scene":"res://level/scenes/lyrasandbox.tscn","target":"Resource_02","target_distance":12.6234893798828,"time_sec":2.206,"type":"reservation"}
AI_METRIC {"actor":"Gatherer_06","frame":1,"goal":"weapon","reason":"utility_available","role":"scout","run_id":"lyra_ai_phase1","scene":"res://level/scenes/lyrasandbox.tscn","score":1.0,"scores":{"build":0.0,"combat":0.0,"explore":0.56,"food":0.350166666666667,"resource":0.8,"water":0.45025,"weapon":1.0},"target":"AI_RiflePickup_01","target_distance":10.1518459320068,"time_sec":2.206,"type":"decision"}
AI_METRIC {"actor":"Gatherer_06","frame":1,"goal":"weapon","reason":"nearest_available","result":"success","run_id":"lyra_ai_phase1","scene":"res://level/scenes/lyrasandbox.tscn","target":"AI_RiflePickup_01","target_distance":10.1518459320068,"time_sec":2.206,"type":"reservation"}
!!! DESTRUCTION COMPLETE
!!! DESTRUCTION COMPLETE
!!! DESTRUCTION COMPLETE
!!! DESTRUCTION COMPLETE
!!! DESTRUCTION COMPLETE
!!! DESTRUCTION COMPLETE
!!! DESTRUCTION COMPLETE
AI_METRIC {"actor":"Gatherer_02","delta":{"resource_count":1},"duration_sec":1.0,"frame":208,"goal":"resource","result":"success","role":"hauler","run_id":"lyra_ai_phase1","scene":"res://level/scenes/lyrasandbox.tscn","target":"Resource_01","time_sec":3.98,"type":"interaction_complete"}
AI_METRIC {"active_ai_count":6,"decision_count":0,"fps":145.0,"frame":242,"frame_time_ms":6.89655172413793,"interaction_count":0,"physics_fps":120,"run_id":"lyra_ai_phase1","scene":"res://level/scenes/lyrasandbox.tscn","time_sec":4.262,"type":"frame_sample"}
WEAPON_PICKUP: equipped Pistol
AI_METRIC {"actor":"Gatherer_01","delta":{"weapon":"Pistol"},"duration_sec":1.0,"frame":254,"goal":"weapon","result":"success","role":"forager","run_id":"lyra_ai_phase1","scene":"res://level/scenes/lyrasandbox.tscn","target":"AI_PistolPickup_01","time_sec":4.359,"type":"interaction_complete"}
AI_METRIC {"actor":"Gatherer_02","frame":326,"goal":"build","reason":"utility_available","role":"hauler","run_id":"lyra_ai_phase1","scene":"res://level/scenes/lyrasandbox.tscn","score":1.18,"scores":{"build":1.18,"combat":0.0,"explore":0.12,"food":0.40433333333333,"resource":0.88,"water":0.531499999999995,"weapon":0.92},"target":"BuildSite_Barricade_01","target_distance":18.7830562591553,"time_sec":4.96,"type":"decision"}
AI_METRIC {"actor":"Gatherer_02","frame":326,"goal":"build","reason":"nearest_available","result":"success","run_id":"lyra_ai_phase1","scene":"res://level/scenes/lyrasandbox.tscn","target":"BuildSite_Barricade_01","target_distance":18.7830562591553,"time_sec":4.96,"type":"reservation"}
AI_METRIC {"actor":"Gatherer_01","frame":329,"goal":"combat","reason":"utility_available","role":"forager","run_id":"lyra_ai_phase1","scene":"res://level/scenes/lyrasandbox.tscn","score":0.99,"scores":{"build":0.0,"combat":0.99,"explore":0.22,"food":0.55483333333333,"resource":0.68,"water":0.682249999999995,"weapon":0.05},"target":"AI_TargetDummy_01","target_distance":22.2755947113037,"time_sec":4.987,"type":"decision"}
AI_METRIC {"actor":"Gatherer_01","frame":329,"goal":"combat","reason":"nearest_available","result":"success","run_id":"lyra_ai_phase1","scene":"res://level/scenes/lyrasandbox.tscn","target":"AI_TargetDummy_01","target_distance":22.2755947113037,"time_sec":4.987,"type":"reservation"}
WEAPON_PICKUP: equipped Pistol
AI_METRIC {"actor":"Gatherer_04","delta":{"weapon":"Pistol"},"duration_sec":1.0,"frame":341,"goal":"weapon","result":"success","role":"forager","run_id":"lyra_ai_phase1","scene":"res://level/scenes/lyrasandbox.tscn","target":"PistolPickup_Ground","time_sec":5.091,"type":"interaction_complete"}
!!! DESTRUCTION COMPLETE
AI_METRIC {"actor":"Gatherer_04","frame":427,"goal":"combat","reason":"goal_targets_reserved","result":"failure","run_id":"lyra_ai_phase1","scene":"res://level/scenes/lyrasandbox.tscn","target":"","time_sec":5.802,"type":"reservation"}
AI_METRIC {"actor":"Gatherer_04","frame":427,"goal":"water","reason":"utility_available","role":"forager","run_id":"lyra_ai_phase1","scene":"res://level/scenes/lyrasandbox.tscn","score":0.706749999999994,"scores":{"build":0.0,"combat":0.99,"explore":0.22,"food":0.571166666666663,"resource":0.68,"water":0.706749999999994,"weapon":0.05},"target":"Water_02","target_distance":11.3878793716431,"time_sec":5.802,"type":"decision"}
AI_METRIC {"actor":"Gatherer_04","frame":427,"goal":"water","reason":"nearest_available","result":"success","run_id":"lyra_ai_phase1","scene":"res://level/scenes/lyrasandbox.tscn","target":"Water_02","target_distance":11.3878793716431,"time_sec":5.802,"type":"reservation"}
AI_METRIC {"active_ai_count":6,"decision_count":0,"fps":145.0,"frame":483,"frame_time_ms":6.89655172413793,"interaction_count":0,"physics_fps":120,"run_id":"lyra_ai_phase1","scene":"res://level/scenes/lyrasandbox.tscn","time_sec":6.27,"type":"frame_sample"}
WEAPON_PICKUP: equipped Rifle
AI_METRIC {"actor":"Gatherer_06","delta":{"weapon":"Rifle"},"duration_sec":1.0,"frame":492,"goal":"weapon","result":"success","role":"scout","run_id":"lyra_ai_phase1","scene":"res://level/scenes/lyrasandbox.tscn","target":"AI_RiflePickup_01","time_sec":6.347,"type":"interaction_complete"}
AI_METRIC {"actor":"Gatherer_06","frame":544,"goal":"explore","reason":"utility_available","role":"scout","run_id":"lyra_ai_phase1","scene":"res://level/scenes/lyrasandbox.tscn","score":1.1,"scores":{"build":0.0,"combat":0.86,"explore":1.1,"food":0.440666666666661,"resource":0.8,"water":0.585999999999992,"weapon":0.15},"target":"WP_CentralMarket","target_distance":4.5396203994751,"time_sec":6.781,"type":"decision"}
AI_METRIC {"actor":"Gatherer_06","frame":544,"goal":"explore","reason":"nearest_available","result":"success","run_id":"lyra_ai_phase1","scene":"res://level/scenes/lyrasandbox.tscn","target":"WP_CentralMarket","target_distance":4.5396203994751,"time_sec":6.781,"type":"reservation"}
AI_METRIC {"actor":"Gatherer_05","delta":{"resource_count":1},"duration_sec":1.0,"frame":583,"goal":"resource","result":"success","role":"hauler","run_id":"lyra_ai_phase1","scene":"res://level/scenes/lyrasandbox.tscn","target":"Resource_02","time_sec":7.106,"type":"interaction_complete"}
AI_METRIC {"actor":"Gatherer_05","frame":672,"goal":"build","reason":"utility_available","role":"hauler","run_id":"lyra_ai_phase1","scene":"res://level/scenes/lyrasandbox.tscn","score":1.18,"scores":{"build":1.18,"combat":0.0,"explore":0.12,"food":0.461999999999994,"resource":0.88,"water":0.61799999999999,"weapon":0.92},"target":"BuildSite_Barricade_01","target_distance":7.16711044311523,"time_sec":7.844,"type":"decision"}
AI_METRIC {"actor":"Gatherer_05","frame":672,"goal":"build","reason":"nearest_available","result":"success","run_id":"lyra_ai_phase1","scene":"res://level/scenes/lyrasandbox.tscn","target":"BuildSite_Barricade_01","target_distance":7.16711044311523,"time_sec":7.844,"type":"reservation"}
AI_METRIC {"active_ai_count":6,"decision_count":0,"fps":145.0,"frame":724,"frame_time_ms":6.89655172413793,"interaction_count":0,"physics_fps":120,"run_id":"lyra_ai_phase1","scene":"res://level/scenes/lyrasandbox.tscn","time_sec":8.278,"type":"frame_sample"}
AI_METRIC {"actor":"Gatherer_06","frame":742,"goal":"explore","position":{"x":17.9019966125488,"y":0.000418360170442611,"z":13.2423944473267},"role":"scout","run_id":"lyra_ai_phase1","scene":"res://level/scenes/lyrasandbox.tscn","target":"WP_CentralMarket","time_sec":8.43,"type":"route_visit","visit_count":1}
AI_METRIC {"actor":"Gatherer_06","delta":{"route_visit_count":1,"waypoint":"WP_CentralMarket"},"duration_sec":1.0,"frame":742,"goal":"explore","result":"success","role":"scout","run_id":"lyra_ai_phase1","scene":"res://level/scenes/lyrasandbox.tscn","target":"WP_CentralMarket","time_sec":8.43,"type":"interaction_complete"}
AI_METRIC {"actor":"Gatherer_06","frame":822,"goal":"explore","reason":"utility_available","role":"scout","run_id":"lyra_ai_phase1","scene":"res://level/scenes/lyrasandbox.tscn","score":1.1,"scores":{"build":0.0,"combat":0.86,"explore":1.1,"food":0.486999999999992,"resource":0.8,"water":0.655499999999993,"weapon":0.15},"target":"WP_SpawnLane","target_distance":12.9428434371948,"time_sec":9.095,"type":"decision"}
AI_METRIC {"actor":"Gatherer_06","frame":822,"goal":"explore","reason":"nearest_available","result":"success","run_id":"lyra_ai_phase1","scene":"res://level/scenes/lyrasandbox.tscn","target":"WP_SpawnLane","target_distance":12.9428434371948,"time_sec":9.095,"type":"reservation"}
WEAPON_PICKUP: equipped Pistol
AI_METRIC {"actor":"Gatherer_03","delta":{"weapon":"Pistol"},"duration_sec":1.0,"frame":882,"goal":"weapon","result":"success","role":"scout","run_id":"lyra_ai_phase1","scene":"res://level/scenes/lyrasandbox.tscn","target":"AI_PistolPickup_02","time_sec":9.598,"type":"interaction_complete"}
AI_METRIC {"actor":"Gatherer_05","delivered_resources":1,"frame":894,"goal":"build","is_complete":false,"position":{"x":17.959508895874,"y":0.00041826709639281,"z":16.8677024841309},"required_resources":2,"role":"hauler","run_id":"lyra_ai_phase1","scene":"res://level/scenes/lyrasandbox.tscn","target":"BuildSite_Barricade_01","time_sec":9.695,"type":"build_started"}
AI_METRIC {"actor":"Gatherer_05","delivered_resources":1,"frame":894,"goal":"build","is_complete":false,"position":{"x":17.959508895874,"y":0.00041826709639281,"z":16.8677024841309},"required_resources":2,"role":"hauler","run_id":"lyra_ai_phase1","scene":"res://level/scenes/lyrasandbox.tscn","target":"BuildSite_Barricade_01","time_sec":9.695,"type":"build_resource_delivered"}
AI_METRIC {"actor":"Gatherer_05","delta":{"actor":"Gatherer_05","build":"delivered","delivered_resources":1,"is_complete":false,"required_resources":2,"resource_count":-1,"target":"BuildSite_Barricade_01"},"duration_sec":1.0,"frame":894,"goal":"build","result":"success","role":"hauler","run_id":"lyra_ai_phase1","scene":"res://level/scenes/lyrasandbox.tscn","target":"BuildSite_Barricade_01","time_sec":9.695,"type":"interaction_complete"}
AI_METRIC {"actor":"Gatherer_01","damage":15.0,"distance_to_target":10.1080913543701,"frame":902,"goal":"combat","result":"hit","role":"forager","run_id":"lyra_ai_phase1","scene":"res://level/scenes/lyrasandbox.tscn","target":"AI_TargetDummy_01","time_sec":9.764,"type":"shot_fired","weapon":"Pistol"}
AI_METRIC {"actor":"Gatherer_01","delta":{"damage":15.0,"shot":"hit","weapon":"Pistol"},"duration_sec":1.0,"frame":902,"goal":"combat","result":"success","role":"forager","run_id":"lyra_ai_phase1","scene":"res://level/scenes/lyrasandbox.tscn","target":"AI_TargetDummy_01","time_sec":9.764,"type":"interaction_complete"}
AI_METRIC {"actor":"Gatherer_04","delta":{"thirst":-65.0},"duration_sec":1.0,"frame":929,"goal":"water","result":"success","role":"forager","run_id":"lyra_ai_phase1","scene":"res://level/scenes/lyrasandbox.tscn","target":"Water_02","time_sec":9.985,"type":"interaction_complete"}
AI_METRIC {"actor":"Gatherer_01","frame":945,"goal":"combat","reason":"utility_available","role":"forager","run_id":"lyra_ai_phase1","scene":"res://level/scenes/lyrasandbox.tscn","score":0.99,"scores":{"build":0.0,"combat":0.99,"explore":0.22,"food":0.657499999999991,"resource":0.68,"water":0.83625,"weapon":0.05},"target":"AI_TargetDummy_01","target_distance":10.2520589828491,"time_sec":10.123,"type":"decision"}
AI_METRIC {"actor":"Gatherer_01","frame":945,"goal":"combat","reason":"nearest_available","result":"success","run_id":"lyra_ai_phase1","scene":"res://level/scenes/lyrasandbox.tscn","target":"AI_TargetDummy_01","target_distance":10.2520589828491,"time_sec":10.123,"type":"reservation"}
AI_METRIC {"actor":"Gatherer_05","frame":954,"goal":"resource","reason":"utility_available","role":"hauler","run_id":"lyra_ai_phase1","scene":"res://level/scenes/lyrasandbox.tscn","score":0.98,"scores":{"build":0.2,"combat":0.0,"explore":0.12,"food":0.508999999999991,"resource":0.98,"water":0.6885,"weapon":0.92},"target":"Resource_02","target_distance":1.61298525333405,"time_sec":10.198,"type":"decision"}
AI_METRIC {"actor":"Gatherer_05","frame":954,"goal":"resource","reason":"nearest_available","result":"success","run_id":"lyra_ai_phase1","scene":"res://level/scenes/lyrasandbox.tscn","target":"Resource_02","target_distance":1.61298525333405,"time_sec":10.199,"type":"reservation"}
AI_METRIC {"active_ai_count":6,"decision_count":0,"fps":145.0,"frame":965,"frame_time_ms":6.89655172413793,"interaction_count":0,"physics_fps":120,"run_id":"lyra_ai_phase1","scene":"res://level/scenes/lyrasandbox.tscn","time_sec":10.288,"type":"frame_sample"}
AI_METRIC {"actor":"Gatherer_02","delivered_resources":2,"frame":984,"goal":"build","is_complete":true,"position":{"x":17.4149856567383,"y":0.000418329378589988,"z":17.5587158203125},"required_resources":2,"role":"hauler","run_id":"lyra_ai_phase1","scene":"res://level/scenes/lyrasandbox.tscn","target":"BuildSite_Barricade_01","time_sec":10.447,"type":"build_resource_delivered"}
AI_METRIC {"actor":"Gatherer_02","delivered_resources":2,"frame":984,"goal":"build","is_complete":true,"position":{"x":17.4149856567383,"y":0.000418329378589988,"z":17.5587158203125},"required_resources":2,"role":"hauler","run_id":"lyra_ai_phase1","scene":"res://level/scenes/lyrasandbox.tscn","target":"BuildSite_Barricade_01","time_sec":10.447,"type":"build_completed"}
AI_METRIC {"actor":"Gatherer_02","delta":{"actor":"Gatherer_02","build":"completed","delivered_resources":2,"is_complete":true,"required_resources":2,"resource_count":-1,"target":"BuildSite_Barricade_01"},"duration_sec":1.0,"frame":984,"goal":"build","result":"success","role":"hauler","run_id":"lyra_ai_phase1","scene":"res://level/scenes/lyrasandbox.tscn","target":"BuildSite_Barricade_01","time_sec":10.447,"type":"interaction_complete"}
AI_METRIC {"actor":"Gatherer_03","frame":1002,"goal":"explore","reason":"utility_available","role":"scout","run_id":"lyra_ai_phase1","scene":"res://level/scenes/lyrasandbox.tscn","score":1.1,"scores":{"build":0.0,"combat":0.86,"explore":1.1,"food":0.51699999999999,"resource":0.8,"water":0.700500000000003,"weapon":0.15},"target":"WP_CentralMarket","target_distance":5.86408138275146,"time_sec":10.599,"type":"decision"}
AI_METRIC {"actor":"Gatherer_03","frame":1002,"goal":"explore","reason":"nearest_available","result":"success","run_id":"lyra_ai_phase1","scene":"res://level/scenes/lyrasandbox.tscn","target":"WP_CentralMarket","target_distance":5.86408138275146,"time_sec":10.599,"type":"reservation"}
AI_METRIC {"actor":"Gatherer_04","frame":1013,"goal":"combat","reason":"utility_available","role":"forager","run_id":"lyra_ai_phase1","scene":"res://level/scenes/lyrasandbox.tscn","score":0.99,"scores":{"build":0.0,"combat":0.99,"explore":0.22,"food":0.668833333333324,"resource":0.68,"water":0.203249999999999,"weapon":0.05},"target":"AI_TargetDummy_01","target_distance":16.6402568817139,"time_sec":10.688,"type":"decision"}
AI_METRIC {"actor":"Gatherer_04","frame":1013,"goal":"combat","reason":"nearest_available","result":"success","run_id":"lyra_ai_phase1","scene":"res://level/scenes/lyrasandbox.tscn","target":"AI_TargetDummy_01","target_distance":16.6402568817139,"time_sec":10.688,"type":"reservation"}
AI_METRIC {"actor":"Gatherer_02","frame":1047,"goal":"resource","reason":"utility_available","role":"hauler","run_id":"lyra_ai_phase1","scene":"res://level/scenes/lyrasandbox.tscn","score":0.98,"scores":{"build":0.2,"combat":0.0,"explore":0.12,"food":0.52449999999999,"resource":0.98,"water":0.711750000000006,"weapon":0.92},"target":"Resource_03","target_distance":6.28944683074951,"time_sec":10.971,"type":"decision"}
AI_METRIC {"actor":"Gatherer_02","frame":1047,"goal":"resource","reason":"nearest_available","result":"success","run_id":"lyra_ai_phase1","scene":"res://level/scenes/lyrasandbox.tscn","target":"Resource_03","target_distance":6.28944683074951,"time_sec":10.971,"type":"reservation"}
AI_METRIC {"actor":"Gatherer_01","damage":15.0,"distance_to_target":10.1080913543701,"frame":1067,"goal":"combat","result":"hit","role":"forager","run_id":"lyra_ai_phase1","scene":"res://level/scenes/lyrasandbox.tscn","target":"AI_TargetDummy_01","time_sec":11.137,"type":"shot_fired","weapon":"Pistol"}
AI_METRIC {"actor":"Gatherer_01","delta":{"damage":15.0,"shot":"hit","weapon":"Pistol"},"duration_sec":1.0,"frame":1067,"goal":"combat","result":"success","role":"forager","run_id":"lyra_ai_phase1","scene":"res://level/scenes/lyrasandbox.tscn","target":"AI_TargetDummy_01","time_sec":11.137,"type":"interaction_complete"}
AI_METRIC {"actor":"Gatherer_05","delta":{"resource_count":1},"duration_sec":1.0,"frame":1089,"goal":"resource","result":"success","role":"hauler","run_id":"lyra_ai_phase1","scene":"res://level/scenes/lyrasandbox.tscn","target":"Resource_02","time_sec":11.323,"type":"interaction_complete"}
AI_METRIC {"actor":"Gatherer_05","frame":1145,"goal":"weapon","reason":"goal_targets_reserved","result":"failure","run_id":"lyra_ai_phase1","scene":"res://level/scenes/lyrasandbox.tscn","target":"","time_sec":11.785,"type":"reservation"}
AI_METRIC {"actor":"Gatherer_05","frame":1145,"goal":"resource","reason":"utility_available","role":"hauler","run_id":"lyra_ai_phase1","scene":"res://level/scenes/lyrasandbox.tscn","score":0.88,"scores":{"build":0.2,"combat":0.0,"explore":0.12,"food":0.540833333333323,"resource":0.88,"water":0.736250000000011,"weapon":0.92},"target":"Resource_02","target_distance":1.27676641941071,"time_sec":11.785,"type":"decision"}
AI_METRIC {"actor":"Gatherer_05","frame":1145,"goal":"resource","reason":"nearest_available","result":"success","run_id":"lyra_ai_phase1","scene":"res://level/scenes/lyrasandbox.tscn","target":"Resource_02","target_distance":1.27676641941071,"time_sec":11.786,"type":"reservation"}
AI_METRIC {"actor":"Gatherer_01","frame":1180,"goal":"combat","reason":"utility_available","role":"forager","run_id":"lyra_ai_phase1","scene":"res://level/scenes/lyrasandbox.tscn","score":0.99,"scores":{"build":0.0,"combat":0.99,"explore":0.22,"food":0.696666666666656,"resource":0.68,"water":0.895000000000013,"weapon":0.05},"target":"AI_TargetDummy_01","target_distance":10.2520589828491,"time_sec":12.082,"type":"decision"}
AI_METRIC {"actor":"Gatherer_01","frame":1180,"goal":"combat","reason":"nearest_available","result":"success","run_id":"lyra_ai_phase1","scene":"res://level/scenes/lyrasandbox.tscn","target":"AI_TargetDummy_01","target_distance":10.2520589828491,"time_sec":12.082,"type":"reservation"}
AI_METRIC {"active_ai_count":6,"decision_count":0,"fps":145.0,"frame":1206,"frame_time_ms":6.89655172413793,"interaction_count":0,"physics_fps":120,"run_id":"lyra_ai_phase1","scene":"res://level/scenes/lyrasandbox.tscn","time_sec":12.296,"type":"frame_sample"}
AI_METRIC {"actor":"Gatherer_03","frame":1250,"goal":"explore","position":{"x":21.3698844909668,"y":0.000418301904574037,"z":16.8328895568848},"role":"scout","run_id":"lyra_ai_phase1","scene":"res://level/scenes/lyrasandbox.tscn","target":"WP_CentralMarket","time_sec":12.662,"type":"route_visit","visit_count":1}
AI_METRIC {"actor":"Gatherer_03","delta":{"route_visit_count":1,"waypoint":"WP_CentralMarket"},"duration_sec":1.0,"frame":1250,"goal":"explore","result":"success","role":"scout","run_id":"lyra_ai_phase1","scene":"res://level/scenes/lyrasandbox.tscn","target":"WP_CentralMarket","time_sec":12.662,"type":"interaction_complete"}
AI_METRIC {"actor":"Gatherer_05","delta":{"resource_count":1},"duration_sec":1.0,"frame":1267,"goal":"resource","result":"success","role":"hauler","run_id":"lyra_ai_phase1","scene":"res://level/scenes/lyrasandbox.tscn","target":"Resource_02","time_sec":12.807,"type":"interaction_complete"}
AI_METRIC {"actor":"Gatherer_01","damage":15.0,"distance_to_target":10.1080913543701,"frame":1302,"goal":"combat","result":"hit","role":"forager","run_id":"lyra_ai_phase1","scene":"res://level/scenes/lyrasandbox.tscn","target":"AI_TargetDummy_01","time_sec":13.096,"type":"shot_fired","weapon":"Pistol"}
AI_METRIC {"actor":"Gatherer_01","delta":{"damage":15.0,"shot":"hit","weapon":"Pistol"},"duration_sec":1.0,"frame":1302,"goal":"combat","result":"success","role":"forager","run_id":"lyra_ai_phase1","scene":"res://level/scenes/lyrasandbox.tscn","target":"AI_TargetDummy_01","time_sec":13.097,"type":"interaction_complete"}
AI_METRIC {"actor":"Gatherer_03","frame":1312,"goal":"explore","reason":"utility_available","role":"scout","run_id":"lyra_ai_phase1","scene":"res://level/scenes/lyrasandbox.tscn","score":1.1,"scores":{"build":0.0,"combat":0.86,"explore":1.1,"food":0.568666666666654,"resource":0.8,"water":0.778000000000021,"weapon":0.15},"target":"WP_EastOuter","target_distance":26.8086376190186,"time_sec":13.179,"type":"decision"}
AI_METRIC {"actor":"Gatherer_03","frame":1312,"goal":"explore","reason":"nearest_available","result":"success","run_id":"lyra_ai_phase1","scene":"res://level/scenes/lyrasandbox.tscn","target":"WP_EastOuter","target_distance":26.8086376190186,"time_sec":13.18,"type":"reservation"}
AI_METRIC {"actor":"Gatherer_05","frame":1333,"goal":"weapon","reason":"goal_targets_reserved","result":"failure","run_id":"lyra_ai_phase1","scene":"res://level/scenes/lyrasandbox.tscn","target":"","time_sec":13.359,"type":"reservation"}
AI_METRIC {"actor":"Gatherer_05","frame":1333,"goal":"water","reason":"utility_available","role":"hauler","run_id":"lyra_ai_phase1","scene":"res://level/scenes/lyrasandbox.tscn","score":0.783250000000022,"scores":{"build":0.2,"combat":0.0,"explore":0.12,"food":0.572166666666654,"resource":0.78,"water":0.783250000000022,"weapon":0.92},"target":"Water_01","target_distance":9.57910346984863,"time_sec":13.359,"type":"decision"}
AI_METRIC {"actor":"Gatherer_05","frame":1333,"goal":"water","reason":"nearest_available","result":"success","run_id":"lyra_ai_phase1","scene":"res://level/scenes/lyrasandbox.tscn","target":"Water_01","target_distance":9.57910346984863,"time_sec":13.359,"type":"reservation"}
AI_METRIC {"actor":"Gatherer_06","frame":1336,"goal":"explore","position":{"x":8.02663135528564,"y":0.000418322102632374,"z":9.814772605896},"role":"scout","run_id":"lyra_ai_phase1","scene":"res://level/scenes/lyrasandbox.tscn","target":"WP_SpawnLane","time_sec":13.379,"type":"route_visit","visit_count":2}
AI_METRIC {"actor":"Gatherer_06","delta":{"route_visit_count":2,"waypoint":"WP_SpawnLane"},"duration_sec":1.0,"frame":1336,"goal":"explore","result":"success","role":"scout","run_id":"lyra_ai_phase1","scene":"res://level/scenes/lyrasandbox.tscn","target":"WP_SpawnLane","time_sec":13.379,"type":"interaction_complete"}
AI_METRIC {"actor":"Gatherer_02","delta":{"resource_count":1},"duration_sec":1.0,"frame":1358,"goal":"resource","result":"success","role":"hauler","run_id":"lyra_ai_phase1","scene":"res://level/scenes/lyrasandbox.tscn","target":"Resource_03","time_sec":13.566,"type":"interaction_complete"}
AI_METRIC {"actor":"Gatherer_04","damage":15.0,"distance_to_target":10.0985460281372,"frame":1375,"goal":"combat","result":"hit","role":"forager","run_id":"lyra_ai_phase1","scene":"res://level/scenes/lyrasandbox.tscn","target":"AI_TargetDummy_01","time_sec":13.704,"type":"shot_fired","weapon":"Pistol"}
AI_METRIC {"actor":"Gatherer_04","delta":{"damage":15.0,"shot":"hit","weapon":"Pistol"},"duration_sec":1.0,"frame":1375,"goal":"combat","result":"success","role":"forager","run_id":"lyra_ai_phase1","scene":"res://level/scenes/lyrasandbox.tscn","target":"AI_TargetDummy_01","time_sec":13.704,"type":"interaction_complete"}
AI_METRIC {"actor":"Gatherer_01","frame":1389,"goal":"combat","reason":"utility_available","role":"forager","run_id":"lyra_ai_phase1","scene":"res://level/scenes/lyrasandbox.tscn","score":0.99,"scores":{"build":0.0,"combat":0.99,"explore":0.22,"food":0.731499999999987,"resource":0.68,"water":0.947250000000025,"weapon":0.05},"target":"AI_TargetDummy_01","target_distance":10.2520589828491,"time_sec":13.821,"type":"decision"}
AI_METRIC {"actor":"Gatherer_01","frame":1389,"goal":"combat","reason":"nearest_available","result":"success","run_id":"lyra_ai_phase1","scene":"res://level/scenes/lyrasandbox.tscn","target":"AI_TargetDummy_01","target_distance":10.2520589828491,"time_sec":13.821,"type":"reservation"}
AI_METRIC {"actor":"Gatherer_06","frame":1399,"goal":"explore","reason":"goal_targets_reserved","result":"failure","run_id":"lyra_ai_phase1","scene":"res://level/scenes/lyrasandbox.tscn","target":"","time_sec":13.904,"type":"reservation"}
AI_METRIC {"actor":"Gatherer_06","frame":1399,"goal":"combat","reason":"utility_available","role":"scout","run_id":"lyra_ai_phase1","scene":"res://level/scenes/lyrasandbox.tscn","score":0.86,"scores":{"build":0.0,"combat":0.86,"explore":1.1,"food":0.583166666666653,"resource":0.8,"water":0.799750000000026,"weapon":0.15},"target":"AI_TargetDummy_01","target_distance":19.6676025390625,"time_sec":13.904,"type":"decision"}
AI_METRIC {"actor":"Gatherer_06","frame":1399,"goal":"combat","reason":"nearest_available","result":"success","run_id":"lyra_ai_phase1","scene":"res://level/scenes/lyrasandbox.tscn","target":"AI_TargetDummy_01","target_distance":19.6676025390625,"time_sec":13.904,"type":"reservation"}
AI_METRIC {"actor":"Gatherer_02","frame":1421,"goal":"weapon","reason":"goal_targets_reserved","result":"failure","run_id":"lyra_ai_phase1","scene":"res://level/scenes/lyrasandbox.tscn","target":"","time_sec":14.09,"type":"reservation"}
AI_METRIC {"actor":"Gatherer_02","frame":1421,"goal":"resource","reason":"utility_available","role":"hauler","run_id":"lyra_ai_phase1","scene":"res://level/scenes/lyrasandbox.tscn","score":0.88,"scores":{"build":0.2,"combat":0.0,"explore":0.12,"food":0.58683333333332,"resource":0.88,"water":0.805250000000027,"weapon":0.92},"target":"Resource_03","target_distance":1.28787815570831,"time_sec":14.09,"type":"decision"}
AI_METRIC {"actor":"Gatherer_02","frame":1421,"goal":"resource","reason":"nearest_available","result":"success","run_id":"lyra_ai_phase1","scene":"res://level/scenes/lyrasandbox.tscn","target":"Resource_03","target_distance":1.28787815570831,"time_sec":14.09,"type":"reservation"}
AI_METRIC {"actor":"Gatherer_04","frame":1431,"goal":"combat","reason":"utility_available","role":"forager","run_id":"lyra_ai_phase1","scene":"res://level/scenes/lyrasandbox.tscn","score":0.99,"scores":{"build":0.0,"combat":0.99,"explore":0.22,"food":0.738499999999987,"resource":0.68,"water":0.30775,"weapon":0.05},"target":"AI_TargetDummy_01","target_distance":10.242506980896,"time_sec":14.173,"type":"decision"}
AI_METRIC {"actor":"Gatherer_04","frame":1431,"goal":"combat","reason":"nearest_available","result":"success","run_id":"lyra_ai_phase1","scene":"res://level/scenes/lyrasandbox.tscn","target":"AI_TargetDummy_01","target_distance":10.242506980896,"time_sec":14.173,"type":"reservation"}
AI_METRIC {"active_ai_count":6,"decision_count":0,"fps":145.0,"frame":1447,"frame_time_ms":6.89655172413793,"interaction_count":0,"physics_fps":120,"run_id":"lyra_ai_phase1","scene":"res://level/scenes/lyrasandbox.tscn","time_sec":14.304,"type":"frame_sample"}
AI_METRIC {"actor":"Gatherer_01","damage":15.0,"distance_to_target":10.1080913543701,"frame":1511,"goal":"combat","result":"hit","role":"forager","run_id":"lyra_ai_phase1","scene":"res://level/scenes/lyrasandbox.tscn","target":"AI_TargetDummy_01","time_sec":14.842,"type":"shot_fired","weapon":"Pistol"}
AI_METRIC {"actor":"Gatherer_01","delta":{"damage":15.0,"shot":"hit","weapon":"Pistol"},"duration_sec":1.0,"frame":1511,"goal":"combat","result":"success","role":"forager","run_id":"lyra_ai_phase1","scene":"res://level/scenes/lyrasandbox.tscn","target":"AI_TargetDummy_01","time_sec":14.842,"type":"interaction_complete"}
AI_METRIC {"actor":"Gatherer_02","delta":{"resource_count":1},"duration_sec":1.0,"frame":1543,"goal":"resource","result":"success","role":"hauler","run_id":"lyra_ai_phase1","scene":"res://level/scenes/lyrasandbox.tscn","target":"Resource_03","time_sec":15.104,"type":"interaction_complete"}
AI_METRIC {"actor":"Gatherer_04","damage":15.0,"distance_to_target":10.0985460281372,"frame":1553,"goal":"combat","result":"hit","role":"forager","run_id":"lyra_ai_phase1","scene":"res://level/scenes/lyrasandbox.tscn","target":"AI_TargetDummy_01","time_sec":15.187,"type":"shot_fired","weapon":"Pistol"}
AI_METRIC {"actor":"Gatherer_04","delta":{"damage":15.0,"shot":"hit","weapon":"Pistol"},"duration_sec":1.0,"frame":1553,"goal":"combat","result":"success","role":"forager","run_id":"lyra_ai_phase1","scene":"res://level/scenes/lyrasandbox.tscn","target":"AI_TargetDummy_01","time_sec":15.187,"type":"interaction_complete"}
AI_METRIC {"actor":"Gatherer_02","frame":1605,"goal":"weapon","reason":"goal_targets_reserved","result":"failure","run_id":"lyra_ai_phase1","scene":"res://level/scenes/lyrasandbox.tscn","target":"","time_sec":15.622,"type":"reservation"}
AI_METRIC {"actor":"Gatherer_02","frame":1605,"goal":"water","reason":"utility_available","role":"hauler","run_id":"lyra_ai_phase1","scene":"res://level/scenes/lyrasandbox.tscn","score":0.851250000000037,"scores":{"build":0.2,"combat":0.0,"explore":0.12,"food":0.617499999999985,"resource":0.78,"water":0.851250000000037,"weapon":0.92},"target":"Water_03","target_distance":6.90286874771118,"time_sec":15.622,"type":"decision"}
AI_METRIC {"actor":"Gatherer_02","frame":1605,"goal":"water","reason":"nearest_available","result":"success","run_id":"lyra_ai_phase1","scene":"res://level/scenes/lyrasandbox.tscn","target":"Water_03","target_distance":6.90286874771118,"time_sec":15.622,"type":"reservation"}
AI_METRIC {"actor":"Gatherer_01","frame":1606,"goal":"water","reason":"utility_available","role":"forager","run_id":"lyra_ai_phase1","scene":"res://level/scenes/lyrasandbox.tscn","score":1.0,"scores":{"build":0.0,"combat":0.99,"explore":0.22,"food":0.767666666666652,"resource":0.68,"water":1.0,"weapon":0.05},"target":"Water_02","target_distance":5.24197387695313,"time_sec":15.636,"type":"decision"}
AI_METRIC {"actor":"Gatherer_01","frame":1606,"goal":"water","reason":"nearest_available","result":"success","run_id":"lyra_ai_phase1","scene":"res://level/scenes/lyrasandbox.tscn","target":"Water_02","target_distance":5.24197387695313,"time_sec":15.636,"type":"reservation"}
AI_METRIC {"actor":"Gatherer_04","frame":1656,"goal":"combat","reason":"utility_available","role":"forager","run_id":"lyra_ai_phase1","scene":"res://level/scenes/lyrasandbox.tscn","score":0.99,"scores":{"build":0.0,"combat":0.99,"explore":0.22,"food":0.775999999999984,"resource":0.68,"water":0.363999999999997,"weapon":0.05},"target":"AI_TargetDummy_01","target_distance":10.242506980896,"time_sec":16.05,"type":"decision"}
AI_METRIC {"actor":"Gatherer_04","frame":1656,"goal":"combat","reason":"nearest_available","result":"success","run_id":"lyra_ai_phase1","scene":"res://level/scenes/lyrasandbox.tscn","target":"AI_TargetDummy_01","target_distance":10.242506980896,"time_sec":16.05,"type":"reservation"}
AI_METRIC {"active_ai_count":6,"decision_count":0,"fps":145.0,"frame":1688,"frame_time_ms":6.89655172413793,"interaction_count":0,"physics_fps":120,"run_id":"lyra_ai_phase1","scene":"res://level/scenes/lyrasandbox.tscn","time_sec":16.319,"type":"frame_sample"}
AI_METRIC {"actor":"Gatherer_05","delta":{"thirst":-65.0},"duration_sec":1.0,"frame":1768,"goal":"water","result":"success","role":"hauler","run_id":"lyra_ai_phase1","scene":"res://level/scenes/lyrasandbox.tscn","target":"Water_01","time_sec":16.981,"type":"interaction_complete"}
AI_METRIC {"actor":"Gatherer_04","damage":15.0,"distance_to_target":10.0985460281372,"frame":1778,"goal":"combat","result":"hit","role":"forager","run_id":"lyra_ai_phase1","scene":"res://level/scenes/lyrasandbox.tscn","target":"AI_TargetDummy_01","time_sec":17.064,"type":"shot_fired","weapon":"Pistol"}
AI_METRIC {"actor":"Gatherer_04","delta":{"damage":15.0,"shot":"hit","weapon":"Pistol"},"duration_sec":1.0,"frame":1778,"goal":"combat","result":"success","role":"forager","run_id":"lyra_ai_phase1","scene":"res://level/scenes/lyrasandbox.tscn","target":"AI_TargetDummy_01","time_sec":17.064,"type":"interaction_complete"}
AI_METRIC {"actor":"Gatherer_05","frame":1821,"goal":"weapon","reason":"goal_targets_reserved","result":"failure","run_id":"lyra_ai_phase1","scene":"res://level/scenes/lyrasandbox.tscn","target":"","time_sec":17.423,"type":"reservation"}
AI_METRIC {"actor":"Gatherer_05","frame":1821,"goal":"resource","reason":"utility_available","role":"hauler","run_id":"lyra_ai_phase1","scene":"res://level/scenes/lyrasandbox.tscn","score":0.78,"scores":{"build":0.2,"combat":0.0,"explore":0.12,"food":0.653499999999983,"resource":0.78,"water":0.255250000000046,"weapon":0.92},"target":"Resource_02","target_distance":8.09758853912354,"time_sec":17.423,"type":"decision"}
AI_METRIC {"actor":"Gatherer_05","frame":1821,"goal":"resource","reason":"nearest_available","result":"success","run_id":"lyra_ai_phase1","scene":"res://level/scenes/lyrasandbox.tscn","target":"Resource_02","target_distance":8.09758853912354,"time_sec":17.423,"type":"reservation"}
AI_METRIC {"actor":"Gatherer_04","frame":1832,"goal":"combat","reason":"utility_available","role":"forager","run_id":"lyra_ai_phase1","scene":"res://level/scenes/lyrasandbox.tscn","score":0.99,"scores":{"build":0.0,"combat":0.99,"explore":0.22,"food":0.805333333333316,"resource":0.68,"water":0.407999999999995,"weapon":0.05},"target":"AI_TargetDummy_01","target_distance":10.242506980896,"time_sec":17.519,"type":"decision"}
AI_METRIC {"actor":"Gatherer_04","frame":1832,"goal":"combat","reason":"nearest_available","result":"success","run_id":"lyra_ai_phase1","scene":"res://level/scenes/lyrasandbox.tscn","target":"AI_TargetDummy_01","target_distance":10.242506980896,"time_sec":17.52,"type":"reservation"}
AI_METRIC {"actor":"Gatherer_06","damage":25.0,"distance_to_target":10.0864715576172,"frame":1875,"goal":"combat","result":"hit","role":"scout","run_id":"lyra_ai_phase1","scene":"res://level/scenes/lyrasandbox.tscn","target":"AI_TargetDummy_01","time_sec":17.878,"type":"shot_fired","weapon":"Rifle"}
AI_METRIC {"actor":"Gatherer_06","delta":{"damage":25.0,"shot":"hit","weapon":"Rifle"},"duration_sec":1.0,"frame":1875,"goal":"combat","result":"success","role":"scout","run_id":"lyra_ai_phase1","scene":"res://level/scenes/lyrasandbox.tscn","target":"AI_TargetDummy_01","time_sec":17.878,"type":"interaction_complete"}
AI_METRIC {"actor":"Gatherer_01","delta":{"thirst":-65.0},"duration_sec":1.0,"frame":1878,"goal":"water","result":"success","role":"forager","run_id":"lyra_ai_phase1","scene":"res://level/scenes/lyrasandbox.tscn","target":"Water_02","time_sec":17.899,"type":"interaction_complete"}
AI_METRIC {"actor":"Gatherer_06","frame":1928,"goal":"explore","reason":"utility_available","role":"scout","run_id":"lyra_ai_phase1","scene":"res://level/scenes/lyrasandbox.tscn","score":1.1,"scores":{"build":0.0,"combat":0.86,"explore":1.1,"food":0.671333333333315,"resource":0.8,"water":0.932000000000056,"weapon":0.15},"target":"WP_CentralMarket","target_distance":5.3503851890564,"time_sec":18.32,"type":"decision"}
AI_METRIC {"actor":"Gatherer_06","frame":1928,"goal":"explore","reason":"nearest_available","result":"success","run_id":"lyra_ai_phase1","scene":"res://level/scenes/lyrasandbox.tscn","target":"WP_CentralMarket","target_distance":5.3503851890564,"time_sec":18.32,"type":"reservation"}
AI_METRIC {"active_ai_count":6,"decision_count":0,"fps":145.0,"frame":1929,"frame_time_ms":6.89655172413793,"interaction_count":0,"physics_fps":120,"run_id":"lyra_ai_phase1","scene":"res://level/scenes/lyrasandbox.tscn","time_sec":18.326,"type":"frame_sample"}
AI_METRIC {"actor":"Gatherer_02","delta":{"thirst":-65.0},"duration_sec":1.0,"frame":1939,"goal":"water","result":"success","role":"hauler","run_id":"lyra_ai_phase1","scene":"res://level/scenes/lyrasandbox.tscn","target":"Water_03","time_sec":18.409,"type":"interaction_complete"}
AI_METRIC {"actor":"Gatherer_01","frame":1948,"goal":"combat","reason":"utility_available","role":"forager","run_id":"lyra_ai_phase1","scene":"res://level/scenes/lyrasandbox.tscn","score":0.99,"scores":{"build":0.0,"combat":0.99,"explore":0.22,"food":0.824666666666648,"resource":0.68,"water":0.437000000000052,"weapon":0.05},"target":"AI_TargetDummy_01","target_distance":14.1893539428711,"time_sec":18.485,"type":"decision"}
AI_METRIC {"actor":"Gatherer_01","frame":1948,"goal":"combat","reason":"nearest_available","result":"success","run_id":"lyra_ai_phase1","scene":"res://level/scenes/lyrasandbox.tscn","target":"AI_TargetDummy_01","target_distance":14.1893539428711,"time_sec":18.485,"type":"reservation"}
AI_METRIC {"actor":"Gatherer_04","damage":15.0,"distance_to_target":10.0985460281372,"frame":1954,"goal":"combat","result":"hit","role":"forager","run_id":"lyra_ai_phase1","scene":"res://level/scenes/lyrasandbox.tscn","target":"AI_TargetDummy_01","time_sec":18.534,"type":"shot_fired","weapon":"Pistol"}
AI_METRIC {"actor":"Gatherer_04","delta":{"damage":15.0,"shot":"hit","weapon":"Pistol"},"duration_sec":1.0,"frame":1954,"goal":"combat","result":"success","role":"forager","run_id":"lyra_ai_phase1","scene":"res://level/scenes/lyrasandbox.tscn","target":"AI_TargetDummy_01","time_sec":18.534,"type":"interaction_complete"}
AI_METRIC {"actor":"Gatherer_04","frame":2003,"goal":"combat","reason":"utility_available","role":"forager","run_id":"lyra_ai_phase1","scene":"res://level/scenes/lyrasandbox.tscn","score":0.99,"scores":{"build":0.0,"combat":0.99,"explore":0.22,"food":0.833833333333314,"resource":0.68,"water":0.450749999999992,"weapon":0.05},"target":"AI_TargetDummy_01","target_distance":10.242506980896,"time_sec":18.941,"type":"decision"}
AI_METRIC {"actor":"Gatherer_04","frame":2003,"goal":"combat","reason":"nearest_available","result":"success","run_id":"lyra_ai_phase1","scene":"res://level/scenes/lyrasandbox.tscn","target":"AI_TargetDummy_01","target_distance":10.242506980896,"time_sec":18.941,"type":"reservation"}
AI_METRIC {"actor":"Gatherer_02","frame":2046,"goal":"weapon","reason":"goal_targets_reserved","result":"failure","run_id":"lyra_ai_phase1","scene":"res://level/scenes/lyrasandbox.tscn","target":"","time_sec":19.299,"type":"reservation"}
AI_METRIC {"actor":"Gatherer_02","frame":2046,"goal":"resource","reason":"utility_available","role":"hauler","run_id":"lyra_ai_phase1","scene":"res://level/scenes/lyrasandbox.tscn","score":0.78,"scores":{"build":0.2,"combat":0.0,"explore":0.12,"food":0.690999999999981,"resource":0.78,"water":0.311500000000055,"weapon":0.92},"target":"Resource_03","target_distance":5.1115083694458,"time_sec":19.3,"type":"decision"}
AI_METRIC {"actor":"Gatherer_02","frame":2046,"goal":"resource","reason":"nearest_available","result":"success","run_id":"lyra_ai_phase1","scene":"res://level/scenes/lyrasandbox.tscn","target":"Resource_03","target_distance":5.1115083694458,"time_sec":19.3,"type":"reservation"}
AI_METRIC {"actor":"Gatherer_04","damage":15.0,"distance_to_target":10.0985460281372,"frame":2125,"goal":"combat","result":"hit","role":"forager","run_id":"lyra_ai_phase1","scene":"res://level/scenes/lyrasandbox.tscn","target":"AI_TargetDummy_01","time_sec":19.962,"type":"shot_fired","weapon":"Pistol"}
AI_METRIC {"actor":"Gatherer_04","delta":{"damage":15.0,"shot":"hit","weapon":"Pistol"},"duration_sec":1.0,"frame":2125,"goal":"combat","result":"success","role":"forager","run_id":"lyra_ai_phase1","scene":"res://level/scenes/lyrasandbox.tscn","target":"AI_TargetDummy_01","time_sec":19.962,"type":"interaction_complete"}
AI_METRIC {"actor":"Gatherer_06","frame":2157,"goal":"explore","position":{"x":18.6464672088623,"y":0.000418352952692658,"z":12.7391490936279},"role":"scout","run_id":"lyra_ai_phase1","scene":"res://level/scenes/lyrasandbox.tscn","target":"WP_CentralMarket","time_sec":20.224,"type":"route_visit","visit_count":3}
AI_METRIC {"actor":"Gatherer_06","delta":{"route_visit_count":3,"waypoint":"WP_CentralMarket"},"duration_sec":1.0,"frame":2157,"goal":"explore","result":"success","role":"scout","run_id":"lyra_ai_phase1","scene":"res://level/scenes/lyrasandbox.tscn","target":"WP_CentralMarket","time_sec":20.224,"type":"interaction_complete"}
