Godot Engine v4.5.1.stable.mono.official.f62fdbde1 - https://godotengine.org

ERROR: Failed to read the root certificate store.
   at: get_system_ca_certificates (platform/windows/os_windows.cpp:2548)
WARNING: res://level/scenes/DestructibleLargeCube.tscn:4 - ext_resource, invalid UID: uid://beo8luhfbe0it - using text path instead: res://assets/fractured_large_cube.glb
   at: load (scene/resources/resource_format_text.cpp:444)
WARNING: res://level/scenes/vehicles/BoxCarPropeller.tscn:4 - ext_resource, invalid UID: uid://boxcar001 - using text path instead: res://assets/models/BoxCar.glb
   at: load (scene/resources/resource_format_text.cpp:444)
WARNING: instance_reset_physics_interpolation() is deprecated.
   at: _instance_reset_physics_interpolation_bind_compat_104269 (servers/rendering_server.compat.inc:58)
DEBUG: Sparks particles found and emitting
!!! DESTRUCTIBLE SYSTEM ONLINE: DestructiblePillar2
!!! DESTRUCTIBLE SYSTEM ONLINE: DestructibleLargeCube
!!! DESTRUCTIBLE SYSTEM ONLINE: DestructibleLargeCube3
!!! DESTRUCTIBLE SYSTEM ONLINE: DestructibleLargeCube2
!!! DESTRUCTIBLE SYSTEM ONLINE: DestructiblePillar3
!!! DESTRUCTIBLE SYSTEM ONLINE: DestructiblePillar5
!!! DESTRUCTIBLE SYSTEM ONLINE: DestructiblePillar6
!!! DESTRUCTIBLE SYSTEM ONLINE: DestructiblePillar7
!!! DESTRUCTIBLE SYSTEM ONLINE: DestructiblePillar14
!!! DESTRUCTIBLE SYSTEM ONLINE: DestructiblePillar8
!!! DESTRUCTIBLE SYSTEM ONLINE: DestructiblePillar11
!!! DESTRUCTIBLE SYSTEM ONLINE: DestructiblePillar12
!!! DESTRUCTIBLE SYSTEM ONLINE: DestructiblePillar13
!!! DESTRUCTIBLE SYSTEM ONLINE: DestructiblePillar9
!!! DESTRUCTIBLE SYSTEM ONLINE: DestructiblePillar10
!!! DESTRUCTIBLE SYSTEM ONLINE: DestructiblePillar4
!!! DESTRUCTIBLE SYSTEM ONLINE: DestructibleWall
!!! DESTRUCTIBLE SYSTEM ONLINE: Node
!!! DESTRUCTIBLE SYSTEM ONLINE: DestructibleWall2
!!! DESTRUCTIBLE SYSTEM ONLINE: DestructibleSphere
!!! DESTRUCTIBLE SYSTEM ONLINE: DestructibleSphere2
!!! DESTRUCTIBLE SYSTEM ONLINE: DestructibleSphere3
!!! DESTRUCTIBLE SYSTEM ONLINE: DestructibleSphere4
!!! DESTRUCTIBLE SYSTEM ONLINE: DestructibleSphere5
!!! DESTRUCTIBLE SYSTEM ONLINE: DestructibleSphere6
AI_METRIC {"actor":"Gatherer_01","frame":0,"goal":"spawn","reason":"actor_ready","role":"forager","run_id":"lyra_ai_phase1","scene":"res://level/scenes/lyrasandbox.tscn","score":0.0,"scores":{},"target":"","target_distance":-1.0,"time_sec":3.368,"type":"decision"}
AI_METRIC {"actor":"Gatherer_02","frame":0,"goal":"spawn","reason":"actor_ready","role":"hauler","run_id":"lyra_ai_phase1","scene":"res://level/scenes/lyrasandbox.tscn","score":0.0,"scores":{},"target":"","target_distance":-1.0,"time_sec":3.369,"type":"decision"}
AI_METRIC {"actor":"Gatherer_03","frame":0,"goal":"spawn","reason":"actor_ready","role":"scout","run_id":"lyra_ai_phase1","scene":"res://level/scenes/lyrasandbox.tscn","score":0.0,"scores":{},"target":"","target_distance":-1.0,"time_sec":3.37,"type":"decision"}
AI_METRIC {"actor":"Gatherer_04","frame":0,"goal":"spawn","reason":"actor_ready","role":"forager","run_id":"lyra_ai_phase1","scene":"res://level/scenes/lyrasandbox.tscn","score":0.0,"scores":{},"target":"","target_distance":-1.0,"time_sec":3.37,"type":"decision"}
AI_METRIC {"actor":"Gatherer_05","frame":0,"goal":"spawn","reason":"actor_ready","role":"hauler","run_id":"lyra_ai_phase1","scene":"res://level/scenes/lyrasandbox.tscn","score":0.0,"scores":{},"target":"","target_distance":-1.0,"time_sec":3.371,"type":"decision"}
AI_METRIC {"actor":"Gatherer_06","frame":0,"goal":"spawn","reason":"actor_ready","role":"scout","run_id":"lyra_ai_phase1","scene":"res://level/scenes/lyrasandbox.tscn","score":0.0,"scores":{},"target":"","target_distance":-1.0,"time_sec":3.372,"type":"decision"}
Terrain3D: Camera assigned for collision.
AI_METRIC {"active_ai_count":6,"decision_count":0,"fps":1.0,"frame":1,"frame_time_ms":1000.0,"interaction_count":0,"physics_fps":120,"run_id":"lyra_ai_phase1","scene":"res://level/scenes/lyrasandbox.tscn","time_sec":3.377,"type":"frame_sample"}
AI_METRIC {"actor":"Gatherer_01","frame":1,"goal":"weapon","reason":"utility_available","role":"forager","run_id":"lyra_ai_phase1","scene":"res://level/scenes/lyrasandbox.tscn","score":0.92,"scores":{"build":0.0,"combat":0.0,"explore":0.12,"food":0.500166666666667,"resource":0.68,"water":0.60025,"weapon":0.92},"target":"AI_PistolPickup_01","target_distance":3.88587212562561,"time_sec":3.378,"type":"decision"}
AI_METRIC {"actor":"Gatherer_01","frame":1,"goal":"weapon","reason":"nearest_available","result":"success","run_id":"lyra_ai_phase1","scene":"res://level/scenes/lyrasandbox.tscn","target":"AI_PistolPickup_01","target_distance":3.88587212562561,"time_sec":3.378,"type":"reservation"}
AI_METRIC {"actor":"Gatherer_01","frame":1,"goal":"weapon","goal_id":1,"position":{"x":3.67918658256531,"y":1.79999995231628,"z":8.5},"reason":"utility_available","role":"forager","run_id":"lyra_ai_phase1","scene":"res://level/scenes/lyrasandbox.tscn","score":0.92,"scores":{"build":0.0,"combat":0.0,"explore":0.12,"food":0.500166666666667,"resource":0.68,"water":0.60025,"weapon":0.92},"state":"idle","target":"AI_PistolPickup_01","target_distance":3.88587212562561,"time_sec":3.379,"type":"goal_selected"}
AI_METRIC {"actor":"Gatherer_01","frame":1,"goal":"weapon","goal_id":1,"position":{"x":3.67918658256531,"y":1.79999995231628,"z":8.5},"reason":"target_available","role":"forager","run_id":"lyra_ai_phase1","scene":"res://level/scenes/lyrasandbox.tscn","state":"move_to_target","target":"AI_PistolPickup_01","target_distance":3.88587212562561,"time_sec":3.379,"type":"goal_started"}
AI_METRIC {"actor":"Gatherer_02","frame":1,"goal":"resource","reason":"utility_available","role":"hauler","run_id":"lyra_ai_phase1","scene":"res://level/scenes/lyrasandbox.tscn","score":0.98,"scores":{"build":0.2,"combat":0.0,"explore":0.12,"food":0.350166666666667,"resource":0.98,"water":0.45025,"weapon":0.92},"target":"Resource_01","target_distance":2.93300175666809,"time_sec":3.38,"type":"decision"}
AI_METRIC {"actor":"Gatherer_02","frame":1,"goal":"resource","reason":"nearest_available","result":"success","run_id":"lyra_ai_phase1","scene":"res://level/scenes/lyrasandbox.tscn","target":"Resource_01","target_distance":2.93300175666809,"time_sec":3.38,"type":"reservation"}
AI_METRIC {"actor":"Gatherer_02","frame":1,"goal":"resource","goal_id":1,"position":{"x":5.67918682098389,"y":1.79999995231628,"z":8.5},"reason":"utility_available","role":"hauler","run_id":"lyra_ai_phase1","scene":"res://level/scenes/lyrasandbox.tscn","score":0.98,"scores":{"build":0.2,"combat":0.0,"explore":0.12,"food":0.350166666666667,"resource":0.98,"water":0.45025,"weapon":0.92},"state":"idle","target":"Resource_01","target_distance":2.93300175666809,"time_sec":3.38,"type":"goal_selected"}
AI_METRIC {"actor":"Gatherer_02","frame":1,"goal":"resource","goal_id":1,"position":{"x":5.67918682098389,"y":1.79999995231628,"z":8.5},"reason":"target_available","role":"hauler","run_id":"lyra_ai_phase1","scene":"res://level/scenes/lyrasandbox.tscn","state":"move_to_target","target":"Resource_01","target_distance":2.93300175666809,"time_sec":3.381,"type":"goal_started"}
AI_METRIC {"actor":"Gatherer_03","frame":1,"goal":"weapon","reason":"utility_available","role":"scout","run_id":"lyra_ai_phase1","scene":"res://level/scenes/lyrasandbox.tscn","score":1.0,"scores":{"build":0.0,"combat":0.0,"explore":0.56,"food":0.350166666666667,"resource":0.8,"water":0.45025,"weapon":1.0},"target":"AI_PistolPickup_02","target_distance":20.5440979003906,"time_sec":3.381,"type":"decision"}
AI_METRIC {"actor":"Gatherer_03","frame":1,"goal":"weapon","reason":"nearest_available","result":"success","run_id":"lyra_ai_phase1","scene":"res://level/scenes/lyrasandbox.tscn","target":"AI_PistolPickup_02","target_distance":20.5440979003906,"time_sec":3.381,"type":"reservation"}
AI_METRIC {"actor":"Gatherer_03","frame":1,"goal":"weapon","goal_id":1,"position":{"x":7.67918682098389,"y":1.79999995231628,"z":8.5},"reason":"utility_available","role":"scout","run_id":"lyra_ai_phase1","scene":"res://level/scenes/lyrasandbox.tscn","score":1.0,"scores":{"build":0.0,"combat":0.0,"explore":0.56,"food":0.350166666666667,"resource":0.8,"water":0.45025,"weapon":1.0},"state":"idle","target":"AI_PistolPickup_02","target_distance":20.5440979003906,"time_sec":3.381,"type":"goal_selected"}
AI_METRIC {"actor":"Gatherer_03","frame":1,"goal":"weapon","goal_id":1,"position":{"x":7.67918682098389,"y":1.79999995231628,"z":8.5},"reason":"target_available","role":"scout","run_id":"lyra_ai_phase1","scene":"res://level/scenes/lyrasandbox.tscn","state":"move_to_target","target":"AI_PistolPickup_02","target_distance":20.5440979003906,"time_sec":3.381,"type":"goal_started"}
AI_METRIC {"actor":"Gatherer_04","frame":1,"goal":"weapon","reason":"utility_available","role":"forager","run_id":"lyra_ai_phase1","scene":"res://level/scenes/lyrasandbox.tscn","score":0.92,"scores":{"build":0.0,"combat":0.0,"explore":0.12,"food":0.500166666666667,"resource":0.68,"water":0.60025,"weapon":0.92},"target":"PistolPickup_Ground","target_distance":6.11978626251221,"time_sec":3.381,"type":"decision"}
AI_METRIC {"actor":"Gatherer_04","frame":1,"goal":"weapon","reason":"nearest_available","result":"success","run_id":"lyra_ai_phase1","scene":"res://level/scenes/lyrasandbox.tscn","target":"PistolPickup_Ground","target_distance":6.11978626251221,"time_sec":3.381,"type":"reservation"}
AI_METRIC {"actor":"Gatherer_04","frame":1,"goal":"weapon","goal_id":1,"position":{"x":3.67918658256531,"y":1.79999995231628,"z":10.5},"reason":"utility_available","role":"forager","run_id":"lyra_ai_phase1","scene":"res://level/scenes/lyrasandbox.tscn","score":0.92,"scores":{"build":0.0,"combat":0.0,"explore":0.12,"food":0.500166666666667,"resource":0.68,"water":0.60025,"weapon":0.92},"state":"idle","target":"PistolPickup_Ground","target_distance":6.11978626251221,"time_sec":3.381,"type":"goal_selected"}
AI_METRIC {"actor":"Gatherer_04","frame":1,"goal":"weapon","goal_id":1,"position":{"x":3.67918658256531,"y":1.79999995231628,"z":10.5},"reason":"target_available","role":"forager","run_id":"lyra_ai_phase1","scene":"res://level/scenes/lyrasandbox.tscn","state":"move_to_target","target":"PistolPickup_Ground","target_distance":6.11978626251221,"time_sec":3.381,"type":"goal_started"}
AI_METRIC {"actor":"Gatherer_05","frame":1,"goal":"resource","reason":"utility_available","role":"hauler","run_id":"lyra_ai_phase1","scene":"res://level/scenes/lyrasandbox.tscn","score":0.98,"scores":{"build":0.2,"combat":0.0,"explore":0.12,"food":0.350166666666667,"resource":0.98,"water":0.45025,"weapon":0.92},"target":"Resource_02","target_distance":12.6234893798828,"time_sec":3.381,"type":"decision"}
AI_METRIC {"actor":"Gatherer_05","frame":1,"goal":"resource","reason":"nearest_available","result":"success","run_id":"lyra_ai_phase1","scene":"res://level/scenes/lyrasandbox.tscn","target":"Resource_02","target_distance":12.6234893798828,"time_sec":3.381,"type":"reservation"}
AI_METRIC {"actor":"Gatherer_05","frame":1,"goal":"resource","goal_id":1,"position":{"x":5.67918682098389,"y":1.79999995231628,"z":10.5},"reason":"utility_available","role":"hauler","run_id":"lyra_ai_phase1","scene":"res://level/scenes/lyrasandbox.tscn","score":0.98,"scores":{"build":0.2,"combat":0.0,"explore":0.12,"food":0.350166666666667,"resource":0.98,"water":0.45025,"weapon":0.92},"state":"idle","target":"Resource_02","target_distance":12.6234893798828,"time_sec":3.381,"type":"goal_selected"}
AI_METRIC {"actor":"Gatherer_05","frame":1,"goal":"resource","goal_id":1,"position":{"x":5.67918682098389,"y":1.79999995231628,"z":10.5},"reason":"target_available","role":"hauler","run_id":"lyra_ai_phase1","scene":"res://level/scenes/lyrasandbox.tscn","state":"move_to_target","target":"Resource_02","target_distance":12.6234893798828,"time_sec":3.381,"type":"goal_started"}
AI_METRIC {"actor":"Gatherer_06","frame":1,"goal":"weapon","reason":"utility_available","role":"scout","run_id":"lyra_ai_phase1","scene":"res://level/scenes/lyrasandbox.tscn","score":1.0,"scores":{"build":0.0,"combat":0.0,"explore":0.56,"food":0.350166666666667,"resource":0.8,"water":0.45025,"weapon":1.0},"target":"AI_RiflePickup_01","target_distance":10.1518459320068,"time_sec":3.381,"type":"decision"}
AI_METRIC {"actor":"Gatherer_06","frame":1,"goal":"weapon","reason":"nearest_available","result":"success","run_id":"lyra_ai_phase1","scene":"res://level/scenes/lyrasandbox.tscn","target":"AI_RiflePickup_01","target_distance":10.1518459320068,"time_sec":3.382,"type":"reservation"}
AI_METRIC {"actor":"Gatherer_06","frame":1,"goal":"weapon","goal_id":1,"position":{"x":7.67918682098389,"y":1.79999995231628,"z":10.5},"reason":"utility_available","role":"scout","run_id":"lyra_ai_phase1","scene":"res://level/scenes/lyrasandbox.tscn","score":1.0,"scores":{"build":0.0,"combat":0.0,"explore":0.56,"food":0.350166666666667,"resource":0.8,"water":0.45025,"weapon":1.0},"state":"idle","target":"AI_RiflePickup_01","target_distance":10.1518459320068,"time_sec":3.382,"type":"goal_selected"}
AI_METRIC {"actor":"Gatherer_06","frame":1,"goal":"weapon","goal_id":1,"position":{"x":7.67918682098389,"y":1.79999995231628,"z":10.5},"reason":"target_available","role":"scout","run_id":"lyra_ai_phase1","scene":"res://level/scenes/lyrasandbox.tscn","state":"move_to_target","target":"AI_RiflePickup_01","target_distance":10.1518459320068,"time_sec":3.382,"type":"goal_started"}
!!! DESTRUCTION COMPLETE
!!! DESTRUCTION COMPLETE
!!! DESTRUCTION COMPLETE
!!! DESTRUCTION COMPLETE
!!! DESTRUCTION COMPLETE
!!! DESTRUCTION COMPLETE
!!! DESTRUCTION COMPLETE
!!! DESTRUCTION COMPLETE
AI_METRIC {"actor":"Gatherer_02","delta":{"resource_count":1},"duration_sec":1.0,"frame":208,"goal":"resource","result":"success","role":"hauler","run_id":"lyra_ai_phase1","scene":"res://level/scenes/lyrasandbox.tscn","target":"Resource_01","time_sec":5.318,"type":"interaction_complete"}
AI_METRIC {"actor":"Gatherer_02","delta":{"resource_count":1},"frame":208,"goal":"resource","goal_id":1,"position":{"x":5.42294979095459,"y":0.000418262206949294,"z":9.78129005432129},"reason":"interaction_complete","result":"success","role":"hauler","run_id":"lyra_ai_phase1","scene":"res://level/scenes/lyrasandbox.tscn","state":"interact","target":"Resource_01","target_distance":1.29107773303986,"time_sec":5.318,"type":"goal_completed"}
AI_METRIC {"actor":"Gatherer_02","frame":208,"goal":"resource","goal_id":1,"position":{"x":5.42294979095459,"y":0.000418262206949294,"z":9.78129005432129},"reason":"release_target","role":"hauler","run_id":"lyra_ai_phase1","scene":"res://level/scenes/lyrasandbox.tscn","state":"interact","target":"Resource_01","target_distance":1.29107773303986,"time_sec":5.318,"type":"goal_cleanup"}
AI_METRIC {"actor":"Gatherer_02","frame":208,"goal":"resource","goal_id":1,"position":{"x":5.42294979095459,"y":0.000418262206949294,"z":9.78129005432129},"reason":"release_target","result":"released","role":"hauler","run_id":"lyra_ai_phase1","scene":"res://level/scenes/lyrasandbox.tscn","state":"interact","target":"Resource_01","target_distance":1.29107773303986,"time_sec":5.318,"type":"reservation_released"}
AI_METRIC {"active_ai_count":6,"decision_count":0,"fps":142.0,"frame":242,"frame_time_ms":7.04225352112676,"interaction_count":0,"physics_fps":120,"run_id":"lyra_ai_phase1","scene":"res://level/scenes/lyrasandbox.tscn","time_sec":5.6,"type":"frame_sample"}
WEAPON_PICKUP: equipped Pistol
AI_METRIC {"actor":"Gatherer_01","delta":{"weapon":"Pistol"},"duration_sec":1.0,"frame":254,"goal":"weapon","result":"success","role":"forager","run_id":"lyra_ai_phase1","scene":"res://level/scenes/lyrasandbox.tscn","target":"AI_PistolPickup_01","time_sec":5.704,"type":"interaction_complete"}
AI_METRIC {"actor":"Gatherer_01","delta":{"weapon":"Pistol"},"frame":254,"goal":"weapon","goal_id":1,"position":{"x":5.68967247009277,"y":0.000418298528529704,"z":6.95863962173462},"reason":"interaction_complete","result":"success","role":"forager","run_id":"lyra_ai_phase1","scene":"res://level/scenes/lyrasandbox.tscn","state":"interact","target":"AI_PistolPickup_01","target_distance":1.53750455379486,"time_sec":5.704,"type":"goal_completed"}
AI_METRIC {"actor":"Gatherer_01","frame":254,"goal":"weapon","goal_id":1,"position":{"x":5.68967247009277,"y":0.000418298528529704,"z":6.95863962173462},"reason":"release_target","role":"forager","run_id":"lyra_ai_phase1","scene":"res://level/scenes/lyrasandbox.tscn","state":"interact","target":"AI_PistolPickup_01","target_distance":1.53750455379486,"time_sec":5.704,"type":"goal_cleanup"}
AI_METRIC {"actor":"Gatherer_01","frame":254,"goal":"weapon","goal_id":1,"position":{"x":5.68967247009277,"y":0.000418298528529704,"z":6.95863962173462},"reason":"release_target","result":"released","role":"forager","run_id":"lyra_ai_phase1","scene":"res://level/scenes/lyrasandbox.tscn","state":"interact","target":"AI_PistolPickup_01","target_distance":1.53750455379486,"time_sec":5.704,"type":"reservation_released"}
AI_METRIC {"actor":"Gatherer_02","frame":264,"goal":"build","reason":"utility_available","role":"hauler","run_id":"lyra_ai_phase1","scene":"res://level/scenes/lyrasandbox.tscn","score":1.18,"scores":{"build":1.18,"combat":0.0,"explore":0.12,"food":0.393999999999998,"resource":0.88,"water":0.515999999999996,"weapon":0.92},"target":"BuildSite_Barricade_01","target_distance":18.7830562591553,"time_sec":5.787,"type":"decision"}
AI_METRIC {"actor":"Gatherer_02","frame":264,"goal":"build","reason":"nearest_available","result":"success","run_id":"lyra_ai_phase1","scene":"res://level/scenes/lyrasandbox.tscn","target":"BuildSite_Barricade_01","target_distance":18.7830562591553,"time_sec":5.787,"type":"reservation"}
AI_METRIC {"actor":"Gatherer_02","frame":264,"goal":"build","goal_id":2,"position":{"x":5.42294979095459,"y":0.000418262206949294,"z":9.78129005432129},"previous_goal":"resource","previous_goal_id":1,"previous_reason":"interaction_complete","previous_result":"success","role":"hauler","run_id":"lyra_ai_phase1","scene":"res://level/scenes/lyrasandbox.tscn","state":"idle","target":"BuildSite_Barricade_01","target_distance":18.7830562591553,"time_sec":5.787,"type":"next_goal_selected"}
AI_METRIC {"actor":"Gatherer_02","frame":264,"goal":"build","goal_id":2,"position":{"x":5.42294979095459,"y":0.000418262206949294,"z":9.78129005432129},"reason":"utility_available","role":"hauler","run_id":"lyra_ai_phase1","scene":"res://level/scenes/lyrasandbox.tscn","score":1.18,"scores":{"build":1.18,"combat":0.0,"explore":0.12,"food":0.393999999999998,"resource":0.88,"water":0.515999999999996,"weapon":0.92},"state":"idle","target":"BuildSite_Barricade_01","target_distance":18.7830562591553,"time_sec":5.787,"type":"goal_selected"}
AI_METRIC {"actor":"Gatherer_02","frame":264,"goal":"build","goal_id":2,"position":{"x":5.42294979095459,"y":0.000418262206949294,"z":9.78129005432129},"reason":"target_available","role":"hauler","run_id":"lyra_ai_phase1","scene":"res://level/scenes/lyrasandbox.tscn","state":"move_to_target","target":"BuildSite_Barricade_01","target_distance":18.7830562591553,"time_sec":5.787,"type":"goal_started"}
WEAPON_PICKUP: equipped Pistol
AI_METRIC {"actor":"Gatherer_04","delta":{"weapon":"Pistol"},"duration_sec":1.0,"frame":341,"goal":"weapon","result":"success","role":"forager","run_id":"lyra_ai_phase1","scene":"res://level/scenes/lyrasandbox.tscn","target":"PistolPickup_Ground","time_sec":6.429,"type":"interaction_complete"}
AI_METRIC {"actor":"Gatherer_04","delta":{"weapon":"Pistol"},"frame":341,"goal":"weapon","goal_id":1,"position":{"x":1.32087397575378,"y":0.000418294628616422,"z":6.25815677642822},"reason":"interaction_complete","result":"success","role":"forager","run_id":"lyra_ai_phase1","scene":"res://level/scenes/lyrasandbox.tscn","state":"interact","target":"PistolPickup_Ground","target_distance":2.66366815567017,"time_sec":6.429,"type":"goal_completed"}
AI_METRIC {"actor":"Gatherer_04","frame":341,"goal":"weapon","goal_id":1,"position":{"x":1.32087397575378,"y":0.000418294628616422,"z":6.25815677642822},"reason":"release_target","role":"forager","run_id":"lyra_ai_phase1","scene":"res://level/scenes/lyrasandbox.tscn","state":"interact","target":"PistolPickup_Ground","target_distance":2.66366815567017,"time_sec":6.429,"type":"goal_cleanup"}
AI_METRIC {"actor":"Gatherer_04","frame":341,"goal":"weapon","goal_id":1,"position":{"x":1.32087397575378,"y":0.000418294628616422,"z":6.25815677642822},"reason":"release_target","result":"released","role":"forager","run_id":"lyra_ai_phase1","scene":"res://level/scenes/lyrasandbox.tscn","state":"interact","target":"PistolPickup_Ground","target_distance":2.66366815567017,"time_sec":6.429,"type":"reservation_released"}
AI_METRIC {"actor":"Gatherer_01","frame":343,"goal":"combat","reason":"utility_available","role":"forager","run_id":"lyra_ai_phase1","scene":"res://level/scenes/lyrasandbox.tscn","score":0.99,"scores":{"build":0.0,"combat":0.99,"explore":0.22,"food":0.557166666666663,"resource":0.68,"water":0.685749999999995,"weapon":0.05},"target":"AI_TargetDummy_01","target_distance":22.2755947113037,"time_sec":6.442,"type":"decision"}
AI_METRIC {"actor":"Gatherer_01","frame":343,"goal":"combat","reason":"nearest_available","result":"success","run_id":"lyra_ai_phase1","scene":"res://level/scenes/lyrasandbox.tscn","target":"AI_TargetDummy_01","target_distance":22.2755947113037,"time_sec":6.442,"type":"reservation"}
AI_METRIC {"actor":"Gatherer_01","frame":343,"goal":"combat","goal_id":2,"position":{"x":5.68967247009277,"y":0.000418298528529704,"z":6.95863962173462},"previous_goal":"weapon","previous_goal_id":1,"previous_reason":"interaction_complete","previous_result":"success","role":"forager","run_id":"lyra_ai_phase1","scene":"res://level/scenes/lyrasandbox.tscn","state":"idle","target":"AI_TargetDummy_01","target_distance":22.2755947113037,"time_sec":6.442,"type":"next_goal_selected"}
AI_METRIC {"actor":"Gatherer_01","frame":343,"goal":"combat","goal_id":2,"position":{"x":5.68967247009277,"y":0.000418298528529704,"z":6.95863962173462},"reason":"utility_available","role":"forager","run_id":"lyra_ai_phase1","scene":"res://level/scenes/lyrasandbox.tscn","score":0.99,"scores":{"build":0.0,"combat":0.99,"explore":0.22,"food":0.557166666666663,"resource":0.68,"water":0.685749999999995,"weapon":0.05},"state":"idle","target":"AI_TargetDummy_01","target_distance":22.2755947113037,"time_sec":6.442,"type":"goal_selected"}
AI_METRIC {"actor":"Gatherer_01","frame":343,"goal":"combat","goal_id":2,"position":{"x":5.68967247009277,"y":0.000418298528529704,"z":6.95863962173462},"reason":"target_available","role":"forager","run_id":"lyra_ai_phase1","scene":"res://level/scenes/lyrasandbox.tscn","state":"move_to_target","target":"AI_TargetDummy_01","target_distance":22.2755947113037,"time_sec":6.442,"type":"goal_started"}
AI_METRIC {"actor":"Gatherer_04","frame":400,"goal":"combat","reason":"goal_targets_reserved","result":"failure","run_id":"lyra_ai_phase1","scene":"res://level/scenes/lyrasandbox.tscn","target":"","time_sec":6.918,"type":"reservation"}
AI_METRIC {"actor":"Gatherer_04","frame":400,"goal":"water","reason":"utility_available","role":"forager","run_id":"lyra_ai_phase1","scene":"res://level/scenes/lyrasandbox.tscn","score":0.699999999999994,"scores":{"build":0.0,"combat":0.99,"explore":0.22,"food":0.566666666666663,"resource":0.68,"water":0.699999999999994,"weapon":0.05},"target":"Water_02","target_distance":11.3878793716431,"time_sec":6.918,"type":"decision"}
AI_METRIC {"actor":"Gatherer_04","frame":400,"goal":"water","reason":"nearest_available","result":"success","run_id":"lyra_ai_phase1","scene":"res://level/scenes/lyrasandbox.tscn","target":"Water_02","target_distance":11.3878793716431,"time_sec":6.918,"type":"reservation"}
AI_METRIC {"actor":"Gatherer_04","frame":400,"goal":"water","goal_id":2,"position":{"x":1.32087397575378,"y":0.000418294628616422,"z":6.25815677642822},"previous_goal":"weapon","previous_goal_id":1,"previous_reason":"interaction_complete","previous_result":"success","role":"forager","run_id":"lyra_ai_phase1","scene":"res://level/scenes/lyrasandbox.tscn","state":"idle","target":"Water_02","target_distance":11.3878793716431,"time_sec":6.918,"type":"next_goal_selected"}
AI_METRIC {"actor":"Gatherer_04","frame":400,"goal":"water","goal_id":2,"position":{"x":1.32087397575378,"y":0.000418294628616422,"z":6.25815677642822},"reason":"utility_available","role":"forager","run_id":"lyra_ai_phase1","scene":"res://level/scenes/lyrasandbox.tscn","score":0.699999999999994,"scores":{"build":0.0,"combat":0.99,"explore":0.22,"food":0.566666666666663,"resource":0.68,"water":0.699999999999994,"weapon":0.05},"state":"idle","target":"Water_02","target_distance":11.3878793716431,"time_sec":6.919,"type":"goal_selected"}
AI_METRIC {"actor":"Gatherer_04","frame":400,"goal":"water","goal_id":2,"position":{"x":1.32087397575378,"y":0.000418294628616422,"z":6.25815677642822},"reason":"target_available","role":"forager","run_id":"lyra_ai_phase1","scene":"res://level/scenes/lyrasandbox.tscn","state":"move_to_target","target":"Water_02","target_distance":11.3878793716431,"time_sec":6.919,"type":"goal_started"}
AI_METRIC {"active_ai_count":6,"decision_count":0,"fps":145.0,"frame":483,"frame_time_ms":6.89655172413793,"interaction_count":0,"physics_fps":120,"run_id":"lyra_ai_phase1","scene":"res://level/scenes/lyrasandbox.tscn","time_sec":7.607,"type":"frame_sample"}
WEAPON_PICKUP: equipped Rifle
AI_METRIC {"actor":"Gatherer_06","delta":{"weapon":"Rifle"},"duration_sec":1.0,"frame":492,"goal":"weapon","result":"success","role":"scout","run_id":"lyra_ai_phase1","scene":"res://level/scenes/lyrasandbox.tscn","target":"AI_RiflePickup_01","time_sec":7.691,"type":"interaction_complete"}
AI_METRIC {"actor":"Gatherer_06","delta":{"weapon":"Rifle"},"frame":492,"goal":"weapon","goal_id":1,"position":{"x":16.4610576629639,"y":0.00041831360431388,"z":11.8172969818115},"reason":"interaction_complete","result":"success","role":"scout","run_id":"lyra_ai_phase1","scene":"res://level/scenes/lyrasandbox.tscn","state":"interact","target":"AI_RiflePickup_01","target_distance":1.52527499198914,"time_sec":7.691,"type":"goal_completed"}
AI_METRIC {"actor":"Gatherer_06","frame":492,"goal":"weapon","goal_id":1,"position":{"x":16.4610576629639,"y":0.00041831360431388,"z":11.8172969818115},"reason":"release_target","role":"scout","run_id":"lyra_ai_phase1","scene":"res://level/scenes/lyrasandbox.tscn","state":"interact","target":"AI_RiflePickup_01","target_distance":1.52527499198914,"time_sec":7.691,"type":"goal_cleanup"}
AI_METRIC {"actor":"Gatherer_06","frame":492,"goal":"weapon","goal_id":1,"position":{"x":16.4610576629639,"y":0.00041831360431388,"z":11.8172969818115},"reason":"release_target","result":"released","role":"scout","run_id":"lyra_ai_phase1","scene":"res://level/scenes/lyrasandbox.tscn","state":"interact","target":"AI_RiflePickup_01","target_distance":1.52527499198914,"time_sec":7.691,"type":"reservation_released"}
AI_METRIC {"actor":"Gatherer_06","frame":560,"goal":"explore","reason":"utility_available","role":"scout","run_id":"lyra_ai_phase1","scene":"res://level/scenes/lyrasandbox.tscn","score":1.1,"scores":{"build":0.0,"combat":0.86,"explore":1.1,"food":0.443333333333328,"resource":0.8,"water":0.589999999999992,"weapon":0.15},"target":"WP_CentralMarket","target_distance":4.5396203994751,"time_sec":8.257,"type":"decision"}
AI_METRIC {"actor":"Gatherer_06","frame":560,"goal":"explore","reason":"nearest_available","result":"success","run_id":"lyra_ai_phase1","scene":"res://level/scenes/lyrasandbox.tscn","target":"WP_CentralMarket","target_distance":4.5396203994751,"time_sec":8.257,"type":"reservation"}
AI_METRIC {"actor":"Gatherer_06","frame":560,"goal":"explore","goal_id":2,"position":{"x":16.4610576629639,"y":0.00041831360431388,"z":11.8172969818115},"previous_goal":"weapon","previous_goal_id":1,"previous_reason":"interaction_complete","previous_result":"success","role":"scout","run_id":"lyra_ai_phase1","scene":"res://level/scenes/lyrasandbox.tscn","state":"idle","target":"WP_CentralMarket","target_distance":4.5396203994751,"time_sec":8.257,"type":"next_goal_selected"}
AI_METRIC {"actor":"Gatherer_06","frame":560,"goal":"explore","goal_id":2,"position":{"x":16.4610576629639,"y":0.00041831360431388,"z":11.8172969818115},"reason":"utility_available","role":"scout","run_id":"lyra_ai_phase1","scene":"res://level/scenes/lyrasandbox.tscn","score":1.1,"scores":{"build":0.0,"combat":0.86,"explore":1.1,"food":0.443333333333328,"resource":0.8,"water":0.589999999999992,"weapon":0.15},"state":"idle","target":"WP_CentralMarket","target_distance":4.5396203994751,"time_sec":8.257,"type":"goal_selected"}
AI_METRIC {"actor":"Gatherer_06","frame":560,"goal":"explore","goal_id":2,"position":{"x":16.4610576629639,"y":0.00041831360431388,"z":11.8172969818115},"reason":"target_available","role":"scout","run_id":"lyra_ai_phase1","scene":"res://level/scenes/lyrasandbox.tscn","state":"move_to_target","target":"WP_CentralMarket","target_distance":4.5396203994751,"time_sec":8.257,"type":"goal_started"}
AI_METRIC {"actor":"Gatherer_05","delta":{"resource_count":1},"duration_sec":1.0,"frame":583,"goal":"resource","result":"success","role":"hauler","run_id":"lyra_ai_phase1","scene":"res://level/scenes/lyrasandbox.tscn","target":"Resource_02","time_sec":8.45,"type":"interaction_complete"}
AI_METRIC {"actor":"Gatherer_05","delta":{"resource_count":1},"frame":583,"goal":"resource","goal_id":1,"position":{"x":16.0481548309326,"y":0.000418325420469046,"z":15.008228302002},"reason":"interaction_complete","result":"success","role":"hauler","run_id":"lyra_ai_phase1","scene":"res://level/scenes/lyrasandbox.tscn","state":"interact","target":"Resource_02","target_distance":1.28190398216248,"time_sec":8.45,"type":"goal_completed"}
AI_METRIC {"actor":"Gatherer_05","frame":583,"goal":"resource","goal_id":1,"position":{"x":16.0481548309326,"y":0.000418325420469046,"z":15.008228302002},"reason":"release_target","role":"hauler","run_id":"lyra_ai_phase1","scene":"res://level/scenes/lyrasandbox.tscn","state":"interact","target":"Resource_02","target_distance":1.28190398216248,"time_sec":8.45,"type":"goal_cleanup"}
AI_METRIC {"actor":"Gatherer_05","frame":583,"goal":"resource","goal_id":1,"position":{"x":16.0481548309326,"y":0.000418325420469046,"z":15.008228302002},"reason":"release_target","result":"released","role":"hauler","run_id":"lyra_ai_phase1","scene":"res://level/scenes/lyrasandbox.tscn","state":"interact","target":"Resource_02","target_distance":1.28190398216248,"time_sec":8.451,"type":"reservation_released"}
AI_METRIC {"actor":"Gatherer_05","frame":641,"goal":"build","reason":"utility_available","role":"hauler","run_id":"lyra_ai_phase1","scene":"res://level/scenes/lyrasandbox.tscn","score":1.18,"scores":{"build":1.18,"combat":0.0,"explore":0.12,"food":0.456833333333327,"resource":0.88,"water":0.610249999999991,"weapon":0.92},"target":"BuildSite_Barricade_01","target_distance":7.16711044311523,"time_sec":8.926,"type":"decision"}
AI_METRIC {"actor":"Gatherer_05","frame":641,"goal":"build","reason":"nearest_available","result":"success","run_id":"lyra_ai_phase1","scene":"res://level/scenes/lyrasandbox.tscn","target":"BuildSite_Barricade_01","target_distance":7.16711044311523,"time_sec":8.926,"type":"reservation"}
AI_METRIC {"actor":"Gatherer_05","frame":641,"goal":"build","goal_id":2,"position":{"x":16.0481548309326,"y":0.000418325420469046,"z":15.008228302002},"previous_goal":"resource","previous_goal_id":1,"previous_reason":"interaction_complete","previous_result":"success","role":"hauler","run_id":"lyra_ai_phase1","scene":"res://level/scenes/lyrasandbox.tscn","state":"idle","target":"BuildSite_Barricade_01","target_distance":7.16711044311523,"time_sec":8.926,"type":"next_goal_selected"}
AI_METRIC {"actor":"Gatherer_05","frame":641,"goal":"build","goal_id":2,"position":{"x":16.0481548309326,"y":0.000418325420469046,"z":15.008228302002},"reason":"utility_available","role":"hauler","run_id":"lyra_ai_phase1","scene":"res://level/scenes/lyrasandbox.tscn","score":1.18,"scores":{"build":1.18,"combat":0.0,"explore":0.12,"food":0.456833333333327,"resource":0.88,"water":0.610249999999991,"weapon":0.92},"state":"idle","target":"BuildSite_Barricade_01","target_distance":7.16711044311523,"time_sec":8.926,"type":"goal_selected"}
AI_METRIC {"actor":"Gatherer_05","frame":641,"goal":"build","goal_id":2,"position":{"x":16.0481548309326,"y":0.000418325420469046,"z":15.008228302002},"reason":"target_available","role":"hauler","run_id":"lyra_ai_phase1","scene":"res://level/scenes/lyrasandbox.tscn","state":"move_to_target","target":"BuildSite_Barricade_01","target_distance":7.16711044311523,"time_sec":8.926,"type":"goal_started"}
AI_METRIC {"active_ai_count":6,"decision_count":0,"fps":145.0,"frame":724,"frame_time_ms":6.89655172413793,"interaction_count":0,"physics_fps":120,"run_id":"lyra_ai_phase1","scene":"res://level/scenes/lyrasandbox.tscn","time_sec":9.617,"type":"frame_sample"}
AI_METRIC {"actor":"Gatherer_06","frame":758,"goal":"explore","position":{"x":17.9019966125488,"y":0.000418360170442611,"z":13.2423944473267},"role":"scout","run_id":"lyra_ai_phase1","scene":"res://level/scenes/lyrasandbox.tscn","target":"WP_CentralMarket","time_sec":9.899,"type":"route_visit","visit_count":1}
AI_METRIC {"actor":"Gatherer_06","delta":{"route_visit_count":1,"waypoint":"WP_CentralMarket"},"duration_sec":1.0,"frame":758,"goal":"explore","result":"success","role":"scout","run_id":"lyra_ai_phase1","scene":"res://level/scenes/lyrasandbox.tscn","target":"WP_CentralMarket","time_sec":9.899,"type":"interaction_complete"}
AI_METRIC {"actor":"Gatherer_06","delta":{"route_visit_count":1,"waypoint":"WP_CentralMarket"},"frame":758,"goal":"explore","goal_id":2,"position":{"x":17.9019966125488,"y":0.000418360170442611,"z":13.2423944473267},"reason":"interaction_complete","result":"success","role":"scout","run_id":"lyra_ai_phase1","scene":"res://level/scenes/lyrasandbox.tscn","state":"interact","target":"WP_CentralMarket","target_distance":2.52384352684021,"time_sec":9.899,"type":"goal_completed"}
AI_METRIC {"actor":"Gatherer_06","frame":758,"goal":"explore","goal_id":2,"position":{"x":17.9019966125488,"y":0.000418360170442611,"z":13.2423944473267},"reason":"release_target","role":"scout","run_id":"lyra_ai_phase1","scene":"res://level/scenes/lyrasandbox.tscn","state":"interact","target":"WP_CentralMarket","target_distance":2.52384352684021,"time_sec":9.899,"type":"goal_cleanup"}
AI_METRIC {"actor":"Gatherer_05","delivered_resources":1,"frame":863,"goal":"build","is_complete":false,"position":{"x":17.959508895874,"y":0.00041826709639281,"z":16.8677024841309},"required_resources":2,"role":"hauler","run_id":"lyra_ai_phase1","scene":"res://level/scenes/lyrasandbox.tscn","target":"BuildSite_Barricade_01","time_sec":10.775,"type":"build_started"}
AI_METRIC {"actor":"Gatherer_05","delivered_resources":1,"frame":863,"goal":"build","is_complete":false,"position":{"x":17.959508895874,"y":0.00041826709639281,"z":16.8677024841309},"required_resources":2,"role":"hauler","run_id":"lyra_ai_phase1","scene":"res://level/scenes/lyrasandbox.tscn","target":"BuildSite_Barricade_01","time_sec":10.775,"type":"build_resource_delivered"}
AI_METRIC {"actor":"Gatherer_05","delta":{"actor":"Gatherer_05","build":"delivered","delivered_resources":1,"is_complete":false,"required_resources":2,"resource_count":-1,"target":"BuildSite_Barricade_01"},"duration_sec":1.0,"frame":863,"goal":"build","result":"success","role":"hauler","run_id":"lyra_ai_phase1","scene":"res://level/scenes/lyrasandbox.tscn","target":"BuildSite_Barricade_01","time_sec":10.775,"type":"interaction_complete"}
AI_METRIC {"actor":"Gatherer_05","delta":{"actor":"Gatherer_05","build":"delivered","delivered_resources":1,"is_complete":false,"required_resources":2,"resource_count":-1,"target":"BuildSite_Barricade_01"},"frame":863,"goal":"build","goal_id":2,"position":{"x":17.959508895874,"y":0.00041826709639281,"z":16.8677024841309},"reason":"interaction_complete","result":"success","role":"hauler","run_id":"lyra_ai_phase1","scene":"res://level/scenes/lyrasandbox.tscn","state":"interact","target":"BuildSite_Barricade_01","target_distance":4.50553178787231,"time_sec":10.775,"type":"goal_completed"}
AI_METRIC {"actor":"Gatherer_05","frame":863,"goal":"build","goal_id":2,"position":{"x":17.959508895874,"y":0.00041826709639281,"z":16.8677024841309},"reason":"release_target","role":"hauler","run_id":"lyra_ai_phase1","scene":"res://level/scenes/lyrasandbox.tscn","state":"interact","target":"BuildSite_Barricade_01","target_distance":4.50553178787231,"time_sec":10.775,"type":"goal_cleanup"}
AI_METRIC {"actor":"Gatherer_06","frame":875,"goal":"explore","reason":"utility_available","role":"scout","run_id":"lyra_ai_phase1","scene":"res://level/scenes/lyrasandbox.tscn","score":1.1,"scores":{"build":0.0,"combat":0.86,"explore":1.1,"food":0.495833333333325,"resource":0.8,"water":0.668749999999996,"weapon":0.15},"target":"WP_SpawnLane","target_distance":12.9428434371948,"time_sec":10.879,"type":"decision"}
AI_METRIC {"actor":"Gatherer_06","frame":875,"goal":"explore","reason":"nearest_available","result":"success","run_id":"lyra_ai_phase1","scene":"res://level/scenes/lyrasandbox.tscn","target":"WP_SpawnLane","target_distance":12.9428434371948,"time_sec":10.879,"type":"reservation"}
AI_METRIC {"actor":"Gatherer_06","frame":875,"goal":"explore","goal_id":3,"position":{"x":17.9019966125488,"y":0.000418360170442611,"z":13.2423944473267},"previous_goal":"explore","previous_goal_id":2,"previous_reason":"interaction_complete","previous_result":"success","role":"scout","run_id":"lyra_ai_phase1","scene":"res://level/scenes/lyrasandbox.tscn","state":"idle","target":"WP_SpawnLane","target_distance":12.9428434371948,"time_sec":10.879,"type":"next_goal_selected"}
AI_METRIC {"actor":"Gatherer_06","frame":875,"goal":"explore","goal_id":3,"position":{"x":17.9019966125488,"y":0.000418360170442611,"z":13.2423944473267},"reason":"utility_available","role":"scout","run_id":"lyra_ai_phase1","scene":"res://level/scenes/lyrasandbox.tscn","score":1.1,"scores":{"build":0.0,"combat":0.86,"explore":1.1,"food":0.495833333333325,"resource":0.8,"water":0.668749999999996,"weapon":0.15},"state":"idle","target":"WP_SpawnLane","target_distance":12.9428434371948,"time_sec":10.879,"type":"goal_selected"}
AI_METRIC {"actor":"Gatherer_06","frame":875,"goal":"explore","goal_id":3,"position":{"x":17.9019966125488,"y":0.000418360170442611,"z":13.2423944473267},"reason":"target_available","role":"scout","run_id":"lyra_ai_phase1","scene":"res://level/scenes/lyrasandbox.tscn","state":"move_to_target","target":"WP_SpawnLane","target_distance":12.9428434371948,"time_sec":10.879,"type":"goal_started"}
WEAPON_PICKUP: equipped Pistol
AI_METRIC {"actor":"Gatherer_03","delta":{"weapon":"Pistol"},"duration_sec":1.0,"frame":882,"goal":"weapon","result":"success","role":"scout","run_id":"lyra_ai_phase1","scene":"res://level/scenes/lyrasandbox.tscn","target":"AI_PistolPickup_02","time_sec":10.934,"type":"interaction_complete"}
AI_METRIC {"actor":"Gatherer_03","delta":{"weapon":"Pistol"},"frame":882,"goal":"weapon","goal_id":1,"position":{"x":23.6481742858887,"y":0.000418273033574224,"z":19.3026008605957},"reason":"interaction_complete","result":"success","role":"scout","run_id":"lyra_ai_phase1","scene":"res://level/scenes/lyrasandbox.tscn","state":"interact","target":"AI_PistolPickup_02","target_distance":1.53577268123627,"time_sec":10.934,"type":"goal_completed"}
AI_METRIC {"actor":"Gatherer_03","frame":882,"goal":"weapon","goal_id":1,"position":{"x":23.6481742858887,"y":0.000418273033574224,"z":19.3026008605957},"reason":"release_target","role":"scout","run_id":"lyra_ai_phase1","scene":"res://level/scenes/lyrasandbox.tscn","state":"interact","target":"AI_PistolPickup_02","target_distance":1.53577268123627,"time_sec":10.934,"type":"goal_cleanup"}
AI_METRIC {"actor":"Gatherer_03","frame":882,"goal":"weapon","goal_id":1,"position":{"x":23.6481742858887,"y":0.000418273033574224,"z":19.3026008605957},"reason":"release_target","result":"released","role":"scout","run_id":"lyra_ai_phase1","scene":"res://level/scenes/lyrasandbox.tscn","state":"interact","target":"AI_PistolPickup_02","target_distance":1.53577268123627,"time_sec":10.934,"type":"reservation_released"}
AI_METRIC {"actor":"Gatherer_04","delta":{"thirst":-65.0},"duration_sec":1.0,"frame":902,"goal":"water","result":"success","role":"forager","run_id":"lyra_ai_phase1","scene":"res://level/scenes/lyrasandbox.tscn","target":"Water_02","time_sec":11.1,"type":"interaction_complete"}
AI_METRIC {"actor":"Gatherer_04","delta":{"thirst":-65.0},"frame":902,"goal":"water","goal_id":2,"position":{"x":11.4326658248901,"y":0.000418339564930648,"z":6.91858959197998},"reason":"interaction_complete","result":"success","role":"forager","run_id":"lyra_ai_phase1","scene":"res://level/scenes/lyrasandbox.tscn","state":"interact","target":"Water_02","target_distance":1.29716980457306,"time_sec":11.1,"type":"goal_completed"}
AI_METRIC {"actor":"Gatherer_04","frame":902,"goal":"water","goal_id":2,"position":{"x":11.4326658248901,"y":0.000418339564930648,"z":6.91858959197998},"reason":"release_target","role":"forager","run_id":"lyra_ai_phase1","scene":"res://level/scenes/lyrasandbox.tscn","state":"interact","target":"Water_02","target_distance":1.29716980457306,"time_sec":11.1,"type":"goal_cleanup"}
AI_METRIC {"actor":"Gatherer_04","frame":902,"goal":"water","goal_id":2,"position":{"x":11.4326658248901,"y":0.000418339564930648,"z":6.91858959197998},"reason":"release_target","result":"released","role":"forager","run_id":"lyra_ai_phase1","scene":"res://level/scenes/lyrasandbox.tscn","state":"interact","target":"Water_02","target_distance":1.29716980457306,"time_sec":11.1,"type":"reservation_released"}
AI_METRIC {"actor":"Gatherer_01","damage":15.0,"distance_to_target":10.1080913543701,"frame":916,"goal":"combat","result":"hit","role":"forager","run_id":"lyra_ai_phase1","scene":"res://level/scenes/lyrasandbox.tscn","target":"AI_TargetDummy_01","time_sec":11.217,"type":"shot_fired","weapon":"Pistol"}
AI_METRIC {"actor":"Gatherer_01","delta":{"damage":15.0,"shot":"hit","weapon":"Pistol"},"duration_sec":1.0,"frame":916,"goal":"combat","result":"success","role":"forager","run_id":"lyra_ai_phase1","scene":"res://level/scenes/lyrasandbox.tscn","target":"AI_TargetDummy_01","time_sec":11.217,"type":"interaction_complete"}
AI_METRIC {"actor":"Gatherer_01","delta":{"damage":15.0,"shot":"hit","weapon":"Pistol"},"frame":916,"goal":"combat","goal_id":2,"position":{"x":17.5634288787842,"y":0.000418259645812213,"z":8.87089920043945},"reason":"interaction_complete","result":"success","role":"forager","run_id":"lyra_ai_phase1","scene":"res://level/scenes/lyrasandbox.tscn","state":"interact","target":"AI_TargetDummy_01","target_distance":10.2520589828491,"time_sec":11.217,"type":"goal_completed"}
AI_METRIC {"actor":"Gatherer_01","frame":916,"goal":"combat","goal_id":2,"position":{"x":17.5634288787842,"y":0.000418259645812213,"z":8.87089920043945},"reason":"release_target","role":"forager","run_id":"lyra_ai_phase1","scene":"res://level/scenes/lyrasandbox.tscn","state":"interact","target":"AI_TargetDummy_01","target_distance":10.2520589828491,"time_sec":11.217,"type":"goal_cleanup"}
AI_METRIC {"actor":"Gatherer_02","delivered_resources":2,"frame":922,"goal":"build","is_complete":true,"position":{"x":17.4149856567383,"y":0.000418329378589988,"z":17.5587158203125},"required_resources":2,"role":"hauler","run_id":"lyra_ai_phase1","scene":"res://level/scenes/lyrasandbox.tscn","target":"BuildSite_Barricade_01","time_sec":11.265,"type":"build_resource_delivered"}
AI_METRIC {"actor":"Gatherer_02","delivered_resources":2,"frame":922,"goal":"build","is_complete":true,"position":{"x":17.4149856567383,"y":0.000418329378589988,"z":17.5587158203125},"required_resources":2,"role":"hauler","run_id":"lyra_ai_phase1","scene":"res://level/scenes/lyrasandbox.tscn","target":"BuildSite_Barricade_01","time_sec":11.265,"type":"build_completed"}
AI_METRIC {"actor":"Gatherer_02","delta":{"actor":"Gatherer_02","build":"completed","delivered_resources":2,"is_complete":true,"required_resources":2,"resource_count":-1,"target":"BuildSite_Barricade_01"},"duration_sec":1.0,"frame":922,"goal":"build","result":"success","role":"hauler","run_id":"lyra_ai_phase1","scene":"res://level/scenes/lyrasandbox.tscn","target":"BuildSite_Barricade_01","time_sec":11.265,"type":"interaction_complete"}
AI_METRIC {"actor":"Gatherer_02","delta":{"actor":"Gatherer_02","build":"completed","delivered_resources":2,"is_complete":true,"required_resources":2,"resource_count":-1,"target":"BuildSite_Barricade_01"},"frame":922,"goal":"build","goal_id":2,"position":{"x":17.4149856567383,"y":0.000418329378589988,"z":17.5587158203125},"reason":"interaction_complete","result":"success","role":"hauler","run_id":"lyra_ai_phase1","scene":"res://level/scenes/lyrasandbox.tscn","state":"interact","target":"BuildSite_Barricade_01","target_distance":4.50014209747314,"time_sec":11.265,"type":"goal_completed"}
AI_METRIC {"actor":"Gatherer_02","frame":922,"goal":"build","goal_id":2,"position":{"x":17.4149856567383,"y":0.000418329378589988,"z":17.5587158203125},"reason":"release_target","role":"hauler","run_id":"lyra_ai_phase1","scene":"res://level/scenes/lyrasandbox.tscn","state":"interact","target":"BuildSite_Barricade_01","target_distance":4.50014209747314,"time_sec":11.265,"type":"goal_cleanup"}
