Godot Engine v4.5.1.stable.mono.official.f62fdbde1 - https://godotengine.org

ERROR: Failed to read the root certificate store.
   at: get_system_ca_certificates (platform/windows/os_windows.cpp:2548)
WARNING: res://level/scenes/DestructibleLargeCube.tscn:4 - ext_resource, invalid UID: uid://beo8luhfbe0it - using text path instead: res://assets/fractured_large_cube.glb
   at: load (scene/resources/resource_format_text.cpp:444)
WARNING: res://level/scenes/vehicles/BoxCarPropeller.tscn:4 - ext_resource, invalid UID: uid://boxcar001 - using text path instead: res://assets/models/BoxCar.glb
   at: load (scene/resources/resource_format_text.cpp:444)
WARNING: instance_reset_physics_interpolation() is deprecated.
   at: _instance_reset_physics_interpolation_bind_compat_104269 (servers/rendering_server.compat.inc:58)
DEBUG: Sparks particles found and emitting
!!! DESTRUCTIBLE SYSTEM ONLINE: DestructiblePillar2
!!! DESTRUCTIBLE SYSTEM ONLINE: DestructibleLargeCube
!!! DESTRUCTIBLE SYSTEM ONLINE: DestructibleLargeCube3
!!! DESTRUCTIBLE SYSTEM ONLINE: DestructibleLargeCube2
!!! DESTRUCTIBLE SYSTEM ONLINE: DestructiblePillar3
!!! DESTRUCTIBLE SYSTEM ONLINE: DestructiblePillar5
!!! DESTRUCTIBLE SYSTEM ONLINE: DestructiblePillar6
!!! DESTRUCTIBLE SYSTEM ONLINE: DestructiblePillar7
!!! DESTRUCTIBLE SYSTEM ONLINE: DestructiblePillar14
!!! DESTRUCTIBLE SYSTEM ONLINE: DestructiblePillar8
!!! DESTRUCTIBLE SYSTEM ONLINE: DestructiblePillar11
!!! DESTRUCTIBLE SYSTEM ONLINE: DestructiblePillar12
!!! DESTRUCTIBLE SYSTEM ONLINE: DestructiblePillar13
!!! DESTRUCTIBLE SYSTEM ONLINE: DestructiblePillar9
!!! DESTRUCTIBLE SYSTEM ONLINE: DestructiblePillar10
!!! DESTRUCTIBLE SYSTEM ONLINE: DestructiblePillar4
!!! DESTRUCTIBLE SYSTEM ONLINE: DestructibleWall
!!! DESTRUCTIBLE SYSTEM ONLINE: Node
!!! DESTRUCTIBLE SYSTEM ONLINE: DestructibleWall2
!!! DESTRUCTIBLE SYSTEM ONLINE: DestructibleSphere
!!! DESTRUCTIBLE SYSTEM ONLINE: DestructibleSphere2
!!! DESTRUCTIBLE SYSTEM ONLINE: DestructibleSphere3
!!! DESTRUCTIBLE SYSTEM ONLINE: DestructibleSphere4
!!! DESTRUCTIBLE SYSTEM ONLINE: DestructibleSphere5
!!! DESTRUCTIBLE SYSTEM ONLINE: DestructibleSphere6
AI_METRIC {"actor":"Gatherer_01","frame":0,"goal":"spawn","reason":"actor_ready","role":"forager","run_id":"lyra_ai_phase1","scene":"res://level/scenes/lyrasandbox.tscn","score":0.0,"scores":{},"target":"","target_distance":-1.0,"time_sec":2.555,"type":"decision"}
AI_METRIC {"actor":"Gatherer_02","frame":0,"goal":"spawn","reason":"actor_ready","role":"hauler","run_id":"lyra_ai_phase1","scene":"res://level/scenes/lyrasandbox.tscn","score":0.0,"scores":{},"target":"","target_distance":-1.0,"time_sec":2.556,"type":"decision"}
AI_METRIC {"actor":"Gatherer_03","frame":0,"goal":"spawn","reason":"actor_ready","role":"scout","run_id":"lyra_ai_phase1","scene":"res://level/scenes/lyrasandbox.tscn","score":0.0,"scores":{},"target":"","target_distance":-1.0,"time_sec":2.556,"type":"decision"}
AI_METRIC {"actor":"Gatherer_04","frame":0,"goal":"spawn","reason":"actor_ready","role":"forager","run_id":"lyra_ai_phase1","scene":"res://level/scenes/lyrasandbox.tscn","score":0.0,"scores":{},"target":"","target_distance":-1.0,"time_sec":2.557,"type":"decision"}
AI_METRIC {"actor":"Gatherer_05","frame":0,"goal":"spawn","reason":"actor_ready","role":"hauler","run_id":"lyra_ai_phase1","scene":"res://level/scenes/lyrasandbox.tscn","score":0.0,"scores":{},"target":"","target_distance":-1.0,"time_sec":2.558,"type":"decision"}
AI_METRIC {"actor":"Gatherer_06","frame":0,"goal":"spawn","reason":"actor_ready","role":"scout","run_id":"lyra_ai_phase1","scene":"res://level/scenes/lyrasandbox.tscn","score":0.0,"scores":{},"target":"","target_distance":-1.0,"time_sec":2.558,"type":"decision"}
Terrain3D: Camera assigned for collision.
AI_METRIC {"active_ai_count":6,"decision_count":0,"fps":1.0,"frame":1,"frame_time_ms":1000.0,"interaction_count":0,"physics_fps":120,"run_id":"lyra_ai_phase1","scene":"res://level/scenes/lyrasandbox.tscn","time_sec":2.559,"type":"frame_sample"}
AI_METRIC {"actor":"Gatherer_01","frame":1,"goal":"weapon","reason":"utility_available","role":"forager","run_id":"lyra_ai_phase1","scene":"res://level/scenes/lyrasandbox.tscn","score":0.92,"scores":{"build":0.0,"combat":0.0,"explore":0.12,"food":0.500166666666667,"resource":0.68,"water":0.60025,"weapon":0.92},"target":"AI_PistolPickup_01","target_distance":3.88587212562561,"time_sec":2.559,"type":"decision"}
AI_METRIC {"actor":"Gatherer_01","frame":1,"goal":"weapon","reason":"nearest_available","result":"success","run_id":"lyra_ai_phase1","scene":"res://level/scenes/lyrasandbox.tscn","target":"AI_PistolPickup_01","target_distance":3.88587212562561,"time_sec":2.559,"type":"reservation"}
AI_METRIC {"actor":"Gatherer_02","frame":1,"goal":"resource","reason":"utility_available","role":"hauler","run_id":"lyra_ai_phase1","scene":"res://level/scenes/lyrasandbox.tscn","score":0.98,"scores":{"build":0.2,"combat":0.0,"explore":0.12,"food":0.350166666666667,"resource":0.98,"water":0.45025,"weapon":0.92},"target":"Resource_01","target_distance":2.93300175666809,"time_sec":2.56,"type":"decision"}
AI_METRIC {"actor":"Gatherer_02","frame":1,"goal":"resource","reason":"nearest_available","result":"success","run_id":"lyra_ai_phase1","scene":"res://level/scenes/lyrasandbox.tscn","target":"Resource_01","target_distance":2.93300175666809,"time_sec":2.56,"type":"reservation"}
AI_METRIC {"actor":"Gatherer_03","frame":1,"goal":"weapon","reason":"utility_available","role":"scout","run_id":"lyra_ai_phase1","scene":"res://level/scenes/lyrasandbox.tscn","score":1.0,"scores":{"build":0.0,"combat":0.0,"explore":0.56,"food":0.350166666666667,"resource":0.8,"water":0.45025,"weapon":1.0},"target":"AI_PistolPickup_02","target_distance":20.5440979003906,"time_sec":2.56,"type":"decision"}
AI_METRIC {"actor":"Gatherer_03","frame":1,"goal":"weapon","reason":"nearest_available","result":"success","run_id":"lyra_ai_phase1","scene":"res://level/scenes/lyrasandbox.tscn","target":"AI_PistolPickup_02","target_distance":20.5440979003906,"time_sec":2.56,"type":"reservation"}
AI_METRIC {"actor":"Gatherer_04","frame":1,"goal":"weapon","reason":"utility_available","role":"forager","run_id":"lyra_ai_phase1","scene":"res://level/scenes/lyrasandbox.tscn","score":0.92,"scores":{"build":0.0,"combat":0.0,"explore":0.12,"food":0.500166666666667,"resource":0.68,"water":0.60025,"weapon":0.92},"target":"PistolPickup_Ground","target_distance":6.11978626251221,"time_sec":2.56,"type":"decision"}
AI_METRIC {"actor":"Gatherer_04","frame":1,"goal":"weapon","reason":"nearest_available","result":"success","run_id":"lyra_ai_phase1","scene":"res://level/scenes/lyrasandbox.tscn","target":"PistolPickup_Ground","target_distance":6.11978626251221,"time_sec":2.56,"type":"reservation"}
AI_METRIC {"actor":"Gatherer_05","frame":1,"goal":"resource","reason":"utility_available","role":"hauler","run_id":"lyra_ai_phase1","scene":"res://level/scenes/lyrasandbox.tscn","score":0.98,"scores":{"build":0.2,"combat":0.0,"explore":0.12,"food":0.350166666666667,"resource":0.98,"water":0.45025,"weapon":0.92},"target":"Resource_02","target_distance":12.6234893798828,"time_sec":2.56,"type":"decision"}
AI_METRIC {"actor":"Gatherer_05","frame":1,"goal":"resource","reason":"nearest_available","result":"success","run_id":"lyra_ai_phase1","scene":"res://level/scenes/lyrasandbox.tscn","target":"Resource_02","target_distance":12.6234893798828,"time_sec":2.56,"type":"reservation"}
AI_METRIC {"actor":"Gatherer_06","frame":1,"goal":"weapon","reason":"utility_available","role":"scout","run_id":"lyra_ai_phase1","scene":"res://level/scenes/lyrasandbox.tscn","score":1.0,"scores":{"build":0.0,"combat":0.0,"explore":0.56,"food":0.350166666666667,"resource":0.8,"water":0.45025,"weapon":1.0},"target":"AI_RiflePickup_01","target_distance":10.1518459320068,"time_sec":2.56,"type":"decision"}
AI_METRIC {"actor":"Gatherer_06","frame":1,"goal":"weapon","reason":"nearest_available","result":"success","run_id":"lyra_ai_phase1","scene":"res://level/scenes/lyrasandbox.tscn","target":"AI_RiflePickup_01","target_distance":10.1518459320068,"time_sec":2.56,"type":"reservation"}
!!! DESTRUCTION COMPLETE
!!! DESTRUCTION COMPLETE
!!! DESTRUCTION COMPLETE
!!! DESTRUCTION COMPLETE
!!! DESTRUCTION COMPLETE
!!! DESTRUCTION COMPLETE
!!! DESTRUCTION COMPLETE
AI_METRIC {"actor":"Gatherer_02","delta":{"resource_count":1},"duration_sec":1.0,"frame":208,"goal":"resource","result":"success","role":"hauler","run_id":"lyra_ai_phase1","scene":"res://level/scenes/lyrasandbox.tscn","target":"Resource_01","time_sec":4.383,"type":"interaction_complete"}
AI_METRIC {"active_ai_count":6,"decision_count":0,"fps":130.0,"frame":242,"frame_time_ms":7.69230769230769,"interaction_count":0,"physics_fps":120,"run_id":"lyra_ai_phase1","scene":"res://level/scenes/lyrasandbox.tscn","time_sec":4.66,"type":"frame_sample"}
WEAPON_PICKUP: equipped Pistol
AI_METRIC {"actor":"Gatherer_01","delta":{"weapon":"Pistol"},"duration_sec":1.0,"frame":254,"goal":"weapon","result":"success","role":"forager","run_id":"lyra_ai_phase1","scene":"res://level/scenes/lyrasandbox.tscn","target":"AI_PistolPickup_01","time_sec":4.768,"type":"interaction_complete"}
!!! DESTRUCTION COMPLETE
AI_METRIC {"actor":"Gatherer_02","frame":326,"goal":"build","reason":"utility_available","role":"hauler","run_id":"lyra_ai_phase1","scene":"res://level/scenes/lyrasandbox.tscn","score":1.18,"scores":{"build":1.18,"combat":0.0,"explore":0.12,"food":0.40433333333333,"resource":0.88,"water":0.531499999999995,"weapon":0.92},"target":"BuildSite_Barricade_01","target_distance":18.7830562591553,"time_sec":5.365,"type":"decision"}
AI_METRIC {"actor":"Gatherer_02","frame":326,"goal":"build","reason":"nearest_available","result":"success","run_id":"lyra_ai_phase1","scene":"res://level/scenes/lyrasandbox.tscn","target":"BuildSite_Barricade_01","target_distance":18.7830562591553,"time_sec":5.365,"type":"reservation"}
WEAPON_PICKUP: equipped Pistol
AI_METRIC {"actor":"Gatherer_04","delta":{"weapon":"Pistol"},"duration_sec":1.0,"frame":341,"goal":"weapon","result":"success","role":"forager","run_id":"lyra_ai_phase1","scene":"res://level/scenes/lyrasandbox.tscn","target":"PistolPickup_Ground","time_sec":5.49,"type":"interaction_complete"}
AI_METRIC {"actor":"Gatherer_01","frame":362,"goal":"combat","reason":"utility_available","role":"forager","run_id":"lyra_ai_phase1","scene":"res://level/scenes/lyrasandbox.tscn","score":0.99,"scores":{"build":0.0,"combat":0.99,"explore":0.22,"food":0.56033333333333,"resource":0.68,"water":0.690499999999995,"weapon":0.05},"target":"AI_TargetDummy_01","target_distance":22.2755947113037,"time_sec":5.674,"type":"decision"}
AI_METRIC {"actor":"Gatherer_01","frame":362,"goal":"combat","reason":"nearest_available","result":"success","run_id":"lyra_ai_phase1","scene":"res://level/scenes/lyrasandbox.tscn","target":"AI_TargetDummy_01","target_distance":22.2755947113037,"time_sec":5.674,"type":"reservation"}
AI_METRIC {"actor":"Gatherer_04","frame":405,"goal":"combat","reason":"goal_targets_reserved","result":"failure","run_id":"lyra_ai_phase1","scene":"res://level/scenes/lyrasandbox.tscn","target":"","time_sec":6.018,"type":"reservation"}
AI_METRIC {"actor":"Gatherer_04","frame":405,"goal":"water","reason":"utility_available","role":"forager","run_id":"lyra_ai_phase1","scene":"res://level/scenes/lyrasandbox.tscn","score":0.701249999999994,"scores":{"build":0.0,"combat":0.99,"explore":0.22,"food":0.567499999999996,"resource":0.68,"water":0.701249999999994,"weapon":0.05},"target":"Water_02","target_distance":11.3878793716431,"time_sec":6.018,"type":"decision"}
AI_METRIC {"actor":"Gatherer_04","frame":405,"goal":"water","reason":"nearest_available","result":"success","run_id":"lyra_ai_phase1","scene":"res://level/scenes/lyrasandbox.tscn","target":"Water_02","target_distance":11.3878793716431,"time_sec":6.019,"type":"reservation"}
AI_METRIC {"active_ai_count":6,"decision_count":0,"fps":128.0,"frame":483,"frame_time_ms":7.8125,"interaction_count":0,"physics_fps":120,"run_id":"lyra_ai_phase1","scene":"res://level/scenes/lyrasandbox.tscn","time_sec":6.668,"type":"frame_sample"}
WEAPON_PICKUP: equipped Rifle
AI_METRIC {"actor":"Gatherer_06","delta":{"weapon":"Rifle"},"duration_sec":1.0,"frame":492,"goal":"weapon","result":"success","role":"scout","run_id":"lyra_ai_phase1","scene":"res://level/scenes/lyrasandbox.tscn","target":"AI_RiflePickup_01","time_sec":6.749,"type":"interaction_complete"}
AI_METRIC {"actor":"Gatherer_06","frame":564,"goal":"explore","reason":"utility_available","role":"scout","run_id":"lyra_ai_phase1","scene":"res://level/scenes/lyrasandbox.tscn","score":1.1,"scores":{"build":0.0,"combat":0.86,"explore":1.1,"food":0.443999999999995,"resource":0.8,"water":0.590999999999992,"weapon":0.15},"target":"WP_CentralMarket","target_distance":4.5396203994751,"time_sec":7.351,"type":"decision"}
AI_METRIC {"actor":"Gatherer_06","frame":564,"goal":"explore","reason":"nearest_available","result":"success","run_id":"lyra_ai_phase1","scene":"res://level/scenes/lyrasandbox.tscn","target":"WP_CentralMarket","target_distance":4.5396203994751,"time_sec":7.352,"type":"reservation"}
AI_METRIC {"actor":"Gatherer_05","delta":{"resource_count":1},"duration_sec":1.0,"frame":583,"goal":"resource","result":"success","role":"hauler","run_id":"lyra_ai_phase1","scene":"res://level/scenes/lyrasandbox.tscn","target":"Resource_02","time_sec":7.508,"type":"interaction_complete"}
AI_METRIC {"actor":"Gatherer_05","frame":645,"goal":"build","reason":"utility_available","role":"hauler","run_id":"lyra_ai_phase1","scene":"res://level/scenes/lyrasandbox.tscn","score":1.18,"scores":{"build":1.18,"combat":0.0,"explore":0.12,"food":0.457499999999994,"resource":0.88,"water":0.611249999999991,"weapon":0.92},"target":"BuildSite_Barricade_01","target_distance":7.16711044311523,"time_sec":8.021,"type":"decision"}
AI_METRIC {"actor":"Gatherer_05","frame":645,"goal":"build","reason":"nearest_available","result":"success","run_id":"lyra_ai_phase1","scene":"res://level/scenes/lyrasandbox.tscn","target":"BuildSite_Barricade_01","target_distance":7.16711044311523,"time_sec":8.021,"type":"reservation"}
AI_METRIC {"active_ai_count":6,"decision_count":0,"fps":129.0,"frame":724,"frame_time_ms":7.75193798449612,"interaction_count":0,"physics_fps":120,"run_id":"lyra_ai_phase1","scene":"res://level/scenes/lyrasandbox.tscn","time_sec":8.683,"type":"frame_sample"}
AI_METRIC {"actor":"Gatherer_06","frame":762,"goal":"explore","position":{"x":17.9019966125488,"y":0.000418360170442611,"z":13.2423944473267},"role":"scout","run_id":"lyra_ai_phase1","scene":"res://level/scenes/lyrasandbox.tscn","target":"WP_CentralMarket","time_sec":8.996,"type":"route_visit","visit_count":1}
AI_METRIC {"actor":"Gatherer_06","delta":{"route_visit_count":1,"waypoint":"WP_CentralMarket"},"duration_sec":1.0,"frame":762,"goal":"explore","result":"success","role":"scout","run_id":"lyra_ai_phase1","scene":"res://level/scenes/lyrasandbox.tscn","target":"WP_CentralMarket","time_sec":8.996,"type":"interaction_complete"}
AI_METRIC {"actor":"Gatherer_06","frame":837,"goal":"explore","reason":"utility_available","role":"scout","run_id":"lyra_ai_phase1","scene":"res://level/scenes/lyrasandbox.tscn","score":1.1,"scores":{"build":0.0,"combat":0.86,"explore":1.1,"food":0.489499999999992,"resource":0.8,"water":0.659249999999994,"weapon":0.15},"target":"WP_SpawnLane","target_distance":12.9428434371948,"time_sec":9.63,"type":"decision"}
AI_METRIC {"actor":"Gatherer_06","frame":837,"goal":"explore","reason":"nearest_available","result":"success","run_id":"lyra_ai_phase1","scene":"res://level/scenes/lyrasandbox.tscn","target":"WP_SpawnLane","target_distance":12.9428434371948,"time_sec":9.631,"type":"reservation"}
WEAPON_PICKUP: equipped Pistol
AI_METRIC {"actor":"Gatherer_03","delta":{"weapon":"Pistol"},"duration_sec":1.0,"frame":882,"goal":"weapon","result":"success","role":"scout","run_id":"lyra_ai_phase1","scene":"res://level/scenes/lyrasandbox.tscn","target":"AI_PistolPickup_02","time_sec":10.005,"type":"interaction_complete"}
AI_METRIC {"actor":"Gatherer_04","delta":{"thirst":-65.0},"duration_sec":1.0,"frame":907,"goal":"water","result":"success","role":"forager","run_id":"lyra_ai_phase1","scene":"res://level/scenes/lyrasandbox.tscn","target":"Water_02","time_sec":10.205,"type":"interaction_complete"}
AI_METRIC {"actor":"Gatherer_05","delivered_resources":1,"frame":923,"goal":"build","is_complete":false,"position":{"x":19.0298671722412,"y":0.000418353942222893,"z":17.909008026123},"required_resources":2,"role":"hauler","run_id":"lyra_ai_phase1","scene":"res://level/scenes/lyrasandbox.tscn","target":"BuildSite_Barricade_01","time_sec":10.344,"type":"build_started"}
AI_METRIC {"actor":"Gatherer_05","delivered_resources":1,"frame":923,"goal":"build","is_complete":false,"position":{"x":19.0298671722412,"y":0.000418353942222893,"z":17.909008026123},"required_resources":2,"role":"hauler","run_id":"lyra_ai_phase1","scene":"res://level/scenes/lyrasandbox.tscn","target":"BuildSite_Barricade_01","time_sec":10.344,"type":"build_resource_delivered"}
AI_METRIC {"actor":"Gatherer_05","delta":{"actor":"Gatherer_05","build":"delivered","delivered_resources":1,"is_complete":false,"required_resources":2,"resource_count":-1,"target":"BuildSite_Barricade_01"},"duration_sec":1.0,"frame":923,"goal":"build","result":"success","role":"hauler","run_id":"lyra_ai_phase1","scene":"res://level/scenes/lyrasandbox.tscn","target":"BuildSite_Barricade_01","time_sec":10.344,"type":"interaction_complete"}
AI_METRIC {"actor":"Gatherer_03","frame":927,"goal":"explore","reason":"utility_available","role":"scout","run_id":"lyra_ai_phase1","scene":"res://level/scenes/lyrasandbox.tscn","score":1.1,"scores":{"build":0.0,"combat":0.86,"explore":1.1,"food":0.504499999999991,"resource":0.8,"water":0.681749999999999,"weapon":0.15},"target":"WP_CentralMarket","target_distance":5.86408138275146,"time_sec":10.374,"type":"decision"}
AI_METRIC {"actor":"Gatherer_03","frame":927,"goal":"explore","reason":"nearest_available","result":"success","run_id":"lyra_ai_phase1","scene":"res://level/scenes/lyrasandbox.tscn","target":"WP_CentralMarket","target_distance":5.86408138275146,"time_sec":10.374,"type":"reservation"}
AI_METRIC {"actor":"Gatherer_01","damage":15.0,"distance_to_target":10.1080913543701,"frame":935,"goal":"combat","result":"hit","role":"forager","run_id":"lyra_ai_phase1","scene":"res://level/scenes/lyrasandbox.tscn","target":"AI_TargetDummy_01","time_sec":10.436,"type":"shot_fired","weapon":"Pistol"}
AI_METRIC {"actor":"Gatherer_01","delta":{"damage":15.0,"shot":"hit","weapon":"Pistol"},"duration_sec":1.0,"frame":935,"goal":"combat","result":"success","role":"forager","run_id":"lyra_ai_phase1","scene":"res://level/scenes/lyrasandbox.tscn","target":"AI_TargetDummy_01","time_sec":10.436,"type":"interaction_complete"}
AI_METRIC {"actor":"Gatherer_04","frame":952,"goal":"combat","reason":"utility_available","role":"forager","run_id":"lyra_ai_phase1","scene":"res://level/scenes/lyrasandbox.tscn","score":0.99,"scores":{"build":0.0,"combat":0.99,"explore":0.22,"food":0.658666666666658,"resource":0.68,"water":0.187999999999998,"weapon":0.05},"target":"AI_TargetDummy_01","target_distance":16.6402568817139,"time_sec":10.578,"type":"decision"}
AI_METRIC {"actor":"Gatherer_04","frame":952,"goal":"combat","reason":"nearest_available","result":"success","run_id":"lyra_ai_phase1","scene":"res://level/scenes/lyrasandbox.tscn","target":"AI_TargetDummy_01","target_distance":16.6402568817139,"time_sec":10.578,"type":"reservation"}
AI_METRIC {"active_ai_count":6,"decision_count":0,"fps":128.0,"frame":965,"frame_time_ms":7.8125,"interaction_count":0,"physics_fps":120,"run_id":"lyra_ai_phase1","scene":"res://level/scenes/lyrasandbox.tscn","time_sec":10.687,"type":"frame_sample"}
AI_METRIC {"actor":"Gatherer_05","frame":1027,"goal":"resource","reason":"utility_available","role":"hauler","run_id":"lyra_ai_phase1","scene":"res://level/scenes/lyrasandbox.tscn","score":0.98,"scores":{"build":0.2,"combat":0.0,"explore":0.12,"food":0.521166666666657,"resource":0.98,"water":0.706750000000004,"weapon":0.92},"target":"Resource_02","target_distance":3.05786657333374,"time_sec":11.214,"type":"decision"}
AI_METRIC {"actor":"Gatherer_05","frame":1027,"goal":"resource","reason":"nearest_available","result":"success","run_id":"lyra_ai_phase1","scene":"res://level/scenes/lyrasandbox.tscn","target":"Resource_02","target_distance":3.05786657333374,"time_sec":11.214,"type":"reservation"}
AI_METRIC {"actor":"Gatherer_01","frame":1031,"goal":"combat","reason":"utility_available","role":"forager","run_id":"lyra_ai_phase1","scene":"res://level/scenes/lyrasandbox.tscn","score":0.99,"scores":{"build":0.0,"combat":0.99,"explore":0.22,"food":0.671833333333324,"resource":0.68,"water":0.857750000000005,"weapon":0.05},"target":"AI_TargetDummy_01","target_distance":10.2520589828491,"time_sec":11.244,"type":"decision"}
AI_METRIC {"actor":"Gatherer_01","frame":1031,"goal":"combat","reason":"nearest_available","result":"success","run_id":"lyra_ai_phase1","scene":"res://level/scenes/lyrasandbox.tscn","target":"AI_TargetDummy_01","target_distance":10.2520589828491,"time_sec":11.244,"type":"reservation"}
AI_METRIC {"actor":"Gatherer_02","delivered_resources":2,"frame":1045,"goal":"build","is_complete":true,"position":{"x":18.7133960723877,"y":0.000949916720855981,"z":18.2978343963623},"required_resources":2,"role":"hauler","run_id":"lyra_ai_phase1","scene":"res://level/scenes/lyrasandbox.tscn","target":"BuildSite_Barricade_01","time_sec":11.354,"type":"build_resource_delivered"}
AI_METRIC {"actor":"Gatherer_02","delivered_resources":2,"frame":1045,"goal":"build","is_complete":true,"position":{"x":18.7133960723877,"y":0.000949916720855981,"z":18.2978343963623},"required_resources":2,"role":"hauler","run_id":"lyra_ai_phase1","scene":"res://level/scenes/lyrasandbox.tscn","target":"BuildSite_Barricade_01","time_sec":11.355,"type":"build_completed"}
AI_METRIC {"actor":"Gatherer_02","delta":{"actor":"Gatherer_02","build":"completed","delivered_resources":2,"is_complete":true,"required_resources":2,"resource_count":-1,"target":"BuildSite_Barricade_01"},"duration_sec":1.0,"frame":1045,"goal":"build","result":"success","role":"hauler","run_id":"lyra_ai_phase1","scene":"res://level/scenes/lyrasandbox.tscn","target":"BuildSite_Barricade_01","time_sec":11.355,"type":"interaction_complete"}
AI_METRIC {"actor":"Gatherer_02","frame":1093,"goal":"resource","reason":"utility_available","role":"hauler","run_id":"lyra_ai_phase1","scene":"res://level/scenes/lyrasandbox.tscn","score":0.98,"scores":{"build":0.2,"combat":0.0,"explore":0.12,"food":0.532166666666656,"resource":0.98,"water":0.723250000000008,"weapon":0.92},"target":"Resource_03","target_distance":4.98694372177124,"time_sec":11.756,"type":"decision"}
AI_METRIC {"actor":"Gatherer_02","frame":1093,"goal":"resource","reason":"nearest_available","result":"success","run_id":"lyra_ai_phase1","scene":"res://level/scenes/lyrasandbox.tscn","target":"Resource_03","target_distance":4.98694372177124,"time_sec":11.756,"type":"reservation"}
AI_METRIC {"actor":"Gatherer_01","damage":15.0,"distance_to_target":10.1080913543701,"frame":1153,"goal":"combat","result":"hit","role":"forager","run_id":"lyra_ai_phase1","scene":"res://level/scenes/lyrasandbox.tscn","target":"AI_TargetDummy_01","time_sec":12.252,"type":"shot_fired","weapon":"Pistol"}
AI_METRIC {"actor":"Gatherer_01","delta":{"damage":15.0,"shot":"hit","weapon":"Pistol"},"duration_sec":1.0,"frame":1153,"goal":"combat","result":"success","role":"forager","run_id":"lyra_ai_phase1","scene":"res://level/scenes/lyrasandbox.tscn","target":"AI_TargetDummy_01","time_sec":12.252,"type":"interaction_complete"}
AI_METRIC {"actor":"Gatherer_03","frame":1175,"goal":"explore","position":{"x":21.3698844909668,"y":0.000418301904574037,"z":16.8328895568848},"role":"scout","run_id":"lyra_ai_phase1","scene":"res://level/scenes/lyrasandbox.tscn","target":"WP_CentralMarket","time_sec":12.44,"type":"route_visit","visit_count":1}
AI_METRIC {"actor":"Gatherer_03","delta":{"route_visit_count":1,"waypoint":"WP_CentralMarket"},"duration_sec":1.0,"frame":1175,"goal":"explore","result":"success","role":"scout","run_id":"lyra_ai_phase1","scene":"res://level/scenes/lyrasandbox.tscn","target":"WP_CentralMarket","time_sec":12.44,"type":"interaction_complete"}
AI_METRIC {"active_ai_count":6,"decision_count":0,"fps":128.0,"frame":1206,"frame_time_ms":7.8125,"interaction_count":0,"physics_fps":120,"run_id":"lyra_ai_phase1","scene":"res://level/scenes/lyrasandbox.tscn","time_sec":12.703,"type":"frame_sample"}
AI_METRIC {"actor":"Gatherer_05","delta":{"resource_count":1},"duration_sec":1.0,"frame":1217,"goal":"resource","result":"success","role":"hauler","run_id":"lyra_ai_phase1","scene":"res://level/scenes/lyrasandbox.tscn","target":"Resource_02","time_sec":12.783,"type":"interaction_complete"}
AI_METRIC {"actor":"Gatherer_03","frame":1231,"goal":"explore","reason":"utility_available","role":"scout","run_id":"lyra_ai_phase1","scene":"res://level/scenes/lyrasandbox.tscn","score":1.1,"scores":{"build":0.0,"combat":0.86,"explore":1.1,"food":0.555166666666655,"resource":0.8,"water":0.757750000000016,"weapon":0.15},"target":"WP_EastOuter","target_distance":26.8086376190186,"time_sec":12.906,"type":"decision"}
AI_METRIC {"actor":"Gatherer_03","frame":1231,"goal":"explore","reason":"nearest_available","result":"success","run_id":"lyra_ai_phase1","scene":"res://level/scenes/lyrasandbox.tscn","target":"WP_EastOuter","target_distance":26.8086376190186,"time_sec":12.906,"type":"reservation"}
AI_METRIC {"actor":"Gatherer_01","frame":1255,"goal":"combat","reason":"utility_available","role":"forager","run_id":"lyra_ai_phase1","scene":"res://level/scenes/lyrasandbox.tscn","score":0.99,"scores":{"build":0.0,"combat":0.99,"explore":0.22,"food":0.709166666666655,"resource":0.68,"water":0.913750000000017,"weapon":0.05},"target":"AI_TargetDummy_01","target_distance":10.2520589828491,"time_sec":13.108,"type":"decision"}
AI_METRIC {"actor":"Gatherer_01","frame":1255,"goal":"combat","reason":"nearest_available","result":"success","run_id":"lyra_ai_phase1","scene":"res://level/scenes/lyrasandbox.tscn","target":"AI_TargetDummy_01","target_distance":10.2520589828491,"time_sec":13.109,"type":"reservation"}
AI_METRIC {"actor":"Gatherer_04","damage":15.0,"distance_to_target":10.0985460281372,"frame":1314,"goal":"combat","result":"hit","role":"forager","run_id":"lyra_ai_phase1","scene":"res://level/scenes/lyrasandbox.tscn","target":"AI_TargetDummy_01","time_sec":13.592,"type":"shot_fired","weapon":"Pistol"}
AI_METRIC {"actor":"Gatherer_04","delta":{"damage":15.0,"shot":"hit","weapon":"Pistol"},"duration_sec":1.0,"frame":1314,"goal":"combat","result":"success","role":"forager","run_id":"lyra_ai_phase1","scene":"res://level/scenes/lyrasandbox.tscn","target":"AI_TargetDummy_01","time_sec":13.592,"type":"interaction_complete"}
AI_METRIC {"actor":"Gatherer_05","frame":1323,"goal":"weapon","reason":"goal_targets_reserved","result":"failure","run_id":"lyra_ai_phase1","scene":"res://level/scenes/lyrasandbox.tscn","target":"","time_sec":13.67,"type":"reservation"}
AI_METRIC {"actor":"Gatherer_05","frame":1323,"goal":"resource","reason":"utility_available","role":"hauler","run_id":"lyra_ai_phase1","scene":"res://level/scenes/lyrasandbox.tscn","score":0.88,"scores":{"build":0.2,"combat":0.0,"explore":0.12,"food":0.570499999999987,"resource":0.88,"water":0.780750000000021,"weapon":0.92},"target":"Resource_02","target_distance":1.27348220348358,"time_sec":13.67,"type":"decision"}
AI_METRIC {"actor":"Gatherer_05","frame":1323,"goal":"resource","reason":"nearest_available","result":"success","run_id":"lyra_ai_phase1","scene":"res://level/scenes/lyrasandbox.tscn","target":"Resource_02","target_distance":1.27348220348358,"time_sec":13.67,"type":"reservation"}
AI_METRIC {"actor":"Gatherer_06","frame":1351,"goal":"explore","position":{"x":8.02663135528564,"y":0.000418322102632374,"z":9.814772605896},"role":"scout","run_id":"lyra_ai_phase1","scene":"res://level/scenes/lyrasandbox.tscn","target":"WP_SpawnLane","time_sec":13.903,"type":"route_visit","visit_count":2}
AI_METRIC {"actor":"Gatherer_06","delta":{"route_visit_count":2,"waypoint":"WP_SpawnLane"},"duration_sec":1.0,"frame":1351,"goal":"explore","result":"success","role":"scout","run_id":"lyra_ai_phase1","scene":"res://level/scenes/lyrasandbox.tscn","target":"WP_SpawnLane","time_sec":13.903,"type":"interaction_complete"}
AI_METRIC {"actor":"Gatherer_02","delta":{"resource_count":1},"duration_sec":1.0,"frame":1355,"goal":"resource","result":"success","role":"hauler","run_id":"lyra_ai_phase1","scene":"res://level/scenes/lyrasandbox.tscn","target":"Resource_03","time_sec":13.932,"type":"interaction_complete"}
AI_METRIC {"actor":"Gatherer_04","frame":1371,"goal":"combat","reason":"utility_available","role":"forager","run_id":"lyra_ai_phase1","scene":"res://level/scenes/lyrasandbox.tscn","score":0.99,"scores":{"build":0.0,"combat":0.99,"explore":0.22,"food":0.728499999999987,"resource":0.68,"water":0.292749999999999,"weapon":0.05},"target":"AI_TargetDummy_01","target_distance":10.242506980896,"time_sec":14.071,"type":"decision"}
AI_METRIC {"actor":"Gatherer_04","frame":1371,"goal":"combat","reason":"nearest_available","result":"success","run_id":"lyra_ai_phase1","scene":"res://level/scenes/lyrasandbox.tscn","target":"AI_TargetDummy_01","target_distance":10.242506980896,"time_sec":14.071,"type":"reservation"}
AI_METRIC {"actor":"Gatherer_01","damage":15.0,"distance_to_target":10.1080913543701,"frame":1377,"goal":"combat","result":"hit","role":"forager","run_id":"lyra_ai_phase1","scene":"res://level/scenes/lyrasandbox.tscn","target":"AI_TargetDummy_01","time_sec":14.117,"type":"shot_fired","weapon":"Pistol"}
AI_METRIC {"actor":"Gatherer_01","delta":{"damage":15.0,"shot":"hit","weapon":"Pistol"},"duration_sec":1.0,"frame":1377,"goal":"combat","result":"success","role":"forager","run_id":"lyra_ai_phase1","scene":"res://level/scenes/lyrasandbox.tscn","target":"AI_TargetDummy_01","time_sec":14.118,"type":"interaction_complete"}
AI_METRIC {"actor":"Gatherer_06","frame":1416,"goal":"explore","reason":"goal_targets_reserved","result":"failure","run_id":"lyra_ai_phase1","scene":"res://level/scenes/lyrasandbox.tscn","target":"","time_sec":14.455,"type":"reservation"}
AI_METRIC {"actor":"Gatherer_06","frame":1416,"goal":"combat","reason":"utility_available","role":"scout","run_id":"lyra_ai_phase1","scene":"res://level/scenes/lyrasandbox.tscn","score":0.86,"scores":{"build":0.0,"combat":0.86,"explore":1.1,"food":0.585999999999987,"resource":0.8,"water":0.804000000000026,"weapon":0.15},"target":"AI_TargetDummy_01","target_distance":19.6676025390625,"time_sec":14.455,"type":"decision"}
AI_METRIC {"actor":"Gatherer_06","frame":1416,"goal":"combat","reason":"nearest_available","result":"success","run_id":"lyra_ai_phase1","scene":"res://level/scenes/lyrasandbox.tscn","target":"AI_TargetDummy_01","target_distance":19.6676025390625,"time_sec":14.455,"type":"reservation"}
AI_METRIC {"actor":"Gatherer_02","frame":1425,"goal":"weapon","reason":"goal_targets_reserved","result":"failure","run_id":"lyra_ai_phase1","scene":"res://level/scenes/lyrasandbox.tscn","target":"","time_sec":14.517,"type":"reservation"}
AI_METRIC {"actor":"Gatherer_02","frame":1425,"goal":"resource","reason":"utility_available","role":"hauler","run_id":"lyra_ai_phase1","scene":"res://level/scenes/lyrasandbox.tscn","score":0.88,"scores":{"build":0.2,"combat":0.0,"explore":0.12,"food":0.587499999999986,"resource":0.88,"water":0.806250000000027,"weapon":0.92},"target":"Resource_03","target_distance":1.29011571407318,"time_sec":14.517,"type":"decision"}
AI_METRIC {"actor":"Gatherer_02","frame":1425,"goal":"resource","reason":"nearest_available","result":"success","run_id":"lyra_ai_phase1","scene":"res://level/scenes/lyrasandbox.tscn","target":"Resource_03","target_distance":1.29011571407318,"time_sec":14.517,"type":"reservation"}
AI_METRIC {"actor":"Gatherer_05","delta":{"resource_count":1},"duration_sec":1.0,"frame":1445,"goal":"resource","result":"success","role":"hauler","run_id":"lyra_ai_phase1","scene":"res://level/scenes/lyrasandbox.tscn","target":"Resource_02","time_sec":14.687,"type":"interaction_complete"}
AI_METRIC {"active_ai_count":6,"decision_count":0,"fps":128.0,"frame":1447,"frame_time_ms":7.8125,"interaction_count":0,"physics_fps":120,"run_id":"lyra_ai_phase1","scene":"res://level/scenes/lyrasandbox.tscn","time_sec":14.703,"type":"frame_sample"}
AI_METRIC {"actor":"Gatherer_01","frame":1471,"goal":"combat","reason":"utility_available","role":"forager","run_id":"lyra_ai_phase1","scene":"res://level/scenes/lyrasandbox.tscn","score":0.99,"scores":{"build":0.0,"combat":0.99,"explore":0.22,"food":0.745166666666653,"resource":0.68,"water":0.96775000000003,"weapon":0.05},"target":"AI_TargetDummy_01","target_distance":10.2520589828491,"time_sec":14.907,"type":"decision"}
AI_METRIC {"actor":"Gatherer_01","frame":1471,"goal":"combat","reason":"nearest_available","result":"success","run_id":"lyra_ai_phase1","scene":"res://level/scenes/lyrasandbox.tscn","target":"AI_TargetDummy_01","target_distance":10.2520589828491,"time_sec":14.907,"type":"reservation"}
AI_METRIC {"actor":"Gatherer_04","damage":15.0,"distance_to_target":10.0985460281372,"frame":1493,"goal":"combat","result":"hit","role":"forager","run_id":"lyra_ai_phase1","scene":"res://level/scenes/lyrasandbox.tscn","target":"AI_TargetDummy_01","time_sec":15.093,"type":"shot_fired","weapon":"Pistol"}
AI_METRIC {"actor":"Gatherer_04","delta":{"damage":15.0,"shot":"hit","weapon":"Pistol"},"duration_sec":1.0,"frame":1493,"goal":"combat","result":"success","role":"forager","run_id":"lyra_ai_phase1","scene":"res://level/scenes/lyrasandbox.tscn","target":"AI_TargetDummy_01","time_sec":15.093,"type":"interaction_complete"}
AI_METRIC {"actor":"Gatherer_05","frame":1530,"goal":"weapon","reason":"goal_targets_reserved","result":"failure","run_id":"lyra_ai_phase1","scene":"res://level/scenes/lyrasandbox.tscn","target":"","time_sec":15.4,"type":"reservation"}
AI_METRIC {"actor":"Gatherer_05","frame":1530,"goal":"water","reason":"utility_available","role":"hauler","run_id":"lyra_ai_phase1","scene":"res://level/scenes/lyrasandbox.tscn","score":0.832500000000033,"scores":{"build":0.2,"combat":0.0,"explore":0.12,"food":0.604999999999986,"resource":0.78,"water":0.832500000000033,"weapon":0.92},"target":"Water_01","target_distance":9.73516941070557,"time_sec":15.4,"type":"decision"}
AI_METRIC {"actor":"Gatherer_05","frame":1530,"goal":"water","reason":"nearest_available","result":"success","run_id":"lyra_ai_phase1","scene":"res://level/scenes/lyrasandbox.tscn","target":"Water_01","target_distance":9.73516941070557,"time_sec":15.4,"type":"reservation"}
AI_METRIC {"actor":"Gatherer_02","delta":{"resource_count":1},"duration_sec":1.0,"frame":1547,"goal":"resource","result":"success","role":"hauler","run_id":"lyra_ai_phase1","scene":"res://level/scenes/lyrasandbox.tscn","target":"Resource_03","time_sec":15.541,"type":"interaction_complete"}
AI_METRIC {"actor":"Gatherer_04","frame":1581,"goal":"combat","reason":"utility_available","role":"forager","run_id":"lyra_ai_phase1","scene":"res://level/scenes/lyrasandbox.tscn","score":0.99,"scores":{"build":0.0,"combat":0.99,"explore":0.22,"food":0.763499999999985,"resource":0.68,"water":0.345249999999997,"weapon":0.05},"target":"AI_TargetDummy_01","target_distance":10.242506980896,"time_sec":15.821,"type":"decision"}
AI_METRIC {"actor":"Gatherer_04","frame":1581,"goal":"combat","reason":"nearest_available","result":"success","run_id":"lyra_ai_phase1","scene":"res://level/scenes/lyrasandbox.tscn","target":"AI_TargetDummy_01","target_distance":10.242506980896,"time_sec":15.821,"type":"reservation"}
AI_METRIC {"actor":"Gatherer_01","damage":15.0,"distance_to_target":10.1080913543701,"frame":1593,"goal":"combat","result":"hit","role":"forager","run_id":"lyra_ai_phase1","scene":"res://level/scenes/lyrasandbox.tscn","target":"AI_TargetDummy_01","time_sec":15.916,"type":"shot_fired","weapon":"Pistol"}
AI_METRIC {"actor":"Gatherer_01","delta":{"damage":15.0,"shot":"hit","weapon":"Pistol"},"duration_sec":1.0,"frame":1593,"goal":"combat","result":"success","role":"forager","run_id":"lyra_ai_phase1","scene":"res://level/scenes/lyrasandbox.tscn","target":"AI_TargetDummy_01","time_sec":15.916,"type":"interaction_complete"}
AI_METRIC {"actor":"Gatherer_02","frame":1600,"goal":"weapon","reason":"goal_targets_reserved","result":"failure","run_id":"lyra_ai_phase1","scene":"res://level/scenes/lyrasandbox.tscn","target":"","time_sec":15.978,"type":"reservation"}
AI_METRIC {"actor":"Gatherer_02","frame":1600,"goal":"water","reason":"utility_available","role":"hauler","run_id":"lyra_ai_phase1","scene":"res://level/scenes/lyrasandbox.tscn","score":0.850000000000037,"scores":{"build":0.2,"combat":0.0,"explore":0.12,"food":0.616666666666651,"resource":0.78,"water":0.850000000000037,"weapon":0.92},"target":"Water_03","target_distance":6.76247406005859,"time_sec":15.978,"type":"decision"}
AI_METRIC {"actor":"Gatherer_02","frame":1600,"goal":"water","reason":"nearest_available","result":"success","run_id":"lyra_ai_phase1","scene":"res://level/scenes/lyrasandbox.tscn","target":"Water_03","target_distance":6.76247406005859,"time_sec":15.978,"type":"reservation"}
AI_METRIC {"active_ai_count":6,"decision_count":0,"fps":128.0,"frame":1688,"frame_time_ms":7.8125,"interaction_count":0,"physics_fps":120,"run_id":"lyra_ai_phase1","scene":"res://level/scenes/lyrasandbox.tscn","time_sec":16.706,"type":"frame_sample"}
AI_METRIC {"actor":"Gatherer_01","frame":1701,"goal":"water","reason":"utility_available","role":"forager","run_id":"lyra_ai_phase1","scene":"res://level/scenes/lyrasandbox.tscn","score":1.0,"scores":{"build":0.0,"combat":0.99,"explore":0.22,"food":0.783499999999984,"resource":0.68,"water":1.0,"weapon":0.05},"target":"Water_02","target_distance":5.24197387695313,"time_sec":16.83,"type":"decision"}
AI_METRIC {"actor":"Gatherer_01","frame":1701,"goal":"water","reason":"nearest_available","result":"success","run_id":"lyra_ai_phase1","scene":"res://level/scenes/lyrasandbox.tscn","target":"Water_02","target_distance":5.24197387695313,"time_sec":16.83,"type":"reservation"}
AI_METRIC {"actor":"Gatherer_04","damage":15.0,"distance_to_target":10.0985460281372,"frame":1703,"goal":"combat","result":"hit","role":"forager","run_id":"lyra_ai_phase1","scene":"res://level/scenes/lyrasandbox.tscn","target":"AI_TargetDummy_01","time_sec":16.846,"type":"shot_fired","weapon":"Pistol"}
AI_METRIC {"actor":"Gatherer_04","delta":{"damage":15.0,"shot":"hit","weapon":"Pistol"},"duration_sec":1.0,"frame":1703,"goal":"combat","result":"success","role":"forager","run_id":"lyra_ai_phase1","scene":"res://level/scenes/lyrasandbox.tscn","target":"AI_TargetDummy_01","time_sec":16.846,"type":"interaction_complete"}
AI_METRIC {"actor":"Gatherer_04","frame":1797,"goal":"combat","reason":"utility_available","role":"forager","run_id":"lyra_ai_phase1","scene":"res://level/scenes/lyrasandbox.tscn","score":0.99,"scores":{"build":0.0,"combat":0.99,"explore":0.22,"food":0.799499999999983,"resource":0.68,"water":0.399249999999994,"weapon":0.05},"target":"AI_TargetDummy_01","target_distance":10.242506980896,"time_sec":17.619,"type":"decision"}
AI_METRIC {"actor":"Gatherer_04","frame":1797,"goal":"combat","reason":"nearest_available","result":"success","run_id":"lyra_ai_phase1","scene":"res://level/scenes/lyrasandbox.tscn","target":"AI_TargetDummy_01","target_distance":10.242506980896,"time_sec":17.62,"type":"reservation"}
AI_METRIC {"actor":"Gatherer_06","damage":25.0,"distance_to_target":10.0864715576172,"frame":1892,"goal":"combat","result":"hit","role":"scout","run_id":"lyra_ai_phase1","scene":"res://level/scenes/lyrasandbox.tscn","target":"AI_TargetDummy_01","time_sec":18.423,"type":"shot_fired","weapon":"Rifle"}
AI_METRIC {"actor":"Gatherer_06","delta":{"damage":25.0,"shot":"hit","weapon":"Rifle"},"duration_sec":1.0,"frame":1892,"goal":"combat","result":"success","role":"scout","run_id":"lyra_ai_phase1","scene":"res://level/scenes/lyrasandbox.tscn","target":"AI_TargetDummy_01","time_sec":18.423,"type":"interaction_complete"}
AI_METRIC {"actor":"Gatherer_04","damage":15.0,"distance_to_target":10.0985460281372,"frame":1919,"goal":"combat","result":"hit","role":"forager","run_id":"lyra_ai_phase1","scene":"res://level/scenes/lyrasandbox.tscn","target":"AI_TargetDummy_01","time_sec":18.642,"type":"shot_fired","weapon":"Pistol"}
AI_METRIC {"actor":"Gatherer_04","delta":{"damage":15.0,"shot":"hit","weapon":"Pistol"},"duration_sec":1.0,"frame":1919,"goal":"combat","result":"success","role":"forager","run_id":"lyra_ai_phase1","scene":"res://level/scenes/lyrasandbox.tscn","target":"AI_TargetDummy_01","time_sec":18.642,"type":"interaction_complete"}
AI_METRIC {"active_ai_count":6,"decision_count":0,"fps":130.0,"frame":1929,"frame_time_ms":7.69230769230769,"interaction_count":0,"physics_fps":120,"run_id":"lyra_ai_phase1","scene":"res://level/scenes/lyrasandbox.tscn","time_sec":18.721,"type":"frame_sample"}
AI_METRIC {"actor":"Gatherer_02","delta":{"thirst":-65.0},"duration_sec":1.0,"frame":1929,"goal":"water","result":"success","role":"hauler","run_id":"lyra_ai_phase1","scene":"res://level/scenes/lyrasandbox.tscn","target":"Water_03","time_sec":18.722,"type":"interaction_complete"}
AI_METRIC {"actor":"Gatherer_06","frame":1964,"goal":"explore","reason":"utility_available","role":"scout","run_id":"lyra_ai_phase1","scene":"res://level/scenes/lyrasandbox.tscn","score":1.1,"scores":{"build":0.0,"combat":0.86,"explore":1.1,"food":0.677333333333315,"resource":0.8,"water":0.941000000000058,"weapon":0.15},"target":"WP_CentralMarket","target_distance":5.3503851890564,"time_sec":19.015,"type":"decision"}
AI_METRIC {"actor":"Gatherer_06","frame":1964,"goal":"explore","reason":"nearest_available","result":"success","run_id":"lyra_ai_phase1","scene":"res://level/scenes/lyrasandbox.tscn","target":"WP_CentralMarket","target_distance":5.3503851890564,"time_sec":19.015,"type":"reservation"}
AI_METRIC {"actor":"Gatherer_05","delta":{"thirst":-65.0},"duration_sec":1.0,"frame":1970,"goal":"water","result":"success","role":"hauler","run_id":"lyra_ai_phase1","scene":"res://level/scenes/lyrasandbox.tscn","target":"Water_01","time_sec":19.064,"type":"interaction_complete"}
AI_METRIC {"actor":"Gatherer_01","delta":{"thirst":-65.0},"duration_sec":1.0,"frame":1973,"goal":"water","result":"success","role":"forager","run_id":"lyra_ai_phase1","scene":"res://level/scenes/lyrasandbox.tscn","target":"Water_02","time_sec":19.094,"type":"interaction_complete"}
AI_METRIC {"actor":"Gatherer_04","frame":2009,"goal":"combat","reason":"utility_available","role":"forager","run_id":"lyra_ai_phase1","scene":"res://level/scenes/lyrasandbox.tscn","score":0.99,"scores":{"build":0.0,"combat":0.99,"explore":0.22,"food":0.834833333333314,"resource":0.68,"water":0.452249999999991,"weapon":0.05},"target":"AI_TargetDummy_01","target_distance":10.242506980896,"time_sec":19.387,"type":"decision"}
AI_METRIC {"actor":"Gatherer_04","frame":2009,"goal":"combat","reason":"nearest_available","result":"success","run_id":"lyra_ai_phase1","scene":"res://level/scenes/lyrasandbox.tscn","target":"AI_TargetDummy_01","target_distance":10.242506980896,"time_sec":19.387,"type":"reservation"}
AI_METRIC {"actor":"Gatherer_02","frame":2010,"goal":"weapon","reason":"goal_targets_reserved","result":"failure","run_id":"lyra_ai_phase1","scene":"res://level/scenes/lyrasandbox.tscn","target":"","time_sec":19.402,"type":"reservation"}
AI_METRIC {"actor":"Gatherer_02","frame":2010,"goal":"resource","reason":"utility_available","role":"hauler","run_id":"lyra_ai_phase1","scene":"res://level/scenes/lyrasandbox.tscn","score":0.78,"scores":{"build":0.2,"combat":0.0,"explore":0.12,"food":0.684999999999981,"resource":0.78,"water":0.302500000000055,"weapon":0.92},"target":"Resource_03","target_distance":5.12128162384033,"time_sec":19.402,"type":"decision"}
AI_METRIC {"actor":"Gatherer_02","frame":2010,"goal":"resource","reason":"nearest_available","result":"success","run_id":"lyra_ai_phase1","scene":"res://level/scenes/lyrasandbox.tscn","target":"Resource_03","target_distance":5.12128162384033,"time_sec":19.402,"type":"reservation"}
AI_METRIC {"actor":"Gatherer_01","frame":2028,"goal":"combat","reason":"utility_available","role":"forager","run_id":"lyra_ai_phase1","scene":"res://level/scenes/lyrasandbox.tscn","score":0.99,"scores":{"build":0.0,"combat":0.99,"explore":0.22,"food":0.837999999999981,"resource":0.68,"water":0.457000000000057,"weapon":0.05},"target":"AI_TargetDummy_01","target_distance":14.1893539428711,"time_sec":19.543,"type":"decision"}
AI_METRIC {"actor":"Gatherer_01","frame":2028,"goal":"combat","reason":"nearest_available","result":"success","run_id":"lyra_ai_phase1","scene":"res://level/scenes/lyrasandbox.tscn","target":"AI_TargetDummy_01","target_distance":14.1893539428711,"time_sec":19.543,"type":"reservation"}
AI_METRIC {"actor":"Gatherer_05","frame":2063,"goal":"weapon","reason":"goal_targets_reserved","result":"failure","run_id":"lyra_ai_phase1","scene":"res://level/scenes/lyrasandbox.tscn","target":"","time_sec":19.836,"type":"reservation"}
AI_METRIC {"actor":"Gatherer_05","frame":2063,"goal":"resource","reason":"utility_available","role":"hauler","run_id":"lyra_ai_phase1","scene":"res://level/scenes/lyrasandbox.tscn","score":0.78,"scores":{"build":0.2,"combat":0.0,"explore":0.12,"food":0.693833333333314,"resource":0.78,"water":0.315750000000057,"weapon":0.92},"target":"Resource_02","target_distance":8.0740966796875,"time_sec":19.836,"type":"decision"}
AI_METRIC {"actor":"Gatherer_05","frame":2063,"goal":"resource","reason":"nearest_available","result":"success","run_id":"lyra_ai_phase1","scene":"res://level/scenes/lyrasandbox.tscn","target":"Resource_02","target_distance":8.0740966796875,"time_sec":19.836,"type":"reservation"}
AI_METRIC {"actor":"Gatherer_04","damage":15.0,"distance_to_target":10.0985460281372,"frame":2131,"goal":"combat","result":"hit","role":"forager","run_id":"lyra_ai_phase1","scene":"res://level/scenes/lyrasandbox.tscn","target":"AI_TargetDummy_01","time_sec":20.412,"type":"shot_fired","weapon":"Pistol"}
AI_METRIC {"actor":"Gatherer_04","delta":{"damage":15.0,"shot":"hit","weapon":"Pistol"},"duration_sec":1.0,"frame":2131,"goal":"combat","result":"success","role":"forager","run_id":"lyra_ai_phase1","scene":"res://level/scenes/lyrasandbox.tscn","target":"AI_TargetDummy_01","time_sec":20.412,"type":"interaction_complete"}
