Godot Engine v4.5.1.stable.mono.official.f62fdbde1 - https://godotengine.org

ERROR: Failed to read the root certificate store.
   at: get_system_ca_certificates (platform/windows/os_windows.cpp:2548)
WARNING: res://level/scenes/DestructibleLargeCube.tscn:4 - ext_resource, invalid UID: uid://beo8luhfbe0it - using text path instead: res://assets/fractured_large_cube.glb
   at: load (scene/resources/resource_format_text.cpp:444)
WARNING: res://level/scenes/vehicles/BoxCarPropeller.tscn:4 - ext_resource, invalid UID: uid://boxcar001 - using text path instead: res://assets/models/BoxCar.glb
   at: load (scene/resources/resource_format_text.cpp:444)
WARNING: instance_reset_physics_interpolation() is deprecated.
   at: _instance_reset_physics_interpolation_bind_compat_104269 (servers/rendering_server.compat.inc:58)
DEBUG: Sparks particles found and emitting
!!! DESTRUCTIBLE SYSTEM ONLINE: DestructiblePillar2
!!! DESTRUCTIBLE SYSTEM ONLINE: DestructibleLargeCube
!!! DESTRUCTIBLE SYSTEM ONLINE: DestructibleLargeCube3
!!! DESTRUCTIBLE SYSTEM ONLINE: DestructibleLargeCube2
!!! DESTRUCTIBLE SYSTEM ONLINE: DestructiblePillar3
!!! DESTRUCTIBLE SYSTEM ONLINE: DestructiblePillar5
!!! DESTRUCTIBLE SYSTEM ONLINE: DestructiblePillar6
!!! DESTRUCTIBLE SYSTEM ONLINE: DestructiblePillar7
!!! DESTRUCTIBLE SYSTEM ONLINE: DestructiblePillar14
!!! DESTRUCTIBLE SYSTEM ONLINE: DestructiblePillar8
!!! DESTRUCTIBLE SYSTEM ONLINE: DestructiblePillar11
!!! DESTRUCTIBLE SYSTEM ONLINE: DestructiblePillar12
!!! DESTRUCTIBLE SYSTEM ONLINE: DestructiblePillar13
!!! DESTRUCTIBLE SYSTEM ONLINE: DestructiblePillar9
!!! DESTRUCTIBLE SYSTEM ONLINE: DestructiblePillar10
!!! DESTRUCTIBLE SYSTEM ONLINE: DestructiblePillar4
!!! DESTRUCTIBLE SYSTEM ONLINE: DestructibleWall
!!! DESTRUCTIBLE SYSTEM ONLINE: Node
!!! DESTRUCTIBLE SYSTEM ONLINE: DestructibleWall2
!!! DESTRUCTIBLE SYSTEM ONLINE: DestructibleSphere
!!! DESTRUCTIBLE SYSTEM ONLINE: DestructibleSphere2
!!! DESTRUCTIBLE SYSTEM ONLINE: DestructibleSphere3
!!! DESTRUCTIBLE SYSTEM ONLINE: DestructibleSphere4
!!! DESTRUCTIBLE SYSTEM ONLINE: DestructibleSphere5
!!! DESTRUCTIBLE SYSTEM ONLINE: DestructibleSphere6
AI_METRIC {"actor":"Gatherer_01","frame":0,"goal":"spawn","reason":"actor_ready","role":"forager","run_id":"lyra_ai_phase1","scene":"res://level/scenes/lyrasandbox.tscn","score":0.0,"scores":{},"target":"","target_distance":-1.0,"time_sec":2.592,"type":"decision"}
AI_METRIC {"actor":"Gatherer_02","frame":0,"goal":"spawn","reason":"actor_ready","role":"hauler","run_id":"lyra_ai_phase1","scene":"res://level/scenes/lyrasandbox.tscn","score":0.0,"scores":{},"target":"","target_distance":-1.0,"time_sec":2.593,"type":"decision"}
AI_METRIC {"actor":"Gatherer_03","frame":0,"goal":"spawn","reason":"actor_ready","role":"scout","run_id":"lyra_ai_phase1","scene":"res://level/scenes/lyrasandbox.tscn","score":0.0,"scores":{},"target":"","target_distance":-1.0,"time_sec":2.593,"type":"decision"}
AI_METRIC {"actor":"Gatherer_04","frame":0,"goal":"spawn","reason":"actor_ready","role":"forager","run_id":"lyra_ai_phase1","scene":"res://level/scenes/lyrasandbox.tscn","score":0.0,"scores":{},"target":"","target_distance":-1.0,"time_sec":2.594,"type":"decision"}
AI_METRIC {"actor":"Gatherer_05","frame":0,"goal":"spawn","reason":"actor_ready","role":"hauler","run_id":"lyra_ai_phase1","scene":"res://level/scenes/lyrasandbox.tscn","score":0.0,"scores":{},"target":"","target_distance":-1.0,"time_sec":2.594,"type":"decision"}
AI_METRIC {"actor":"Gatherer_06","frame":0,"goal":"spawn","reason":"actor_ready","role":"scout","run_id":"lyra_ai_phase1","scene":"res://level/scenes/lyrasandbox.tscn","score":0.0,"scores":{},"target":"","target_distance":-1.0,"time_sec":2.595,"type":"decision"}
Terrain3D: Camera assigned for collision.
AI_METRIC {"active_ai_count":6,"decision_count":0,"fps":1.0,"frame":1,"frame_time_ms":1000.0,"interaction_count":0,"physics_fps":120,"run_id":"lyra_ai_phase1","scene":"res://level/scenes/lyrasandbox.tscn","time_sec":2.596,"type":"frame_sample"}
AI_METRIC {"actor":"Gatherer_01","frame":1,"goal":"weapon","reason":"utility_available","role":"forager","run_id":"lyra_ai_phase1","scene":"res://level/scenes/lyrasandbox.tscn","score":0.92,"scores":{"build":0.0,"combat":0.0,"explore":0.12,"food":0.500166666666667,"resource":0.68,"water":0.60025,"weapon":0.92},"target":"AI_PistolPickup_01","target_distance":3.88587212562561,"time_sec":2.596,"type":"decision"}
AI_METRIC {"actor":"Gatherer_01","frame":1,"goal":"weapon","reason":"nearest_available","result":"success","run_id":"lyra_ai_phase1","scene":"res://level/scenes/lyrasandbox.tscn","target":"AI_PistolPickup_01","target_distance":3.88587212562561,"time_sec":2.596,"type":"reservation"}
AI_METRIC {"actor":"Gatherer_02","frame":1,"goal":"resource","reason":"utility_available","role":"hauler","run_id":"lyra_ai_phase1","scene":"res://level/scenes/lyrasandbox.tscn","score":0.98,"scores":{"build":0.2,"combat":0.0,"explore":0.12,"food":0.350166666666667,"resource":0.98,"water":0.45025,"weapon":0.92},"target":"Resource_01","target_distance":2.93300175666809,"time_sec":2.596,"type":"decision"}
AI_METRIC {"actor":"Gatherer_02","frame":1,"goal":"resource","reason":"nearest_available","result":"success","run_id":"lyra_ai_phase1","scene":"res://level/scenes/lyrasandbox.tscn","target":"Resource_01","target_distance":2.93300175666809,"time_sec":2.596,"type":"reservation"}
AI_METRIC {"actor":"Gatherer_03","frame":1,"goal":"weapon","reason":"utility_available","role":"scout","run_id":"lyra_ai_phase1","scene":"res://level/scenes/lyrasandbox.tscn","score":1.0,"scores":{"build":0.0,"combat":0.0,"explore":0.56,"food":0.350166666666667,"resource":0.8,"water":0.45025,"weapon":1.0},"target":"AI_PistolPickup_02","target_distance":20.5440979003906,"time_sec":2.596,"type":"decision"}
AI_METRIC {"actor":"Gatherer_03","frame":1,"goal":"weapon","reason":"nearest_available","result":"success","run_id":"lyra_ai_phase1","scene":"res://level/scenes/lyrasandbox.tscn","target":"AI_PistolPickup_02","target_distance":20.5440979003906,"time_sec":2.596,"type":"reservation"}
AI_METRIC {"actor":"Gatherer_04","frame":1,"goal":"weapon","reason":"utility_available","role":"forager","run_id":"lyra_ai_phase1","scene":"res://level/scenes/lyrasandbox.tscn","score":0.92,"scores":{"build":0.0,"combat":0.0,"explore":0.12,"food":0.500166666666667,"resource":0.68,"water":0.60025,"weapon":0.92},"target":"PistolPickup_Ground","target_distance":6.11978626251221,"time_sec":2.596,"type":"decision"}
AI_METRIC {"actor":"Gatherer_04","frame":1,"goal":"weapon","reason":"nearest_available","result":"success","run_id":"lyra_ai_phase1","scene":"res://level/scenes/lyrasandbox.tscn","target":"PistolPickup_Ground","target_distance":6.11978626251221,"time_sec":2.596,"type":"reservation"}
AI_METRIC {"actor":"Gatherer_05","frame":1,"goal":"resource","reason":"utility_available","role":"hauler","run_id":"lyra_ai_phase1","scene":"res://level/scenes/lyrasandbox.tscn","score":0.98,"scores":{"build":0.2,"combat":0.0,"explore":0.12,"food":0.350166666666667,"resource":0.98,"water":0.45025,"weapon":0.92},"target":"Resource_02","target_distance":12.6234893798828,"time_sec":2.596,"type":"decision"}
AI_METRIC {"actor":"Gatherer_05","frame":1,"goal":"resource","reason":"nearest_available","result":"success","run_id":"lyra_ai_phase1","scene":"res://level/scenes/lyrasandbox.tscn","target":"Resource_02","target_distance":12.6234893798828,"time_sec":2.596,"type":"reservation"}
AI_METRIC {"actor":"Gatherer_06","frame":1,"goal":"weapon","reason":"utility_available","role":"scout","run_id":"lyra_ai_phase1","scene":"res://level/scenes/lyrasandbox.tscn","score":1.0,"scores":{"build":0.0,"combat":0.0,"explore":0.56,"food":0.350166666666667,"resource":0.8,"water":0.45025,"weapon":1.0},"target":"AI_RiflePickup_01","target_distance":10.1518459320068,"time_sec":2.596,"type":"decision"}
AI_METRIC {"actor":"Gatherer_06","frame":1,"goal":"weapon","reason":"nearest_available","result":"success","run_id":"lyra_ai_phase1","scene":"res://level/scenes/lyrasandbox.tscn","target":"AI_RiflePickup_01","target_distance":10.1518459320068,"time_sec":2.596,"type":"reservation"}
!!! DESTRUCTION COMPLETE
!!! DESTRUCTION COMPLETE
!!! DESTRUCTION COMPLETE
!!! DESTRUCTION COMPLETE
!!! DESTRUCTION COMPLETE
!!! DESTRUCTION COMPLETE
!!! DESTRUCTION COMPLETE
!!! DESTRUCTION COMPLETE
AI_METRIC {"actor":"Gatherer_02","delta":{"resource_count":1},"duration_sec":1.0,"frame":208,"goal":"resource","result":"success","role":"hauler","run_id":"lyra_ai_phase1","scene":"res://level/scenes/lyrasandbox.tscn","target":"Resource_01","time_sec":4.381,"type":"interaction_complete"}
AI_METRIC {"active_ai_count":6,"decision_count":0,"fps":128.0,"frame":242,"frame_time_ms":7.8125,"interaction_count":0,"physics_fps":120,"run_id":"lyra_ai_phase1","scene":"res://level/scenes/lyrasandbox.tscn","time_sec":4.658,"type":"frame_sample"}
WEAPON_PICKUP: equipped Pistol
AI_METRIC {"actor":"Gatherer_01","delta":{"weapon":"Pistol"},"duration_sec":1.0,"frame":254,"goal":"weapon","result":"success","role":"forager","run_id":"lyra_ai_phase1","scene":"res://level/scenes/lyrasandbox.tscn","target":"AI_PistolPickup_01","time_sec":4.765,"type":"interaction_complete"}
AI_METRIC {"actor":"Gatherer_02","frame":280,"goal":"build","reason":"utility_available","role":"hauler","run_id":"lyra_ai_phase1","scene":"res://level/scenes/lyrasandbox.tscn","score":1.18,"scores":{"build":1.18,"combat":0.0,"explore":0.12,"food":0.396666666666664,"resource":0.88,"water":0.519999999999996,"weapon":0.92},"target":"BuildSite_Barricade_01","target_distance":18.7830562591553,"time_sec":4.981,"type":"decision"}
AI_METRIC {"actor":"Gatherer_02","frame":280,"goal":"build","reason":"nearest_available","result":"success","run_id":"lyra_ai_phase1","scene":"res://level/scenes/lyrasandbox.tscn","target":"BuildSite_Barricade_01","target_distance":18.7830562591553,"time_sec":4.981,"type":"reservation"}
AI_METRIC {"actor":"Gatherer_01","frame":326,"goal":"combat","reason":"utility_available","role":"forager","run_id":"lyra_ai_phase1","scene":"res://level/scenes/lyrasandbox.tscn","score":0.99,"scores":{"build":0.0,"combat":0.99,"explore":0.22,"food":0.55433333333333,"resource":0.68,"water":0.681499999999995,"weapon":0.05},"target":"AI_TargetDummy_01","target_distance":22.2755947113037,"time_sec":5.367,"type":"decision"}
AI_METRIC {"actor":"Gatherer_01","frame":326,"goal":"combat","reason":"nearest_available","result":"success","run_id":"lyra_ai_phase1","scene":"res://level/scenes/lyrasandbox.tscn","target":"AI_TargetDummy_01","target_distance":22.2755947113037,"time_sec":5.367,"type":"reservation"}
WEAPON_PICKUP: equipped Pistol
AI_METRIC {"actor":"Gatherer_04","delta":{"weapon":"Pistol"},"duration_sec":1.0,"frame":341,"goal":"weapon","result":"success","role":"forager","run_id":"lyra_ai_phase1","scene":"res://level/scenes/lyrasandbox.tscn","target":"PistolPickup_Ground","time_sec":5.482,"type":"interaction_complete"}
AI_METRIC {"actor":"Gatherer_04","frame":392,"goal":"combat","reason":"goal_targets_reserved","result":"failure","run_id":"lyra_ai_phase1","scene":"res://level/scenes/lyrasandbox.tscn","target":"","time_sec":5.909,"type":"reservation"}
AI_METRIC {"actor":"Gatherer_04","frame":392,"goal":"water","reason":"utility_available","role":"forager","run_id":"lyra_ai_phase1","scene":"res://level/scenes/lyrasandbox.tscn","score":0.697999999999994,"scores":{"build":0.0,"combat":0.99,"explore":0.22,"food":0.56533333333333,"resource":0.68,"water":0.697999999999994,"weapon":0.05},"target":"Water_02","target_distance":11.3878793716431,"time_sec":5.909,"type":"decision"}
AI_METRIC {"actor":"Gatherer_04","frame":392,"goal":"water","reason":"nearest_available","result":"success","run_id":"lyra_ai_phase1","scene":"res://level/scenes/lyrasandbox.tscn","target":"Water_02","target_distance":11.3878793716431,"time_sec":5.909,"type":"reservation"}
AI_METRIC {"active_ai_count":6,"decision_count":0,"fps":128.0,"frame":483,"frame_time_ms":7.8125,"interaction_count":0,"physics_fps":120,"run_id":"lyra_ai_phase1","scene":"res://level/scenes/lyrasandbox.tscn","time_sec":6.67,"type":"frame_sample"}
WEAPON_PICKUP: equipped Rifle
AI_METRIC {"actor":"Gatherer_06","delta":{"weapon":"Rifle"},"duration_sec":1.0,"frame":492,"goal":"weapon","result":"success","role":"scout","run_id":"lyra_ai_phase1","scene":"res://level/scenes/lyrasandbox.tscn","target":"AI_RiflePickup_01","time_sec":6.75,"type":"interaction_complete"}
AI_METRIC {"actor":"Gatherer_05","delta":{"resource_count":1},"duration_sec":1.0,"frame":583,"goal":"resource","result":"success","role":"hauler","run_id":"lyra_ai_phase1","scene":"res://level/scenes/lyrasandbox.tscn","target":"Resource_02","time_sec":7.497,"type":"interaction_complete"}
AI_METRIC {"actor":"Gatherer_06","frame":602,"goal":"explore","reason":"utility_available","role":"scout","run_id":"lyra_ai_phase1","scene":"res://level/scenes/lyrasandbox.tscn","score":1.1,"scores":{"build":0.0,"combat":0.86,"explore":1.1,"food":0.450333333333328,"resource":0.8,"water":0.600499999999991,"weapon":0.15},"target":"WP_CentralMarket","target_distance":4.5396203994751,"time_sec":7.655,"type":"decision"}
AI_METRIC {"actor":"Gatherer_06","frame":602,"goal":"explore","reason":"nearest_available","result":"success","run_id":"lyra_ai_phase1","scene":"res://level/scenes/lyrasandbox.tscn","target":"WP_CentralMarket","target_distance":4.5396203994751,"time_sec":7.655,"type":"reservation"}
AI_METRIC {"actor":"Gatherer_05","frame":702,"goal":"build","reason":"utility_available","role":"hauler","run_id":"lyra_ai_phase1","scene":"res://level/scenes/lyrasandbox.tscn","score":1.18,"scores":{"build":1.18,"combat":0.0,"explore":0.12,"food":0.466999999999993,"resource":0.88,"water":0.62549999999999,"weapon":0.92},"target":"BuildSite_Barricade_01","target_distance":7.16711044311523,"time_sec":8.495,"type":"decision"}
AI_METRIC {"actor":"Gatherer_05","frame":702,"goal":"build","reason":"nearest_available","result":"success","run_id":"lyra_ai_phase1","scene":"res://level/scenes/lyrasandbox.tscn","target":"BuildSite_Barricade_01","target_distance":7.16711044311523,"time_sec":8.495,"type":"reservation"}
AI_METRIC {"active_ai_count":6,"decision_count":0,"fps":128.0,"frame":724,"frame_time_ms":7.8125,"interaction_count":0,"physics_fps":120,"run_id":"lyra_ai_phase1","scene":"res://level/scenes/lyrasandbox.tscn","time_sec":8.68,"type":"frame_sample"}
AI_METRIC {"actor":"Gatherer_06","frame":800,"goal":"explore","position":{"x":17.9019966125488,"y":0.000418360170442611,"z":13.2423944473267},"role":"scout","run_id":"lyra_ai_phase1","scene":"res://level/scenes/lyrasandbox.tscn","target":"WP_CentralMarket","time_sec":9.316,"type":"route_visit","visit_count":1}
AI_METRIC {"actor":"Gatherer_06","delta":{"route_visit_count":1,"waypoint":"WP_CentralMarket"},"duration_sec":1.0,"frame":800,"goal":"explore","result":"success","role":"scout","run_id":"lyra_ai_phase1","scene":"res://level/scenes/lyrasandbox.tscn","target":"WP_CentralMarket","time_sec":9.316,"type":"interaction_complete"}
AI_METRIC {"actor":"Gatherer_06","frame":863,"goal":"explore","reason":"utility_available","role":"scout","run_id":"lyra_ai_phase1","scene":"res://level/scenes/lyrasandbox.tscn","score":1.1,"scores":{"build":0.0,"combat":0.86,"explore":1.1,"food":0.493833333333325,"resource":0.8,"water":0.665749999999995,"weapon":0.15},"target":"WP_SpawnLane","target_distance":12.9428434371948,"time_sec":9.842,"type":"decision"}
AI_METRIC {"actor":"Gatherer_06","frame":863,"goal":"explore","reason":"nearest_available","result":"success","run_id":"lyra_ai_phase1","scene":"res://level/scenes/lyrasandbox.tscn","target":"WP_SpawnLane","target_distance":12.9428434371948,"time_sec":9.842,"type":"reservation"}
WEAPON_PICKUP: equipped Pistol
AI_METRIC {"actor":"Gatherer_03","delta":{"weapon":"Pistol"},"duration_sec":1.0,"frame":882,"goal":"weapon","result":"success","role":"scout","run_id":"lyra_ai_phase1","scene":"res://level/scenes/lyrasandbox.tscn","target":"AI_PistolPickup_02","time_sec":9.998,"type":"interaction_complete"}
AI_METRIC {"actor":"Gatherer_04","delta":{"thirst":-65.0},"duration_sec":1.0,"frame":894,"goal":"water","result":"success","role":"forager","run_id":"lyra_ai_phase1","scene":"res://level/scenes/lyrasandbox.tscn","target":"Water_02","time_sec":10.089,"type":"interaction_complete"}
AI_METRIC {"actor":"Gatherer_01","damage":15.0,"distance_to_target":10.1080913543701,"frame":899,"goal":"combat","result":"hit","role":"forager","run_id":"lyra_ai_phase1","scene":"res://level/scenes/lyrasandbox.tscn","target":"AI_TargetDummy_01","time_sec":10.134,"type":"shot_fired","weapon":"Pistol"}
AI_METRIC {"actor":"Gatherer_01","delta":{"damage":15.0,"shot":"hit","weapon":"Pistol"},"duration_sec":1.0,"frame":899,"goal":"combat","result":"success","role":"forager","run_id":"lyra_ai_phase1","scene":"res://level/scenes/lyrasandbox.tscn","target":"AI_TargetDummy_01","time_sec":10.134,"type":"interaction_complete"}
AI_METRIC {"actor":"Gatherer_03","frame":931,"goal":"explore","reason":"utility_available","role":"scout","run_id":"lyra_ai_phase1","scene":"res://level/scenes/lyrasandbox.tscn","score":1.1,"scores":{"build":0.0,"combat":0.86,"explore":1.1,"food":0.505166666666658,"resource":0.8,"water":0.682749999999999,"weapon":0.15},"target":"WP_CentralMarket","target_distance":5.86408138275146,"time_sec":10.4,"type":"decision"}
AI_METRIC {"actor":"Gatherer_03","frame":931,"goal":"explore","reason":"nearest_available","result":"success","run_id":"lyra_ai_phase1","scene":"res://level/scenes/lyrasandbox.tscn","target":"WP_CentralMarket","target_distance":5.86408138275146,"time_sec":10.4,"type":"reservation"}
AI_METRIC {"active_ai_count":6,"decision_count":0,"fps":130.0,"frame":965,"frame_time_ms":7.69230769230769,"interaction_count":0,"physics_fps":120,"run_id":"lyra_ai_phase1","scene":"res://level/scenes/lyrasandbox.tscn","time_sec":10.694,"type":"frame_sample"}
AI_METRIC {"actor":"Gatherer_05","delivered_resources":1,"frame":980,"goal":"build","is_complete":false,"position":{"x":19.0298671722412,"y":0.000418353942222893,"z":17.909008026123},"required_resources":2,"role":"hauler","run_id":"lyra_ai_phase1","scene":"res://level/scenes/lyrasandbox.tscn","target":"BuildSite_Barricade_01","time_sec":10.818,"type":"build_started"}
AI_METRIC {"actor":"Gatherer_05","delivered_resources":1,"frame":980,"goal":"build","is_complete":false,"position":{"x":19.0298671722412,"y":0.000418353942222893,"z":17.909008026123},"required_resources":2,"role":"hauler","run_id":"lyra_ai_phase1","scene":"res://level/scenes/lyrasandbox.tscn","target":"BuildSite_Barricade_01","time_sec":10.818,"type":"build_resource_delivered"}
AI_METRIC {"actor":"Gatherer_05","delta":{"actor":"Gatherer_05","build":"delivered","delivered_resources":1,"is_complete":false,"required_resources":2,"resource_count":-1,"target":"BuildSite_Barricade_01"},"duration_sec":1.0,"frame":980,"goal":"build","result":"success","role":"hauler","run_id":"lyra_ai_phase1","scene":"res://level/scenes/lyrasandbox.tscn","target":"BuildSite_Barricade_01","time_sec":10.818,"type":"interaction_complete"}
AI_METRIC {"actor":"Gatherer_02","delivered_resources":2,"frame":994,"goal":"build","is_complete":true,"position":{"x":18.6678848266602,"y":0.000418369192630053,"z":18.3712902069092},"required_resources":2,"role":"hauler","run_id":"lyra_ai_phase1","scene":"res://level/scenes/lyrasandbox.tscn","target":"BuildSite_Barricade_01","time_sec":10.927,"type":"build_resource_delivered"}
AI_METRIC {"actor":"Gatherer_02","delivered_resources":2,"frame":994,"goal":"build","is_complete":true,"position":{"x":18.6678848266602,"y":0.000418369192630053,"z":18.3712902069092},"required_resources":2,"role":"hauler","run_id":"lyra_ai_phase1","scene":"res://level/scenes/lyrasandbox.tscn","target":"BuildSite_Barricade_01","time_sec":10.928,"type":"build_completed"}
AI_METRIC {"actor":"Gatherer_02","delta":{"actor":"Gatherer_02","build":"completed","delivered_resources":2,"is_complete":true,"required_resources":2,"resource_count":-1,"target":"BuildSite_Barricade_01"},"duration_sec":1.0,"frame":994,"goal":"build","result":"success","role":"hauler","run_id":"lyra_ai_phase1","scene":"res://level/scenes/lyrasandbox.tscn","target":"BuildSite_Barricade_01","time_sec":10.928,"type":"interaction_complete"}
AI_METRIC {"actor":"Gatherer_01","frame":1011,"goal":"combat","reason":"utility_available","role":"forager","run_id":"lyra_ai_phase1","scene":"res://level/scenes/lyrasandbox.tscn","score":0.99,"scores":{"build":0.0,"combat":0.99,"explore":0.22,"food":0.66849999999999,"resource":0.68,"water":0.852750000000003,"weapon":0.05},"target":"AI_TargetDummy_01","target_distance":10.2520589828491,"time_sec":11.067,"type":"decision"}
AI_METRIC {"actor":"Gatherer_01","frame":1011,"goal":"combat","reason":"nearest_available","result":"success","run_id":"lyra_ai_phase1","scene":"res://level/scenes/lyrasandbox.tscn","target":"AI_TargetDummy_01","target_distance":10.2520589828491,"time_sec":11.067,"type":"reservation"}
AI_METRIC {"actor":"Gatherer_04","frame":1012,"goal":"combat","reason":"utility_available","role":"forager","run_id":"lyra_ai_phase1","scene":"res://level/scenes/lyrasandbox.tscn","score":0.99,"scores":{"build":0.0,"combat":0.99,"explore":0.22,"food":0.668666666666657,"resource":0.68,"water":0.202999999999997,"weapon":0.05},"target":"AI_TargetDummy_01","target_distance":16.6402568817139,"time_sec":11.083,"type":"decision"}
AI_METRIC {"actor":"Gatherer_04","frame":1012,"goal":"combat","reason":"nearest_available","result":"success","run_id":"lyra_ai_phase1","scene":"res://level/scenes/lyrasandbox.tscn","target":"AI_TargetDummy_01","target_distance":16.6402568817139,"time_sec":11.083,"type":"reservation"}
AI_METRIC {"actor":"Gatherer_02","frame":1054,"goal":"resource","reason":"utility_available","role":"hauler","run_id":"lyra_ai_phase1","scene":"res://level/scenes/lyrasandbox.tscn","score":0.98,"scores":{"build":0.2,"combat":0.0,"explore":0.12,"food":0.525666666666657,"resource":0.98,"water":0.713500000000006,"weapon":0.92},"target":"Resource_02","target_distance":3.25311231613159,"time_sec":11.427,"type":"decision"}
AI_METRIC {"actor":"Gatherer_02","frame":1054,"goal":"resource","reason":"nearest_available","result":"success","run_id":"lyra_ai_phase1","scene":"res://level/scenes/lyrasandbox.tscn","target":"Resource_02","target_distance":3.25311231613159,"time_sec":11.427,"type":"reservation"}
AI_METRIC {"actor":"Gatherer_05","frame":1091,"goal":"resource","reason":"utility_available","role":"hauler","run_id":"lyra_ai_phase1","scene":"res://level/scenes/lyrasandbox.tscn","score":0.98,"scores":{"build":0.2,"combat":0.0,"explore":0.12,"food":0.531833333333323,"resource":0.98,"water":0.722750000000008,"weapon":0.92},"target":"Resource_03","target_distance":4.66333055496216,"time_sec":11.737,"type":"decision"}
AI_METRIC {"actor":"Gatherer_05","frame":1091,"goal":"resource","reason":"nearest_available","result":"success","run_id":"lyra_ai_phase1","scene":"res://level/scenes/lyrasandbox.tscn","target":"Resource_03","target_distance":4.66333055496216,"time_sec":11.737,"type":"reservation"}
AI_METRIC {"actor":"Gatherer_01","damage":15.0,"distance_to_target":10.1080913543701,"frame":1133,"goal":"combat","result":"hit","role":"forager","run_id":"lyra_ai_phase1","scene":"res://level/scenes/lyrasandbox.tscn","target":"AI_TargetDummy_01","time_sec":12.095,"type":"shot_fired","weapon":"Pistol"}
AI_METRIC {"actor":"Gatherer_01","delta":{"damage":15.0,"shot":"hit","weapon":"Pistol"},"duration_sec":1.0,"frame":1133,"goal":"combat","result":"success","role":"forager","run_id":"lyra_ai_phase1","scene":"res://level/scenes/lyrasandbox.tscn","target":"AI_TargetDummy_01","time_sec":12.095,"type":"interaction_complete"}
AI_METRIC {"actor":"Gatherer_03","frame":1179,"goal":"explore","position":{"x":21.3698844909668,"y":0.000418301904574037,"z":16.8328895568848},"role":"scout","run_id":"lyra_ai_phase1","scene":"res://level/scenes/lyrasandbox.tscn","target":"WP_CentralMarket","time_sec":12.467,"type":"route_visit","visit_count":1}
AI_METRIC {"actor":"Gatherer_03","delta":{"route_visit_count":1,"waypoint":"WP_CentralMarket"},"duration_sec":1.0,"frame":1179,"goal":"explore","result":"success","role":"scout","run_id":"lyra_ai_phase1","scene":"res://level/scenes/lyrasandbox.tscn","target":"WP_CentralMarket","time_sec":12.467,"type":"interaction_complete"}
AI_METRIC {"active_ai_count":6,"decision_count":0,"fps":129.0,"frame":1206,"frame_time_ms":7.75193798449612,"interaction_count":0,"physics_fps":120,"run_id":"lyra_ai_phase1","scene":"res://level/scenes/lyrasandbox.tscn","time_sec":12.695,"type":"frame_sample"}
AI_METRIC {"actor":"Gatherer_01","frame":1249,"goal":"combat","reason":"utility_available","role":"forager","run_id":"lyra_ai_phase1","scene":"res://level/scenes/lyrasandbox.tscn","score":0.99,"scores":{"build":0.0,"combat":0.99,"explore":0.22,"food":0.708166666666655,"resource":0.68,"water":0.912250000000017,"weapon":0.05},"target":"AI_TargetDummy_01","target_distance":10.2520589828491,"time_sec":13.055,"type":"decision"}
AI_METRIC {"actor":"Gatherer_01","frame":1249,"goal":"combat","reason":"nearest_available","result":"success","run_id":"lyra_ai_phase1","scene":"res://level/scenes/lyrasandbox.tscn","target":"AI_TargetDummy_01","target_distance":10.2520589828491,"time_sec":13.055,"type":"reservation"}
AI_METRIC {"actor":"Gatherer_02","delta":{"resource_count":1},"duration_sec":1.0,"frame":1251,"goal":"resource","result":"success","role":"hauler","run_id":"lyra_ai_phase1","scene":"res://level/scenes/lyrasandbox.tscn","target":"Resource_02","time_sec":13.071,"type":"interaction_complete"}
AI_METRIC {"actor":"Gatherer_03","frame":1265,"goal":"explore","reason":"utility_available","role":"scout","run_id":"lyra_ai_phase1","scene":"res://level/scenes/lyrasandbox.tscn","score":1.1,"scores":{"build":0.0,"combat":0.86,"explore":1.1,"food":0.560833333333321,"resource":0.8,"water":0.766250000000018,"weapon":0.15},"target":"WP_EastOuter","target_distance":26.8086376190186,"time_sec":13.197,"type":"decision"}
AI_METRIC {"actor":"Gatherer_03","frame":1265,"goal":"explore","reason":"nearest_available","result":"success","run_id":"lyra_ai_phase1","scene":"res://level/scenes/lyrasandbox.tscn","target":"WP_EastOuter","target_distance":26.8086376190186,"time_sec":13.197,"type":"reservation"}
AI_METRIC {"actor":"Gatherer_02","frame":1331,"goal":"weapon","reason":"goal_targets_reserved","result":"failure","run_id":"lyra_ai_phase1","scene":"res://level/scenes/lyrasandbox.tscn","target":"","time_sec":13.736,"type":"reservation"}
AI_METRIC {"actor":"Gatherer_02","frame":1331,"goal":"resource","reason":"utility_available","role":"hauler","run_id":"lyra_ai_phase1","scene":"res://level/scenes/lyrasandbox.tscn","score":0.88,"scores":{"build":0.2,"combat":0.0,"explore":0.12,"food":0.571833333333321,"resource":0.88,"water":0.782750000000022,"weapon":0.92},"target":"Resource_02","target_distance":1.28280627727509,"time_sec":13.736,"type":"decision"}
AI_METRIC {"actor":"Gatherer_02","frame":1331,"goal":"resource","reason":"nearest_available","result":"success","run_id":"lyra_ai_phase1","scene":"res://level/scenes/lyrasandbox.tscn","target":"Resource_02","target_distance":1.28280627727509,"time_sec":13.736,"type":"reservation"}
AI_METRIC {"actor":"Gatherer_05","delta":{"resource_count":1},"duration_sec":1.0,"frame":1341,"goal":"resource","result":"success","role":"hauler","run_id":"lyra_ai_phase1","scene":"res://level/scenes/lyrasandbox.tscn","target":"Resource_03","time_sec":13.828,"type":"interaction_complete"}
AI_METRIC {"actor":"Gatherer_01","damage":15.0,"distance_to_target":10.1080913543701,"frame":1371,"goal":"combat","result":"hit","role":"forager","run_id":"lyra_ai_phase1","scene":"res://level/scenes/lyrasandbox.tscn","target":"AI_TargetDummy_01","time_sec":14.079,"type":"shot_fired","weapon":"Pistol"}
AI_METRIC {"actor":"Gatherer_01","delta":{"damage":15.0,"shot":"hit","weapon":"Pistol"},"duration_sec":1.0,"frame":1371,"goal":"combat","result":"success","role":"forager","run_id":"lyra_ai_phase1","scene":"res://level/scenes/lyrasandbox.tscn","target":"AI_TargetDummy_01","time_sec":14.079,"type":"interaction_complete"}
AI_METRIC {"actor":"Gatherer_04","damage":15.0,"distance_to_target":10.0985460281372,"frame":1374,"goal":"combat","result":"hit","role":"forager","run_id":"lyra_ai_phase1","scene":"res://level/scenes/lyrasandbox.tscn","target":"AI_TargetDummy_01","time_sec":14.095,"type":"shot_fired","weapon":"Pistol"}
AI_METRIC {"actor":"Gatherer_04","delta":{"damage":15.0,"shot":"hit","weapon":"Pistol"},"duration_sec":1.0,"frame":1374,"goal":"combat","result":"success","role":"forager","run_id":"lyra_ai_phase1","scene":"res://level/scenes/lyrasandbox.tscn","target":"AI_TargetDummy_01","time_sec":14.095,"type":"interaction_complete"}
AI_METRIC {"actor":"Gatherer_06","frame":1377,"goal":"explore","position":{"x":8.02663135528564,"y":0.000418322102632374,"z":9.814772605896},"role":"scout","run_id":"lyra_ai_phase1","scene":"res://level/scenes/lyrasandbox.tscn","target":"WP_SpawnLane","time_sec":14.126,"type":"route_visit","visit_count":2}
AI_METRIC {"actor":"Gatherer_06","delta":{"route_visit_count":2,"waypoint":"WP_SpawnLane"},"duration_sec":1.0,"frame":1377,"goal":"explore","result":"success","role":"scout","run_id":"lyra_ai_phase1","scene":"res://level/scenes/lyrasandbox.tscn","target":"WP_SpawnLane","time_sec":14.126,"type":"interaction_complete"}
AI_METRIC {"actor":"Gatherer_05","frame":1390,"goal":"weapon","reason":"goal_targets_reserved","result":"failure","run_id":"lyra_ai_phase1","scene":"res://level/scenes/lyrasandbox.tscn","target":"","time_sec":14.235,"type":"reservation"}
AI_METRIC {"actor":"Gatherer_05","frame":1390,"goal":"resource","reason":"utility_available","role":"hauler","run_id":"lyra_ai_phase1","scene":"res://level/scenes/lyrasandbox.tscn","score":0.88,"scores":{"build":0.2,"combat":0.0,"explore":0.12,"food":0.581666666666653,"resource":0.88,"water":0.797500000000025,"weapon":0.92},"target":"Resource_03","target_distance":1.28517150878906,"time_sec":14.235,"type":"decision"}
AI_METRIC {"actor":"Gatherer_05","frame":1390,"goal":"resource","reason":"nearest_available","result":"success","run_id":"lyra_ai_phase1","scene":"res://level/scenes/lyrasandbox.tscn","target":"Resource_03","target_distance":1.28517150878906,"time_sec":14.235,"type":"reservation"}
AI_METRIC {"actor":"Gatherer_04","frame":1429,"goal":"combat","reason":"utility_available","role":"forager","run_id":"lyra_ai_phase1","scene":"res://level/scenes/lyrasandbox.tscn","score":0.99,"scores":{"build":0.0,"combat":0.99,"explore":0.22,"food":0.738166666666653,"resource":0.68,"water":0.307249999999998,"weapon":0.05},"target":"AI_TargetDummy_01","target_distance":10.242506980896,"time_sec":14.564,"type":"decision"}
AI_METRIC {"actor":"Gatherer_04","frame":1429,"goal":"combat","reason":"nearest_available","result":"success","run_id":"lyra_ai_phase1","scene":"res://level/scenes/lyrasandbox.tscn","target":"AI_TargetDummy_01","target_distance":10.242506980896,"time_sec":14.565,"type":"reservation"}
AI_METRIC {"actor":"Gatherer_01","frame":1437,"goal":"combat","reason":"utility_available","role":"forager","run_id":"lyra_ai_phase1","scene":"res://level/scenes/lyrasandbox.tscn","score":0.99,"scores":{"build":0.0,"combat":0.99,"explore":0.22,"food":0.739499999999986,"resource":0.68,"water":0.959250000000028,"weapon":0.05},"target":"AI_TargetDummy_01","target_distance":10.2520589828491,"time_sec":14.627,"type":"decision"}
AI_METRIC {"actor":"Gatherer_01","frame":1437,"goal":"combat","reason":"nearest_available","result":"success","run_id":"lyra_ai_phase1","scene":"res://level/scenes/lyrasandbox.tscn","target":"AI_TargetDummy_01","target_distance":10.2520589828491,"time_sec":14.627,"type":"reservation"}
AI_METRIC {"active_ai_count":6,"decision_count":0,"fps":128.0,"frame":1447,"frame_time_ms":7.8125,"interaction_count":0,"physics_fps":120,"run_id":"lyra_ai_phase1","scene":"res://level/scenes/lyrasandbox.tscn","time_sec":14.703,"type":"frame_sample"}
AI_METRIC {"actor":"Gatherer_06","frame":1450,"goal":"explore","reason":"goal_targets_reserved","result":"failure","run_id":"lyra_ai_phase1","scene":"res://level/scenes/lyrasandbox.tscn","target":"","time_sec":14.733,"type":"reservation"}
AI_METRIC {"actor":"Gatherer_06","frame":1450,"goal":"combat","reason":"utility_available","role":"scout","run_id":"lyra_ai_phase1","scene":"res://level/scenes/lyrasandbox.tscn","score":0.86,"scores":{"build":0.0,"combat":0.86,"explore":1.1,"food":0.591666666666653,"resource":0.8,"water":0.812500000000028,"weapon":0.15},"target":"AI_TargetDummy_01","target_distance":19.6676025390625,"time_sec":14.734,"type":"decision"}
AI_METRIC {"actor":"Gatherer_06","frame":1450,"goal":"combat","reason":"nearest_available","result":"success","run_id":"lyra_ai_phase1","scene":"res://level/scenes/lyrasandbox.tscn","target":"AI_TargetDummy_01","target_distance":19.6676025390625,"time_sec":14.734,"type":"reservation"}
AI_METRIC {"actor":"Gatherer_02","delta":{"resource_count":1},"duration_sec":1.0,"frame":1453,"goal":"resource","result":"success","role":"hauler","run_id":"lyra_ai_phase1","scene":"res://level/scenes/lyrasandbox.tscn","target":"Resource_02","time_sec":14.75,"type":"interaction_complete"}
AI_METRIC {"actor":"Gatherer_02","frame":1497,"goal":"weapon","reason":"goal_targets_reserved","result":"failure","run_id":"lyra_ai_phase1","scene":"res://level/scenes/lyrasandbox.tscn","target":"","time_sec":15.119,"type":"reservation"}
AI_METRIC {"actor":"Gatherer_02","frame":1497,"goal":"water","reason":"utility_available","role":"hauler","run_id":"lyra_ai_phase1","scene":"res://level/scenes/lyrasandbox.tscn","score":0.824250000000031,"scores":{"build":0.2,"combat":0.0,"explore":0.12,"food":0.599499999999986,"resource":0.78,"water":0.824250000000031,"weapon":0.92},"target":"Water_01","target_distance":9.53303050994873,"time_sec":15.119,"type":"decision"}
AI_METRIC {"actor":"Gatherer_02","frame":1497,"goal":"water","reason":"nearest_available","result":"success","run_id":"lyra_ai_phase1","scene":"res://level/scenes/lyrasandbox.tscn","target":"Water_01","target_distance":9.53303050994873,"time_sec":15.119,"type":"reservation"}
AI_METRIC {"actor":"Gatherer_05","delta":{"resource_count":1},"duration_sec":1.0,"frame":1512,"goal":"resource","result":"success","role":"hauler","run_id":"lyra_ai_phase1","scene":"res://level/scenes/lyrasandbox.tscn","target":"Resource_03","time_sec":15.245,"type":"interaction_complete"}
AI_METRIC {"actor":"Gatherer_04","damage":15.0,"distance_to_target":10.0985460281372,"frame":1551,"goal":"combat","result":"hit","role":"forager","run_id":"lyra_ai_phase1","scene":"res://level/scenes/lyrasandbox.tscn","target":"AI_TargetDummy_01","time_sec":15.571,"type":"shot_fired","weapon":"Pistol"}
AI_METRIC {"actor":"Gatherer_04","delta":{"damage":15.0,"shot":"hit","weapon":"Pistol"},"duration_sec":1.0,"frame":1551,"goal":"combat","result":"success","role":"forager","run_id":"lyra_ai_phase1","scene":"res://level/scenes/lyrasandbox.tscn","target":"AI_TargetDummy_01","time_sec":15.572,"type":"interaction_complete"}
AI_METRIC {"actor":"Gatherer_01","damage":15.0,"distance_to_target":10.1080913543701,"frame":1559,"goal":"combat","result":"hit","role":"forager","run_id":"lyra_ai_phase1","scene":"res://level/scenes/lyrasandbox.tscn","target":"AI_TargetDummy_01","time_sec":15.633,"type":"shot_fired","weapon":"Pistol"}
AI_METRIC {"actor":"Gatherer_01","delta":{"damage":15.0,"shot":"hit","weapon":"Pistol"},"duration_sec":1.0,"frame":1559,"goal":"combat","result":"success","role":"forager","run_id":"lyra_ai_phase1","scene":"res://level/scenes/lyrasandbox.tscn","target":"AI_TargetDummy_01","time_sec":15.633,"type":"interaction_complete"}
AI_METRIC {"actor":"Gatherer_05","frame":1582,"goal":"weapon","reason":"goal_targets_reserved","result":"failure","run_id":"lyra_ai_phase1","scene":"res://level/scenes/lyrasandbox.tscn","target":"","time_sec":15.824,"type":"reservation"}
AI_METRIC {"actor":"Gatherer_05","frame":1582,"goal":"water","reason":"utility_available","role":"hauler","run_id":"lyra_ai_phase1","scene":"res://level/scenes/lyrasandbox.tscn","score":0.845500000000036,"scores":{"build":0.2,"combat":0.0,"explore":0.12,"food":0.613666666666652,"resource":0.78,"water":0.845500000000036,"weapon":0.92},"target":"Water_03","target_distance":6.84743976593018,"time_sec":15.824,"type":"decision"}
AI_METRIC {"actor":"Gatherer_05","frame":1582,"goal":"water","reason":"nearest_available","result":"success","run_id":"lyra_ai_phase1","scene":"res://level/scenes/lyrasandbox.tscn","target":"Water_03","target_distance":6.84743976593018,"time_sec":15.824,"type":"reservation"}
AI_METRIC {"actor":"Gatherer_01","frame":1604,"goal":"water","reason":"utility_available","role":"forager","run_id":"lyra_ai_phase1","scene":"res://level/scenes/lyrasandbox.tscn","score":1.0,"scores":{"build":0.0,"combat":0.99,"explore":0.22,"food":0.767333333333318,"resource":0.68,"water":1.0,"weapon":0.05},"target":"Water_02","target_distance":5.24197387695313,"time_sec":16.012,"type":"decision"}
AI_METRIC {"actor":"Gatherer_01","frame":1604,"goal":"water","reason":"nearest_available","result":"success","run_id":"lyra_ai_phase1","scene":"res://level/scenes/lyrasandbox.tscn","target":"Water_02","target_distance":5.24197387695313,"time_sec":16.012,"type":"reservation"}
AI_METRIC {"actor":"Gatherer_04","frame":1668,"goal":"combat","reason":"utility_available","role":"forager","run_id":"lyra_ai_phase1","scene":"res://level/scenes/lyrasandbox.tscn","score":0.99,"scores":{"build":0.0,"combat":0.99,"explore":0.22,"food":0.777999999999984,"resource":0.68,"water":0.366999999999995,"weapon":0.05},"target":"AI_TargetDummy_01","target_distance":10.242506980896,"time_sec":16.549,"type":"decision"}
AI_METRIC {"actor":"Gatherer_04","frame":1668,"goal":"combat","reason":"nearest_available","result":"success","run_id":"lyra_ai_phase1","scene":"res://level/scenes/lyrasandbox.tscn","target":"AI_TargetDummy_01","target_distance":10.242506980896,"time_sec":16.549,"type":"reservation"}
AI_METRIC {"active_ai_count":6,"decision_count":0,"fps":128.0,"frame":1688,"frame_time_ms":7.8125,"interaction_count":0,"physics_fps":120,"run_id":"lyra_ai_phase1","scene":"res://level/scenes/lyrasandbox.tscn","time_sec":16.718,"type":"frame_sample"}
AI_METRIC {"actor":"Gatherer_04","damage":15.0,"distance_to_target":10.0985460281372,"frame":1790,"goal":"combat","result":"hit","role":"forager","run_id":"lyra_ai_phase1","scene":"res://level/scenes/lyrasandbox.tscn","target":"AI_TargetDummy_01","time_sec":17.562,"type":"shot_fired","weapon":"Pistol"}
AI_METRIC {"actor":"Gatherer_04","delta":{"damage":15.0,"shot":"hit","weapon":"Pistol"},"duration_sec":1.0,"frame":1790,"goal":"combat","result":"success","role":"forager","run_id":"lyra_ai_phase1","scene":"res://level/scenes/lyrasandbox.tscn","target":"AI_TargetDummy_01","time_sec":17.562,"type":"interaction_complete"}
AI_METRIC {"actor":"Gatherer_01","delta":{"thirst":-65.0},"duration_sec":1.0,"frame":1876,"goal":"water","result":"success","role":"forager","run_id":"lyra_ai_phase1","scene":"res://level/scenes/lyrasandbox.tscn","target":"Water_02","time_sec":18.289,"type":"interaction_complete"}
AI_METRIC {"actor":"Gatherer_04","frame":1890,"goal":"combat","reason":"utility_available","role":"forager","run_id":"lyra_ai_phase1","scene":"res://level/scenes/lyrasandbox.tscn","score":0.99,"scores":{"build":0.0,"combat":0.99,"explore":0.22,"food":0.814999999999982,"resource":0.68,"water":0.422499999999992,"weapon":0.05},"target":"AI_TargetDummy_01","target_distance":10.242506980896,"time_sec":18.398,"type":"decision"}
AI_METRIC {"actor":"Gatherer_04","frame":1890,"goal":"combat","reason":"nearest_available","result":"success","run_id":"lyra_ai_phase1","scene":"res://level/scenes/lyrasandbox.tscn","target":"AI_TargetDummy_01","target_distance":10.242506980896,"time_sec":18.399,"type":"reservation"}
AI_METRIC {"actor":"Gatherer_05","delta":{"thirst":-65.0},"duration_sec":1.0,"frame":1914,"goal":"water","result":"success","role":"hauler","run_id":"lyra_ai_phase1","scene":"res://level/scenes/lyrasandbox.tscn","target":"Water_03","time_sec":18.599,"type":"interaction_complete"}
AI_METRIC {"actor":"Gatherer_06","damage":25.0,"distance_to_target":10.0864715576172,"frame":1926,"goal":"combat","result":"hit","role":"scout","run_id":"lyra_ai_phase1","scene":"res://level/scenes/lyrasandbox.tscn","target":"AI_TargetDummy_01","time_sec":18.692,"type":"shot_fired","weapon":"Rifle"}
AI_METRIC {"actor":"Gatherer_06","delta":{"damage":25.0,"shot":"hit","weapon":"Rifle"},"duration_sec":1.0,"frame":1926,"goal":"combat","result":"success","role":"scout","run_id":"lyra_ai_phase1","scene":"res://level/scenes/lyrasandbox.tscn","target":"AI_TargetDummy_01","time_sec":18.692,"type":"interaction_complete"}
AI_METRIC {"active_ai_count":6,"decision_count":0,"fps":129.0,"frame":1929,"frame_time_ms":7.75193798449612,"interaction_count":0,"physics_fps":120,"run_id":"lyra_ai_phase1","scene":"res://level/scenes/lyrasandbox.tscn","time_sec":18.724,"type":"frame_sample"}
AI_METRIC {"actor":"Gatherer_02","delta":{"thirst":-65.0},"duration_sec":1.0,"frame":1930,"goal":"water","result":"success","role":"hauler","run_id":"lyra_ai_phase1","scene":"res://level/scenes/lyrasandbox.tscn","target":"Water_01","time_sec":18.724,"type":"interaction_complete"}
AI_METRIC {"actor":"Gatherer_05","frame":1965,"goal":"weapon","reason":"goal_targets_reserved","result":"failure","run_id":"lyra_ai_phase1","scene":"res://level/scenes/lyrasandbox.tscn","target":"","time_sec":19.018,"type":"reservation"}
AI_METRIC {"actor":"Gatherer_05","frame":1965,"goal":"resource","reason":"utility_available","role":"hauler","run_id":"lyra_ai_phase1","scene":"res://level/scenes/lyrasandbox.tscn","score":0.78,"scores":{"build":0.2,"combat":0.0,"explore":0.12,"food":0.677499999999981,"resource":0.78,"water":0.291250000000054,"weapon":0.92},"target":"Resource_03","target_distance":5.11467409133911,"time_sec":19.018,"type":"decision"}
AI_METRIC {"actor":"Gatherer_05","frame":1965,"goal":"resource","reason":"nearest_available","result":"success","run_id":"lyra_ai_phase1","scene":"res://level/scenes/lyrasandbox.tscn","target":"Resource_03","target_distance":5.11467409133911,"time_sec":19.019,"type":"reservation"}
AI_METRIC {"actor":"Gatherer_02","frame":1986,"goal":"weapon","reason":"goal_targets_reserved","result":"failure","run_id":"lyra_ai_phase1","scene":"res://level/scenes/lyrasandbox.tscn","target":"","time_sec":19.202,"type":"reservation"}
AI_METRIC {"actor":"Gatherer_02","frame":1986,"goal":"resource","reason":"utility_available","role":"hauler","run_id":"lyra_ai_phase1","scene":"res://level/scenes/lyrasandbox.tscn","score":0.78,"scores":{"build":0.2,"combat":0.0,"explore":0.12,"food":0.680999999999981,"resource":0.78,"water":0.296500000000055,"weapon":0.92},"target":"Resource_02","target_distance":8.0891227722168,"time_sec":19.203,"type":"decision"}
AI_METRIC {"actor":"Gatherer_02","frame":1986,"goal":"resource","reason":"nearest_available","result":"success","run_id":"lyra_ai_phase1","scene":"res://level/scenes/lyrasandbox.tscn","target":"Resource_02","target_distance":8.0891227722168,"time_sec":19.203,"type":"reservation"}
AI_METRIC {"actor":"Gatherer_01","frame":1991,"goal":"combat","reason":"utility_available","role":"forager","run_id":"lyra_ai_phase1","scene":"res://level/scenes/lyrasandbox.tscn","score":0.99,"scores":{"build":0.0,"combat":0.99,"explore":0.22,"food":0.831833333333314,"resource":0.68,"water":0.447750000000051,"weapon":0.05},"target":"AI_TargetDummy_01","target_distance":14.1893539428711,"time_sec":19.236,"type":"decision"}
AI_METRIC {"actor":"Gatherer_01","frame":1991,"goal":"combat","reason":"nearest_available","result":"success","run_id":"lyra_ai_phase1","scene":"res://level/scenes/lyrasandbox.tscn","target":"AI_TargetDummy_01","target_distance":14.1893539428711,"time_sec":19.236,"type":"reservation"}
AI_METRIC {"actor":"Gatherer_06","frame":2002,"goal":"explore","reason":"utility_available","role":"scout","run_id":"lyra_ai_phase1","scene":"res://level/scenes/lyrasandbox.tscn","score":1.1,"scores":{"build":0.0,"combat":0.86,"explore":1.1,"food":0.683666666666648,"resource":0.8,"water":0.95050000000006,"weapon":0.15},"target":"WP_CentralMarket","target_distance":5.3503851890564,"time_sec":19.329,"type":"decision"}
AI_METRIC {"actor":"Gatherer_06","frame":2002,"goal":"explore","reason":"nearest_available","result":"success","run_id":"lyra_ai_phase1","scene":"res://level/scenes/lyrasandbox.tscn","target":"WP_CentralMarket","target_distance":5.3503851890564,"time_sec":19.329,"type":"reservation"}
AI_METRIC {"actor":"Gatherer_04","damage":15.0,"distance_to_target":10.0985460281372,"frame":2012,"goal":"combat","result":"hit","role":"forager","run_id":"lyra_ai_phase1","scene":"res://level/scenes/lyrasandbox.tscn","target":"AI_TargetDummy_01","time_sec":19.422,"type":"shot_fired","weapon":"Pistol"}
AI_METRIC {"actor":"Gatherer_04","delta":{"damage":15.0,"shot":"hit","weapon":"Pistol"},"duration_sec":1.0,"frame":2012,"goal":"combat","result":"success","role":"forager","run_id":"lyra_ai_phase1","scene":"res://level/scenes/lyrasandbox.tscn","target":"AI_TargetDummy_01","time_sec":19.422,"type":"interaction_complete"}
AI_METRIC {"actor":"Gatherer_04","frame":2089,"goal":"combat","reason":"utility_available","role":"forager","run_id":"lyra_ai_phase1","scene":"res://level/scenes/lyrasandbox.tscn","score":0.99,"scores":{"build":0.0,"combat":0.99,"explore":0.22,"food":0.848166666666647,"resource":0.68,"water":0.472249999999989,"weapon":0.05},"target":"AI_TargetDummy_01","target_distance":10.242506980896,"time_sec":20.058,"type":"decision"}
AI_METRIC {"actor":"Gatherer_04","frame":2089,"goal":"combat","reason":"nearest_available","result":"success","run_id":"lyra_ai_phase1","scene":"res://level/scenes/lyrasandbox.tscn","target":"AI_TargetDummy_01","target_distance":10.242506980896,"time_sec":20.058,"type":"reservation"}
