Godot Engine v4.5.1.stable.mono.official.f62fdbde1 - https://godotengine.org

ERROR: Failed to read the root certificate store.
   at: get_system_ca_certificates (platform/windows/os_windows.cpp:2548)
WARNING: res://level/scenes/DestructibleLargeCube.tscn:4 - ext_resource, invalid UID: uid://beo8luhfbe0it - using text path instead: res://assets/fractured_large_cube.glb
   at: load (scene/resources/resource_format_text.cpp:444)
WARNING: res://level/scenes/vehicles/BoxCarPropeller.tscn:4 - ext_resource, invalid UID: uid://boxcar001 - using text path instead: res://assets/models/BoxCar.glb
   at: load (scene/resources/resource_format_text.cpp:444)
WARNING: instance_reset_physics_interpolation() is deprecated.
   at: _instance_reset_physics_interpolation_bind_compat_104269 (servers/rendering_server.compat.inc:58)
DEBUG: Sparks particles found and emitting
!!! DESTRUCTIBLE SYSTEM ONLINE: DestructiblePillar2
!!! DESTRUCTIBLE SYSTEM ONLINE: DestructibleLargeCube
!!! DESTRUCTIBLE SYSTEM ONLINE: DestructibleLargeCube3
!!! DESTRUCTIBLE SYSTEM ONLINE: DestructibleLargeCube2
!!! DESTRUCTIBLE SYSTEM ONLINE: DestructiblePillar3
!!! DESTRUCTIBLE SYSTEM ONLINE: DestructiblePillar5
!!! DESTRUCTIBLE SYSTEM ONLINE: DestructiblePillar6
!!! DESTRUCTIBLE SYSTEM ONLINE: DestructiblePillar7
!!! DESTRUCTIBLE SYSTEM ONLINE: DestructiblePillar14
!!! DESTRUCTIBLE SYSTEM ONLINE: DestructiblePillar8
!!! DESTRUCTIBLE SYSTEM ONLINE: DestructiblePillar11
!!! DESTRUCTIBLE SYSTEM ONLINE: DestructiblePillar12
!!! DESTRUCTIBLE SYSTEM ONLINE: DestructiblePillar13
!!! DESTRUCTIBLE SYSTEM ONLINE: DestructiblePillar9
!!! DESTRUCTIBLE SYSTEM ONLINE: DestructiblePillar10
!!! DESTRUCTIBLE SYSTEM ONLINE: DestructiblePillar4
!!! DESTRUCTIBLE SYSTEM ONLINE: DestructibleWall
!!! DESTRUCTIBLE SYSTEM ONLINE: Node
!!! DESTRUCTIBLE SYSTEM ONLINE: DestructibleWall2
!!! DESTRUCTIBLE SYSTEM ONLINE: DestructibleSphere
!!! DESTRUCTIBLE SYSTEM ONLINE: DestructibleSphere2
!!! DESTRUCTIBLE SYSTEM ONLINE: DestructibleSphere3
!!! DESTRUCTIBLE SYSTEM ONLINE: DestructibleSphere4
!!! DESTRUCTIBLE SYSTEM ONLINE: DestructibleSphere5
!!! DESTRUCTIBLE SYSTEM ONLINE: DestructibleSphere6
AI_METRIC {"actor":"Gatherer_01","frame":0,"goal":"spawn","reason":"actor_ready","role":"forager","run_id":"lyra_ai_phase1","scene":"res://level/scenes/lyrasandbox.tscn","score":0.0,"scores":{},"target":"","target_distance":-1.0,"time_sec":2.166,"type":"decision"}
AI_METRIC {"actor":"Gatherer_02","frame":0,"goal":"spawn","reason":"actor_ready","role":"hauler","run_id":"lyra_ai_phase1","scene":"res://level/scenes/lyrasandbox.tscn","score":0.0,"scores":{},"target":"","target_distance":-1.0,"time_sec":2.166,"type":"decision"}
AI_METRIC {"actor":"Gatherer_03","frame":0,"goal":"spawn","reason":"actor_ready","role":"scout","run_id":"lyra_ai_phase1","scene":"res://level/scenes/lyrasandbox.tscn","score":0.0,"scores":{},"target":"","target_distance":-1.0,"time_sec":2.167,"type":"decision"}
AI_METRIC {"actor":"Gatherer_04","frame":0,"goal":"spawn","reason":"actor_ready","role":"forager","run_id":"lyra_ai_phase1","scene":"res://level/scenes/lyrasandbox.tscn","score":0.0,"scores":{},"target":"","target_distance":-1.0,"time_sec":2.167,"type":"decision"}
AI_METRIC {"actor":"Gatherer_05","frame":0,"goal":"spawn","reason":"actor_ready","role":"hauler","run_id":"lyra_ai_phase1","scene":"res://level/scenes/lyrasandbox.tscn","score":0.0,"scores":{},"target":"","target_distance":-1.0,"time_sec":2.168,"type":"decision"}
AI_METRIC {"actor":"Gatherer_06","frame":0,"goal":"spawn","reason":"actor_ready","role":"scout","run_id":"lyra_ai_phase1","scene":"res://level/scenes/lyrasandbox.tscn","score":0.0,"scores":{},"target":"","target_distance":-1.0,"time_sec":2.168,"type":"decision"}
Terrain3D: Camera assigned for collision.
AI_METRIC {"active_ai_count":6,"decision_count":0,"fps":1.0,"frame":1,"frame_time_ms":1000.0,"interaction_count":0,"physics_fps":120,"run_id":"lyra_ai_phase1","scene":"res://level/scenes/lyrasandbox.tscn","time_sec":2.169,"type":"frame_sample"}
AI_METRIC {"actor":"Gatherer_01","frame":1,"goal":"weapon","reason":"utility_available","role":"forager","run_id":"lyra_ai_phase1","scene":"res://level/scenes/lyrasandbox.tscn","score":0.92,"scores":{"build":0.0,"combat":0.0,"explore":0.12,"food":0.500166666666667,"resource":0.68,"water":0.60025,"weapon":0.92},"target":"AI_PistolPickup_01","target_distance":3.88587212562561,"time_sec":2.169,"type":"decision"}
AI_METRIC {"actor":"Gatherer_01","frame":1,"goal":"weapon","reason":"nearest_available","result":"success","run_id":"lyra_ai_phase1","scene":"res://level/scenes/lyrasandbox.tscn","target":"AI_PistolPickup_01","target_distance":3.88587212562561,"time_sec":2.17,"type":"reservation"}
AI_METRIC {"actor":"Gatherer_02","frame":1,"goal":"resource","reason":"utility_available","role":"hauler","run_id":"lyra_ai_phase1","scene":"res://level/scenes/lyrasandbox.tscn","score":0.98,"scores":{"build":0.2,"combat":0.0,"explore":0.12,"food":0.350166666666667,"resource":0.98,"water":0.45025,"weapon":0.92},"target":"Resource_01","target_distance":2.93300175666809,"time_sec":2.17,"type":"decision"}
AI_METRIC {"actor":"Gatherer_02","frame":1,"goal":"resource","reason":"nearest_available","result":"success","run_id":"lyra_ai_phase1","scene":"res://level/scenes/lyrasandbox.tscn","target":"Resource_01","target_distance":2.93300175666809,"time_sec":2.17,"type":"reservation"}
AI_METRIC {"actor":"Gatherer_03","frame":1,"goal":"weapon","reason":"utility_available","role":"scout","run_id":"lyra_ai_phase1","scene":"res://level/scenes/lyrasandbox.tscn","score":1.0,"scores":{"build":0.0,"combat":0.0,"explore":0.56,"food":0.350166666666667,"resource":0.8,"water":0.45025,"weapon":1.0},"target":"AI_PistolPickup_02","target_distance":20.5440979003906,"time_sec":2.17,"type":"decision"}
AI_METRIC {"actor":"Gatherer_03","frame":1,"goal":"weapon","reason":"nearest_available","result":"success","run_id":"lyra_ai_phase1","scene":"res://level/scenes/lyrasandbox.tscn","target":"AI_PistolPickup_02","target_distance":20.5440979003906,"time_sec":2.17,"type":"reservation"}
AI_METRIC {"actor":"Gatherer_04","frame":1,"goal":"weapon","reason":"utility_available","role":"forager","run_id":"lyra_ai_phase1","scene":"res://level/scenes/lyrasandbox.tscn","score":0.92,"scores":{"build":0.0,"combat":0.0,"explore":0.12,"food":0.500166666666667,"resource":0.68,"water":0.60025,"weapon":0.92},"target":"PistolPickup_Ground","target_distance":6.11978626251221,"time_sec":2.17,"type":"decision"}
AI_METRIC {"actor":"Gatherer_04","frame":1,"goal":"weapon","reason":"nearest_available","result":"success","run_id":"lyra_ai_phase1","scene":"res://level/scenes/lyrasandbox.tscn","target":"PistolPickup_Ground","target_distance":6.11978626251221,"time_sec":2.17,"type":"reservation"}
AI_METRIC {"actor":"Gatherer_05","frame":1,"goal":"resource","reason":"utility_available","role":"hauler","run_id":"lyra_ai_phase1","scene":"res://level/scenes/lyrasandbox.tscn","score":0.98,"scores":{"build":0.2,"combat":0.0,"explore":0.12,"food":0.350166666666667,"resource":0.98,"water":0.45025,"weapon":0.92},"target":"Resource_02","target_distance":12.6234893798828,"time_sec":2.17,"type":"decision"}
AI_METRIC {"actor":"Gatherer_05","frame":1,"goal":"resource","reason":"nearest_available","result":"success","run_id":"lyra_ai_phase1","scene":"res://level/scenes/lyrasandbox.tscn","target":"Resource_02","target_distance":12.6234893798828,"time_sec":2.17,"type":"reservation"}
AI_METRIC {"actor":"Gatherer_06","frame":1,"goal":"weapon","reason":"utility_available","role":"scout","run_id":"lyra_ai_phase1","scene":"res://level/scenes/lyrasandbox.tscn","score":1.0,"scores":{"build":0.0,"combat":0.0,"explore":0.56,"food":0.350166666666667,"resource":0.8,"water":0.45025,"weapon":1.0},"target":"AI_RiflePickup_01","target_distance":10.1518459320068,"time_sec":2.17,"type":"decision"}
AI_METRIC {"actor":"Gatherer_06","frame":1,"goal":"weapon","reason":"nearest_available","result":"success","run_id":"lyra_ai_phase1","scene":"res://level/scenes/lyrasandbox.tscn","target":"AI_RiflePickup_01","target_distance":10.1518459320068,"time_sec":2.17,"type":"reservation"}
!!! DESTRUCTION COMPLETE
!!! DESTRUCTION COMPLETE
!!! DESTRUCTION COMPLETE
!!! DESTRUCTION COMPLETE
!!! DESTRUCTION COMPLETE
!!! DESTRUCTION COMPLETE
!!! DESTRUCTION COMPLETE
AI_METRIC {"actor":"Gatherer_02","delta":{"resource_count":1},"duration_sec":1.0,"frame":208,"goal":"resource","result":"success","role":"hauler","run_id":"lyra_ai_phase1","scene":"res://level/scenes/lyrasandbox.tscn","target":"Resource_01","time_sec":4.058,"type":"interaction_complete"}
AI_METRIC {"active_ai_count":6,"decision_count":0,"fps":145.0,"frame":242,"frame_time_ms":6.89655172413793,"interaction_count":0,"physics_fps":120,"run_id":"lyra_ai_phase1","scene":"res://level/scenes/lyrasandbox.tscn","time_sec":4.34,"type":"frame_sample"}
!!! DESTRUCTION COMPLETE
WEAPON_PICKUP: equipped Pistol
AI_METRIC {"actor":"Gatherer_01","delta":{"weapon":"Pistol"},"duration_sec":1.0,"frame":254,"goal":"weapon","result":"success","role":"forager","run_id":"lyra_ai_phase1","scene":"res://level/scenes/lyrasandbox.tscn","target":"AI_PistolPickup_01","time_sec":4.444,"type":"interaction_complete"}
AI_METRIC {"actor":"Gatherer_02","frame":293,"goal":"build","reason":"utility_available","role":"hauler","run_id":"lyra_ai_phase1","scene":"res://level/scenes/lyrasandbox.tscn","score":1.18,"scores":{"build":1.18,"combat":0.0,"explore":0.12,"food":0.398833333333331,"resource":0.88,"water":0.523249999999996,"weapon":0.92},"target":"BuildSite_Barricade_01","target_distance":18.7830562591553,"time_sec":4.768,"type":"decision"}
AI_METRIC {"actor":"Gatherer_02","frame":293,"goal":"build","reason":"nearest_available","result":"success","run_id":"lyra_ai_phase1","scene":"res://level/scenes/lyrasandbox.tscn","target":"BuildSite_Barricade_01","target_distance":18.7830562591553,"time_sec":4.768,"type":"reservation"}
AI_METRIC {"actor":"Gatherer_01","frame":309,"goal":"combat","reason":"utility_available","role":"forager","run_id":"lyra_ai_phase1","scene":"res://level/scenes/lyrasandbox.tscn","score":0.99,"scores":{"build":0.0,"combat":0.99,"explore":0.22,"food":0.551499999999997,"resource":0.68,"water":0.677249999999996,"weapon":0.05},"target":"AI_TargetDummy_01","target_distance":22.2755947113037,"time_sec":4.899,"type":"decision"}
AI_METRIC {"actor":"Gatherer_01","frame":309,"goal":"combat","reason":"nearest_available","result":"success","run_id":"lyra_ai_phase1","scene":"res://level/scenes/lyrasandbox.tscn","target":"AI_TargetDummy_01","target_distance":22.2755947113037,"time_sec":4.899,"type":"reservation"}
WEAPON_PICKUP: equipped Pistol
AI_METRIC {"actor":"Gatherer_04","delta":{"weapon":"Pistol"},"duration_sec":1.0,"frame":341,"goal":"weapon","result":"success","role":"forager","run_id":"lyra_ai_phase1","scene":"res://level/scenes/lyrasandbox.tscn","target":"PistolPickup_Ground","time_sec":5.169,"type":"interaction_complete"}
AI_METRIC {"actor":"Gatherer_04","frame":437,"goal":"combat","reason":"goal_targets_reserved","result":"failure","run_id":"lyra_ai_phase1","scene":"res://level/scenes/lyrasandbox.tscn","target":"","time_sec":5.969,"type":"reservation"}
AI_METRIC {"actor":"Gatherer_04","frame":437,"goal":"water","reason":"utility_available","role":"forager","run_id":"lyra_ai_phase1","scene":"res://level/scenes/lyrasandbox.tscn","score":0.709249999999994,"scores":{"build":0.0,"combat":0.99,"explore":0.22,"food":0.572833333333329,"resource":0.68,"water":0.709249999999994,"weapon":0.05},"target":"Water_02","target_distance":11.3878793716431,"time_sec":5.969,"type":"decision"}
AI_METRIC {"actor":"Gatherer_04","frame":437,"goal":"water","reason":"nearest_available","result":"success","run_id":"lyra_ai_phase1","scene":"res://level/scenes/lyrasandbox.tscn","target":"Water_02","target_distance":11.3878793716431,"time_sec":5.969,"type":"reservation"}
AI_METRIC {"active_ai_count":6,"decision_count":0,"fps":145.0,"frame":483,"frame_time_ms":6.89655172413793,"interaction_count":0,"physics_fps":120,"run_id":"lyra_ai_phase1","scene":"res://level/scenes/lyrasandbox.tscn","time_sec":6.348,"type":"frame_sample"}
WEAPON_PICKUP: equipped Rifle
AI_METRIC {"actor":"Gatherer_06","delta":{"weapon":"Rifle"},"duration_sec":1.0,"frame":492,"goal":"weapon","result":"success","role":"scout","run_id":"lyra_ai_phase1","scene":"res://level/scenes/lyrasandbox.tscn","target":"AI_RiflePickup_01","time_sec":6.425,"type":"interaction_complete"}
AI_METRIC {"actor":"Gatherer_06","frame":559,"goal":"explore","reason":"utility_available","role":"scout","run_id":"lyra_ai_phase1","scene":"res://level/scenes/lyrasandbox.tscn","score":1.1,"scores":{"build":0.0,"combat":0.86,"explore":1.1,"food":0.443166666666661,"resource":0.8,"water":0.589749999999992,"weapon":0.15},"target":"WP_CentralMarket","target_distance":4.5396203994751,"time_sec":6.983,"type":"decision"}
AI_METRIC {"actor":"Gatherer_06","frame":559,"goal":"explore","reason":"nearest_available","result":"success","run_id":"lyra_ai_phase1","scene":"res://level/scenes/lyrasandbox.tscn","target":"WP_CentralMarket","target_distance":4.5396203994751,"time_sec":6.983,"type":"reservation"}
AI_METRIC {"actor":"Gatherer_05","delta":{"resource_count":1},"duration_sec":1.0,"frame":583,"goal":"resource","result":"success","role":"hauler","run_id":"lyra_ai_phase1","scene":"res://level/scenes/lyrasandbox.tscn","target":"Resource_02","time_sec":7.183,"type":"interaction_complete"}
AI_METRIC {"actor":"Gatherer_05","frame":663,"goal":"build","reason":"utility_available","role":"hauler","run_id":"lyra_ai_phase1","scene":"res://level/scenes/lyrasandbox.tscn","score":1.18,"scores":{"build":1.18,"combat":0.0,"explore":0.12,"food":0.460499999999994,"resource":0.88,"water":0.615749999999991,"weapon":0.92},"target":"BuildSite_Barricade_01","target_distance":7.16711044311523,"time_sec":7.853,"type":"decision"}
AI_METRIC {"actor":"Gatherer_05","frame":663,"goal":"build","reason":"nearest_available","result":"success","run_id":"lyra_ai_phase1","scene":"res://level/scenes/lyrasandbox.tscn","target":"BuildSite_Barricade_01","target_distance":7.16711044311523,"time_sec":7.853,"type":"reservation"}
AI_METRIC {"active_ai_count":6,"decision_count":0,"fps":145.0,"frame":724,"frame_time_ms":6.89655172413793,"interaction_count":0,"physics_fps":120,"run_id":"lyra_ai_phase1","scene":"res://level/scenes/lyrasandbox.tscn","time_sec":8.356,"type":"frame_sample"}
AI_METRIC {"actor":"Gatherer_06","frame":757,"goal":"explore","position":{"x":17.9019966125488,"y":0.000418360170442611,"z":13.2423944473267},"role":"scout","run_id":"lyra_ai_phase1","scene":"res://level/scenes/lyrasandbox.tscn","target":"WP_CentralMarket","time_sec":8.633,"type":"route_visit","visit_count":1}
AI_METRIC {"actor":"Gatherer_06","delta":{"route_visit_count":1,"waypoint":"WP_CentralMarket"},"duration_sec":1.0,"frame":757,"goal":"explore","result":"success","role":"scout","run_id":"lyra_ai_phase1","scene":"res://level/scenes/lyrasandbox.tscn","target":"WP_CentralMarket","time_sec":8.633,"type":"interaction_complete"}
AI_METRIC {"actor":"Gatherer_06","frame":874,"goal":"explore","reason":"utility_available","role":"scout","run_id":"lyra_ai_phase1","scene":"res://level/scenes/lyrasandbox.tscn","score":1.1,"scores":{"build":0.0,"combat":0.86,"explore":1.1,"food":0.495666666666658,"resource":0.8,"water":0.668499999999996,"weapon":0.15},"target":"WP_SpawnLane","target_distance":12.9428434371948,"time_sec":9.605,"type":"decision"}
AI_METRIC {"actor":"Gatherer_06","frame":874,"goal":"explore","reason":"nearest_available","result":"success","run_id":"lyra_ai_phase1","scene":"res://level/scenes/lyrasandbox.tscn","target":"WP_SpawnLane","target_distance":12.9428434371948,"time_sec":9.605,"type":"reservation"}
AI_METRIC {"actor":"Gatherer_01","damage":15.0,"distance_to_target":10.1080913543701,"frame":882,"goal":"combat","result":"hit","role":"forager","run_id":"lyra_ai_phase1","scene":"res://level/scenes/lyrasandbox.tscn","target":"AI_TargetDummy_01","time_sec":9.674,"type":"shot_fired","weapon":"Pistol"}
AI_METRIC {"actor":"Gatherer_01","delta":{"damage":15.0,"shot":"hit","weapon":"Pistol"},"duration_sec":1.0,"frame":882,"goal":"combat","result":"success","role":"forager","run_id":"lyra_ai_phase1","scene":"res://level/scenes/lyrasandbox.tscn","target":"AI_TargetDummy_01","time_sec":9.674,"type":"interaction_complete"}
AI_METRIC {"actor":"Gatherer_03","distance_to_target":3.5216851234436,"frame":920,"goal":"weapon","position":{"x":21.8584785461426,"y":-0.0032540534157306,"z":18.0947418212891},"role":"scout","run_id":"lyra_ai_phase1","scene":"res://level/scenes/lyrasandbox.tscn","stuck_seconds":2.00833333333333,"target":"AI_PistolPickup_02","time_sec":9.992,"type":"stuck"}
AI_METRIC {"actor":"Gatherer_01","frame":926,"goal":"combat","reason":"utility_available","role":"forager","run_id":"lyra_ai_phase1","scene":"res://level/scenes/lyrasandbox.tscn","score":0.99,"scores":{"build":0.0,"combat":0.99,"explore":0.22,"food":0.654333333333325,"resource":0.68,"water":0.831499999999999,"weapon":0.05},"target":"AI_TargetDummy_01","target_distance":10.2520589828491,"time_sec":10.04,"type":"decision"}
AI_METRIC {"actor":"Gatherer_01","frame":926,"goal":"combat","reason":"nearest_available","result":"success","run_id":"lyra_ai_phase1","scene":"res://level/scenes/lyrasandbox.tscn","target":"AI_TargetDummy_01","target_distance":10.2520589828491,"time_sec":10.04,"type":"reservation"}
AI_METRIC {"actor":"Gatherer_04","delta":{"thirst":-65.0},"duration_sec":1.0,"frame":939,"goal":"water","result":"success","role":"forager","run_id":"lyra_ai_phase1","scene":"res://level/scenes/lyrasandbox.tscn","target":"Water_02","time_sec":10.15,"type":"interaction_complete"}
AI_METRIC {"actor":"Gatherer_03","frame":940,"goal":"weapon","reason":"goal_targets_reserved","result":"failure","run_id":"lyra_ai_phase1","scene":"res://level/scenes/lyrasandbox.tscn","target":"","time_sec":10.157,"type":"reservation"}
AI_METRIC {"actor":"Gatherer_03","frame":940,"goal":"resource","reason":"utility_available","role":"scout","run_id":"lyra_ai_phase1","scene":"res://level/scenes/lyrasandbox.tscn","score":0.8,"scores":{"build":0.0,"combat":0.0,"explore":0.56,"food":0.506666666666658,"resource":0.8,"water":0.684999999999999,"weapon":1.0},"target":"Resource_01","target_distance":18.1288871765137,"time_sec":10.157,"type":"decision"}
AI_METRIC {"actor":"Gatherer_03","frame":940,"goal":"resource","reason":"nearest_available","result":"success","run_id":"lyra_ai_phase1","scene":"res://level/scenes/lyrasandbox.tscn","target":"Resource_01","target_distance":18.1288871765137,"time_sec":10.157,"type":"reservation"}
AI_METRIC {"actor":"Gatherer_05","delivered_resources":1,"frame":941,"goal":"build","is_complete":false,"position":{"x":19.0298671722412,"y":0.000418353942222893,"z":17.909008026123},"required_resources":2,"role":"hauler","run_id":"lyra_ai_phase1","scene":"res://level/scenes/lyrasandbox.tscn","target":"BuildSite_Barricade_01","time_sec":10.164,"type":"build_started"}
AI_METRIC {"actor":"Gatherer_05","delivered_resources":1,"frame":941,"goal":"build","is_complete":false,"position":{"x":19.0298671722412,"y":0.000418353942222893,"z":17.909008026123},"required_resources":2,"role":"hauler","run_id":"lyra_ai_phase1","scene":"res://level/scenes/lyrasandbox.tscn","target":"BuildSite_Barricade_01","time_sec":10.164,"type":"build_resource_delivered"}
AI_METRIC {"actor":"Gatherer_05","delta":{"actor":"Gatherer_05","build":"delivered","delivered_resources":1,"is_complete":false,"required_resources":2,"resource_count":-1,"target":"BuildSite_Barricade_01"},"duration_sec":1.0,"frame":941,"goal":"build","result":"success","role":"hauler","run_id":"lyra_ai_phase1","scene":"res://level/scenes/lyrasandbox.tscn","target":"BuildSite_Barricade_01","time_sec":10.164,"type":"interaction_complete"}
AI_METRIC {"active_ai_count":6,"decision_count":0,"fps":145.0,"frame":965,"frame_time_ms":6.89655172413793,"interaction_count":0,"physics_fps":120,"run_id":"lyra_ai_phase1","scene":"res://level/scenes/lyrasandbox.tscn","time_sec":10.364,"type":"frame_sample"}
AI_METRIC {"actor":"Gatherer_05","frame":988,"goal":"resource","reason":"utility_available","role":"hauler","run_id":"lyra_ai_phase1","scene":"res://level/scenes/lyrasandbox.tscn","score":0.98,"scores":{"build":0.2,"combat":0.0,"explore":0.12,"food":0.514666666666657,"resource":0.98,"water":0.697000000000002,"weapon":0.92},"target":"Resource_02","target_distance":3.05786657333374,"time_sec":10.557,"type":"decision"}
AI_METRIC {"actor":"Gatherer_05","frame":988,"goal":"resource","reason":"nearest_available","result":"success","run_id":"lyra_ai_phase1","scene":"res://level/scenes/lyrasandbox.tscn","target":"Resource_02","target_distance":3.05786657333374,"time_sec":10.558,"type":"reservation"}
AI_METRIC {"actor":"Gatherer_02","delivered_resources":2,"frame":1007,"goal":"build","is_complete":true,"position":{"x":18.6678848266602,"y":0.000418369192630053,"z":18.3712902069092},"required_resources":2,"role":"hauler","run_id":"lyra_ai_phase1","scene":"res://level/scenes/lyrasandbox.tscn","target":"BuildSite_Barricade_01","time_sec":10.716,"type":"build_resource_delivered"}
AI_METRIC {"actor":"Gatherer_02","delivered_resources":2,"frame":1007,"goal":"build","is_complete":true,"position":{"x":18.6678848266602,"y":0.000418369192630053,"z":18.3712902069092},"required_resources":2,"role":"hauler","run_id":"lyra_ai_phase1","scene":"res://level/scenes/lyrasandbox.tscn","target":"BuildSite_Barricade_01","time_sec":10.716,"type":"build_completed"}
AI_METRIC {"actor":"Gatherer_02","delta":{"actor":"Gatherer_02","build":"completed","delivered_resources":2,"is_complete":true,"required_resources":2,"resource_count":-1,"target":"BuildSite_Barricade_01"},"duration_sec":1.0,"frame":1007,"goal":"build","result":"success","role":"hauler","run_id":"lyra_ai_phase1","scene":"res://level/scenes/lyrasandbox.tscn","target":"BuildSite_Barricade_01","time_sec":10.716,"type":"interaction_complete"}
AI_METRIC {"actor":"Gatherer_04","frame":1013,"goal":"combat","reason":"utility_available","role":"forager","run_id":"lyra_ai_phase1","scene":"res://level/scenes/lyrasandbox.tscn","score":0.99,"scores":{"build":0.0,"combat":0.99,"explore":0.22,"food":0.668833333333324,"resource":0.68,"water":0.20325,"weapon":0.05},"target":"AI_TargetDummy_01","target_distance":16.6402568817139,"time_sec":10.765,"type":"decision"}
AI_METRIC {"actor":"Gatherer_04","frame":1013,"goal":"combat","reason":"nearest_available","result":"success","run_id":"lyra_ai_phase1","scene":"res://level/scenes/lyrasandbox.tscn","target":"AI_TargetDummy_01","target_distance":16.6402568817139,"time_sec":10.765,"type":"reservation"}
AI_METRIC {"actor":"Gatherer_01","damage":15.0,"distance_to_target":10.1080913543701,"frame":1048,"goal":"combat","result":"hit","role":"forager","run_id":"lyra_ai_phase1","scene":"res://level/scenes/lyrasandbox.tscn","target":"AI_TargetDummy_01","time_sec":11.061,"type":"shot_fired","weapon":"Pistol"}
AI_METRIC {"actor":"Gatherer_01","delta":{"damage":15.0,"shot":"hit","weapon":"Pistol"},"duration_sec":1.0,"frame":1048,"goal":"combat","result":"success","role":"forager","run_id":"lyra_ai_phase1","scene":"res://level/scenes/lyrasandbox.tscn","target":"AI_TargetDummy_01","time_sec":11.061,"type":"interaction_complete"}
AI_METRIC {"actor":"Gatherer_02","frame":1093,"goal":"resource","reason":"utility_available","role":"hauler","run_id":"lyra_ai_phase1","scene":"res://level/scenes/lyrasandbox.tscn","score":0.98,"scores":{"build":0.2,"combat":0.0,"explore":0.12,"food":0.532166666666656,"resource":0.98,"water":0.723250000000008,"weapon":0.92},"target":"Resource_03","target_distance":5.03718185424805,"time_sec":11.434,"type":"decision"}
AI_METRIC {"actor":"Gatherer_02","frame":1093,"goal":"resource","reason":"nearest_available","result":"success","run_id":"lyra_ai_phase1","scene":"res://level/scenes/lyrasandbox.tscn","target":"Resource_03","target_distance":5.03718185424805,"time_sec":11.434,"type":"reservation"}
AI_METRIC {"actor":"Gatherer_01","frame":1112,"goal":"combat","reason":"utility_available","role":"forager","run_id":"lyra_ai_phase1","scene":"res://level/scenes/lyrasandbox.tscn","score":0.99,"scores":{"build":0.0,"combat":0.99,"explore":0.22,"food":0.685333333333323,"resource":0.68,"water":0.878000000000009,"weapon":0.05},"target":"AI_TargetDummy_01","target_distance":10.2520589828491,"time_sec":11.592,"type":"decision"}
AI_METRIC {"actor":"Gatherer_01","frame":1112,"goal":"combat","reason":"nearest_available","result":"success","run_id":"lyra_ai_phase1","scene":"res://level/scenes/lyrasandbox.tscn","target":"AI_TargetDummy_01","target_distance":10.2520589828491,"time_sec":11.592,"type":"reservation"}
AI_METRIC {"actor":"Gatherer_05","delta":{"resource_count":1},"duration_sec":1.0,"frame":1178,"goal":"resource","result":"success","role":"hauler","run_id":"lyra_ai_phase1","scene":"res://level/scenes/lyrasandbox.tscn","target":"Resource_02","time_sec":12.144,"type":"interaction_complete"}
AI_METRIC {"active_ai_count":6,"decision_count":0,"fps":145.0,"frame":1206,"frame_time_ms":6.89655172413793,"interaction_count":0,"physics_fps":120,"run_id":"lyra_ai_phase1","scene":"res://level/scenes/lyrasandbox.tscn","time_sec":12.379,"type":"frame_sample"}
AI_METRIC {"actor":"Gatherer_05","frame":1221,"goal":"weapon","reason":"utility_available","role":"hauler","run_id":"lyra_ai_phase1","scene":"res://level/scenes/lyrasandbox.tscn","score":0.92,"scores":{"build":0.2,"combat":0.0,"explore":0.12,"food":0.553499999999988,"resource":0.88,"water":0.755250000000015,"weapon":0.92},"target":"AI_PistolPickup_02","target_distance":7.67324352264404,"time_sec":12.503,"type":"decision"}
AI_METRIC {"actor":"Gatherer_05","frame":1221,"goal":"weapon","reason":"nearest_available","result":"success","run_id":"lyra_ai_phase1","scene":"res://level/scenes/lyrasandbox.tscn","target":"AI_PistolPickup_02","target_distance":7.67324352264404,"time_sec":12.503,"type":"reservation"}
AI_METRIC {"actor":"Gatherer_01","damage":15.0,"distance_to_target":10.1080913543701,"frame":1234,"goal":"combat","result":"hit","role":"forager","run_id":"lyra_ai_phase1","scene":"res://level/scenes/lyrasandbox.tscn","target":"AI_TargetDummy_01","time_sec":12.607,"type":"shot_fired","weapon":"Pistol"}
AI_METRIC {"actor":"Gatherer_01","delta":{"damage":15.0,"shot":"hit","weapon":"Pistol"},"duration_sec":1.0,"frame":1234,"goal":"combat","result":"success","role":"forager","run_id":"lyra_ai_phase1","scene":"res://level/scenes/lyrasandbox.tscn","target":"AI_TargetDummy_01","time_sec":12.607,"type":"interaction_complete"}
AI_METRIC {"actor":"Gatherer_01","frame":1336,"goal":"combat","reason":"utility_available","role":"forager","run_id":"lyra_ai_phase1","scene":"res://level/scenes/lyrasandbox.tscn","score":0.99,"scores":{"build":0.0,"combat":0.99,"explore":0.22,"food":0.722666666666654,"resource":0.68,"water":0.934000000000022,"weapon":0.05},"target":"AI_TargetDummy_01","target_distance":10.2520589828491,"time_sec":13.462,"type":"decision"}
AI_METRIC {"actor":"Gatherer_01","frame":1336,"goal":"combat","reason":"nearest_available","result":"success","run_id":"lyra_ai_phase1","scene":"res://level/scenes/lyrasandbox.tscn","target":"AI_TargetDummy_01","target_distance":10.2520589828491,"time_sec":13.462,"type":"reservation"}
AI_METRIC {"actor":"Gatherer_02","delta":{"resource_count":1},"duration_sec":1.0,"frame":1366,"goal":"resource","result":"success","role":"hauler","run_id":"lyra_ai_phase1","scene":"res://level/scenes/lyrasandbox.tscn","target":"Resource_03","time_sec":13.711,"type":"interaction_complete"}
AI_METRIC {"actor":"Gatherer_04","damage":15.0,"distance_to_target":10.0985460281372,"frame":1375,"goal":"combat","result":"hit","role":"forager","run_id":"lyra_ai_phase1","scene":"res://level/scenes/lyrasandbox.tscn","target":"AI_TargetDummy_01","time_sec":13.787,"type":"shot_fired","weapon":"Pistol"}
AI_METRIC {"actor":"Gatherer_04","delta":{"damage":15.0,"shot":"hit","weapon":"Pistol"},"duration_sec":1.0,"frame":1375,"goal":"combat","result":"success","role":"forager","run_id":"lyra_ai_phase1","scene":"res://level/scenes/lyrasandbox.tscn","target":"AI_TargetDummy_01","time_sec":13.787,"type":"interaction_complete"}
AI_METRIC {"actor":"Gatherer_06","frame":1388,"goal":"explore","position":{"x":8.02663135528564,"y":0.000418322102632374,"z":9.814772605896},"role":"scout","run_id":"lyra_ai_phase1","scene":"res://level/scenes/lyrasandbox.tscn","target":"WP_SpawnLane","time_sec":13.89,"type":"route_visit","visit_count":2}
AI_METRIC {"actor":"Gatherer_06","delta":{"route_visit_count":2,"waypoint":"WP_SpawnLane"},"duration_sec":1.0,"frame":1388,"goal":"explore","result":"success","role":"scout","run_id":"lyra_ai_phase1","scene":"res://level/scenes/lyrasandbox.tscn","target":"WP_SpawnLane","time_sec":13.89,"type":"interaction_complete"}
AI_METRIC {"actor":"Gatherer_04","frame":1435,"goal":"combat","reason":"utility_available","role":"forager","run_id":"lyra_ai_phase1","scene":"res://level/scenes/lyrasandbox.tscn","score":0.99,"scores":{"build":0.0,"combat":0.99,"explore":0.22,"food":0.739166666666653,"resource":0.68,"water":0.308750000000001,"weapon":0.05},"target":"AI_TargetDummy_01","target_distance":10.242506980896,"time_sec":14.283,"type":"decision"}
AI_METRIC {"actor":"Gatherer_04","frame":1435,"goal":"combat","reason":"nearest_available","result":"success","run_id":"lyra_ai_phase1","scene":"res://level/scenes/lyrasandbox.tscn","target":"AI_TargetDummy_01","target_distance":10.242506980896,"time_sec":14.283,"type":"reservation"}
AI_METRIC {"actor":"Gatherer_06","frame":1439,"goal":"explore","reason":"goal_targets_reserved","result":"failure","run_id":"lyra_ai_phase1","scene":"res://level/scenes/lyrasandbox.tscn","target":"","time_sec":14.318,"type":"reservation"}
AI_METRIC {"actor":"Gatherer_06","frame":1439,"goal":"combat","reason":"utility_available","role":"scout","run_id":"lyra_ai_phase1","scene":"res://level/scenes/lyrasandbox.tscn","score":0.86,"scores":{"build":0.0,"combat":0.86,"explore":1.1,"food":0.58983333333332,"resource":0.8,"water":0.809750000000028,"weapon":0.15},"target":"AI_TargetDummy_01","target_distance":19.6676025390625,"time_sec":14.318,"type":"decision"}
AI_METRIC {"actor":"Gatherer_06","frame":1439,"goal":"combat","reason":"nearest_available","result":"success","run_id":"lyra_ai_phase1","scene":"res://level/scenes/lyrasandbox.tscn","target":"AI_TargetDummy_01","target_distance":19.6676025390625,"time_sec":14.318,"type":"reservation"}
AI_METRIC {"active_ai_count":6,"decision_count":0,"fps":145.0,"frame":1447,"frame_time_ms":6.89655172413793,"interaction_count":0,"physics_fps":120,"run_id":"lyra_ai_phase1","scene":"res://level/scenes/lyrasandbox.tscn","time_sec":14.387,"type":"frame_sample"}
AI_METRIC {"actor":"Gatherer_01","damage":15.0,"distance_to_target":10.1080913543701,"frame":1458,"goal":"combat","result":"hit","role":"forager","run_id":"lyra_ai_phase1","scene":"res://level/scenes/lyrasandbox.tscn","target":"AI_TargetDummy_01","time_sec":14.476,"type":"shot_fired","weapon":"Pistol"}
AI_METRIC {"actor":"Gatherer_01","delta":{"damage":15.0,"shot":"hit","weapon":"Pistol"},"duration_sec":1.0,"frame":1458,"goal":"combat","result":"success","role":"forager","run_id":"lyra_ai_phase1","scene":"res://level/scenes/lyrasandbox.tscn","target":"AI_TargetDummy_01","time_sec":14.477,"type":"interaction_complete"}
AI_METRIC {"actor":"Gatherer_02","frame":1466,"goal":"weapon","reason":"goal_targets_reserved","result":"failure","run_id":"lyra_ai_phase1","scene":"res://level/scenes/lyrasandbox.tscn","target":"","time_sec":14.545,"type":"reservation"}
AI_METRIC {"actor":"Gatherer_02","frame":1466,"goal":"resource","reason":"utility_available","role":"hauler","run_id":"lyra_ai_phase1","scene":"res://level/scenes/lyrasandbox.tscn","score":0.88,"scores":{"build":0.2,"combat":0.0,"explore":0.12,"food":0.594333333333319,"resource":0.88,"water":0.816500000000029,"weapon":0.92},"target":"Resource_03","target_distance":1.29008316993713,"time_sec":14.546,"type":"decision"}
AI_METRIC {"actor":"Gatherer_02","frame":1466,"goal":"resource","reason":"nearest_available","result":"success","run_id":"lyra_ai_phase1","scene":"res://level/scenes/lyrasandbox.tscn","target":"Resource_03","target_distance":1.29008316993713,"time_sec":14.546,"type":"reservation"}
AI_METRIC {"actor":"Gatherer_04","damage":15.0,"distance_to_target":10.0985460281372,"frame":1557,"goal":"combat","result":"hit","role":"forager","run_id":"lyra_ai_phase1","scene":"res://level/scenes/lyrasandbox.tscn","target":"AI_TargetDummy_01","time_sec":15.304,"type":"shot_fired","weapon":"Pistol"}
AI_METRIC {"actor":"Gatherer_04","delta":{"damage":15.0,"shot":"hit","weapon":"Pistol"},"duration_sec":1.0,"frame":1557,"goal":"combat","result":"success","role":"forager","run_id":"lyra_ai_phase1","scene":"res://level/scenes/lyrasandbox.tscn","target":"AI_TargetDummy_01","time_sec":15.305,"type":"interaction_complete"}
AI_METRIC {"actor":"Gatherer_01","frame":1562,"goal":"water","reason":"utility_available","role":"forager","run_id":"lyra_ai_phase1","scene":"res://level/scenes/lyrasandbox.tscn","score":0.990500000000035,"scores":{"build":0.0,"combat":0.99,"explore":0.22,"food":0.760333333333319,"resource":0.68,"water":0.990500000000035,"weapon":0.05},"target":"Water_02","target_distance":5.24197387695313,"time_sec":15.346,"type":"decision"}
AI_METRIC {"actor":"Gatherer_01","frame":1562,"goal":"water","reason":"nearest_available","result":"success","run_id":"lyra_ai_phase1","scene":"res://level/scenes/lyrasandbox.tscn","target":"Water_02","target_distance":5.24197387695313,"time_sec":15.346,"type":"reservation"}
AI_METRIC {"actor":"Gatherer_02","delta":{"resource_count":1},"duration_sec":1.0,"frame":1588,"goal":"resource","result":"success","role":"hauler","run_id":"lyra_ai_phase1","scene":"res://level/scenes/lyrasandbox.tscn","target":"Resource_03","time_sec":15.56,"type":"interaction_complete"}
AI_METRIC {"actor":"Gatherer_04","frame":1645,"goal":"combat","reason":"utility_available","role":"forager","run_id":"lyra_ai_phase1","scene":"res://level/scenes/lyrasandbox.tscn","score":0.99,"scores":{"build":0.0,"combat":0.99,"explore":0.22,"food":0.774166666666651,"resource":0.68,"water":0.361249999999998,"weapon":0.05},"target":"AI_TargetDummy_01","target_distance":10.242506980896,"time_sec":16.036,"type":"decision"}
AI_METRIC {"actor":"Gatherer_04","frame":1645,"goal":"combat","reason":"nearest_available","result":"success","run_id":"lyra_ai_phase1","scene":"res://level/scenes/lyrasandbox.tscn","target":"AI_TargetDummy_01","target_distance":10.242506980896,"time_sec":16.036,"type":"reservation"}
WEAPON_PICKUP: equipped Pistol
AI_METRIC {"actor":"Gatherer_05","delta":{"weapon":"Pistol"},"duration_sec":1.0,"frame":1649,"goal":"weapon","result":"success","role":"hauler","run_id":"lyra_ai_phase1","scene":"res://level/scenes/lyrasandbox.tscn","target":"AI_PistolPickup_02","time_sec":16.071,"type":"interaction_complete"}
AI_METRIC {"actor":"Gatherer_02","frame":1655,"goal":"weapon","reason":"goal_targets_reserved","result":"failure","run_id":"lyra_ai_phase1","scene":"res://level/scenes/lyrasandbox.tscn","target":"","time_sec":16.119,"type":"reservation"}
AI_METRIC {"actor":"Gatherer_02","frame":1655,"goal":"water","reason":"utility_available","role":"hauler","run_id":"lyra_ai_phase1","scene":"res://level/scenes/lyrasandbox.tscn","score":0.86375000000004,"scores":{"build":0.2,"combat":0.0,"explore":0.12,"food":0.625833333333318,"resource":0.78,"water":0.86375000000004,"weapon":0.92},"target":"Water_03","target_distance":6.94361448287964,"time_sec":16.119,"type":"decision"}
AI_METRIC {"actor":"Gatherer_02","frame":1655,"goal":"water","reason":"nearest_available","result":"success","run_id":"lyra_ai_phase1","scene":"res://level/scenes/lyrasandbox.tscn","target":"Water_03","target_distance":6.94361448287964,"time_sec":16.119,"type":"reservation"}
AI_METRIC {"active_ai_count":6,"decision_count":0,"fps":145.0,"frame":1688,"frame_time_ms":6.89655172413793,"interaction_count":0,"physics_fps":120,"run_id":"lyra_ai_phase1","scene":"res://level/scenes/lyrasandbox.tscn","time_sec":16.395,"type":"frame_sample"}
AI_METRIC {"actor":"Gatherer_03","delta":{"resource_count":1},"duration_sec":1.0,"frame":1695,"goal":"resource","result":"success","role":"scout","run_id":"lyra_ai_phase1","scene":"res://level/scenes/lyrasandbox.tscn","target":"Resource_01","time_sec":16.45,"type":"interaction_complete"}
AI_METRIC {"actor":"Gatherer_05","frame":1707,"goal":"combat","reason":"utility_available","role":"hauler","run_id":"lyra_ai_phase1","scene":"res://level/scenes/lyrasandbox.tscn","score":0.99,"scores":{"build":0.2,"combat":0.99,"explore":0.22,"food":0.634499999999984,"resource":0.88,"water":0.876750000000043,"weapon":0.05},"target":"AI_TargetDummy_01","target_distance":10.0216913223267,"time_sec":16.553,"type":"decision"}
AI_METRIC {"actor":"Gatherer_05","frame":1707,"goal":"combat","reason":"nearest_available","result":"success","run_id":"lyra_ai_phase1","scene":"res://level/scenes/lyrasandbox.tscn","target":"AI_TargetDummy_01","target_distance":10.0216913223267,"time_sec":16.554,"type":"reservation"}
AI_METRIC {"actor":"Gatherer_03","frame":1760,"goal":"weapon","reason":"goal_targets_reserved","result":"failure","run_id":"lyra_ai_phase1","scene":"res://level/scenes/lyrasandbox.tscn","target":"","time_sec":16.995,"type":"reservation"}
AI_METRIC {"actor":"Gatherer_03","frame":1760,"goal":"water","reason":"utility_available","role":"scout","run_id":"lyra_ai_phase1","scene":"res://level/scenes/lyrasandbox.tscn","score":0.890000000000046,"scores":{"build":0.0,"combat":0.0,"explore":0.56,"food":0.643333333333317,"resource":0.7,"water":0.890000000000046,"weapon":1.0},"target":"Water_01","target_distance":7.63124322891235,"time_sec":16.995,"type":"decision"}
AI_METRIC {"actor":"Gatherer_03","frame":1760,"goal":"water","reason":"nearest_available","result":"success","run_id":"lyra_ai_phase1","scene":"res://level/scenes/lyrasandbox.tscn","target":"Water_01","target_distance":7.63124322891235,"time_sec":16.995,"type":"reservation"}
AI_METRIC {"actor":"Gatherer_04","damage":15.0,"distance_to_target":10.0985460281372,"frame":1767,"goal":"combat","result":"hit","role":"forager","run_id":"lyra_ai_phase1","scene":"res://level/scenes/lyrasandbox.tscn","target":"AI_TargetDummy_01","time_sec":17.05,"type":"shot_fired","weapon":"Pistol"}
AI_METRIC {"actor":"Gatherer_04","delta":{"damage":15.0,"shot":"hit","weapon":"Pistol"},"duration_sec":1.0,"frame":1767,"goal":"combat","result":"success","role":"forager","run_id":"lyra_ai_phase1","scene":"res://level/scenes/lyrasandbox.tscn","target":"AI_TargetDummy_01","time_sec":17.05,"type":"interaction_complete"}
AI_METRIC {"actor":"Gatherer_04","frame":1811,"goal":"combat","reason":"utility_available","role":"forager","run_id":"lyra_ai_phase1","scene":"res://level/scenes/lyrasandbox.tscn","score":0.99,"scores":{"build":0.0,"combat":0.99,"explore":0.22,"food":0.801833333333316,"resource":0.68,"water":0.402749999999996,"weapon":0.05},"target":"AI_TargetDummy_01","target_distance":10.242506980896,"time_sec":17.423,"type":"decision"}
AI_METRIC {"actor":"Gatherer_04","frame":1811,"goal":"combat","reason":"nearest_available","result":"success","run_id":"lyra_ai_phase1","scene":"res://level/scenes/lyrasandbox.tscn","target":"AI_TargetDummy_01","target_distance":10.242506980896,"time_sec":17.423,"type":"reservation"}
AI_METRIC {"actor":"Gatherer_05","damage":15.0,"distance_to_target":9.87786674499512,"frame":1829,"goal":"combat","result":"hit","role":"hauler","run_id":"lyra_ai_phase1","scene":"res://level/scenes/lyrasandbox.tscn","target":"AI_TargetDummy_01","time_sec":17.568,"type":"shot_fired","weapon":"Pistol"}
AI_METRIC {"actor":"Gatherer_05","delta":{"damage":15.0,"shot":"hit","weapon":"Pistol"},"duration_sec":1.0,"frame":1829,"goal":"combat","result":"success","role":"hauler","run_id":"lyra_ai_phase1","scene":"res://level/scenes/lyrasandbox.tscn","target":"AI_TargetDummy_01","time_sec":17.568,"type":"interaction_complete"}
AI_METRIC {"actor":"Gatherer_01","delta":{"thirst":-65.0},"duration_sec":1.0,"frame":1834,"goal":"water","result":"success","role":"forager","run_id":"lyra_ai_phase1","scene":"res://level/scenes/lyrasandbox.tscn","target":"Water_02","time_sec":17.609,"type":"interaction_complete"}
AI_METRIC {"actor":"Gatherer_06","damage":25.0,"distance_to_target":10.0864715576172,"frame":1915,"goal":"combat","result":"hit","role":"scout","run_id":"lyra_ai_phase1","scene":"res://level/scenes/lyrasandbox.tscn","target":"AI_TargetDummy_01","time_sec":18.286,"type":"shot_fired","weapon":"Rifle"}
AI_METRIC {"actor":"Gatherer_06","delta":{"damage":25.0,"shot":"hit","weapon":"Rifle"},"duration_sec":1.0,"frame":1915,"goal":"combat","result":"success","role":"scout","run_id":"lyra_ai_phase1","scene":"res://level/scenes/lyrasandbox.tscn","target":"AI_TargetDummy_01","time_sec":18.286,"type":"interaction_complete"}
AI_METRIC {"actor":"Gatherer_01","frame":1919,"goal":"combat","reason":"utility_available","role":"forager","run_id":"lyra_ai_phase1","scene":"res://level/scenes/lyrasandbox.tscn","score":0.99,"scores":{"build":0.0,"combat":0.99,"explore":0.22,"food":0.819833333333315,"resource":0.68,"water":0.429750000000049,"weapon":0.05},"target":"AI_TargetDummy_01","target_distance":14.1893539428711,"time_sec":18.32,"type":"decision"}
AI_METRIC {"actor":"Gatherer_01","frame":1919,"goal":"combat","reason":"nearest_available","result":"success","run_id":"lyra_ai_phase1","scene":"res://level/scenes/lyrasandbox.tscn","target":"AI_TargetDummy_01","target_distance":14.1893539428711,"time_sec":18.32,"type":"reservation"}
AI_METRIC {"actor":"Gatherer_05","frame":1926,"goal":"combat","reason":"utility_available","role":"hauler","run_id":"lyra_ai_phase1","scene":"res://level/scenes/lyrasandbox.tscn","score":0.99,"scores":{"build":0.2,"combat":0.99,"explore":0.22,"food":0.670999999999982,"resource":0.88,"water":0.931500000000056,"weapon":0.05},"target":"AI_TargetDummy_01","target_distance":10.0216913223267,"time_sec":18.382,"type":"decision"}
AI_METRIC {"actor":"Gatherer_05","frame":1926,"goal":"combat","reason":"nearest_available","result":"success","run_id":"lyra_ai_phase1","scene":"res://level/scenes/lyrasandbox.tscn","target":"AI_TargetDummy_01","target_distance":10.0216913223267,"time_sec":18.382,"type":"reservation"}
AI_METRIC {"active_ai_count":6,"decision_count":0,"fps":145.0,"frame":1929,"frame_time_ms":6.89655172413793,"interaction_count":0,"physics_fps":120,"run_id":"lyra_ai_phase1","scene":"res://level/scenes/lyrasandbox.tscn","time_sec":18.403,"type":"frame_sample"}
AI_METRIC {"actor":"Gatherer_04","damage":15.0,"distance_to_target":10.0985460281372,"frame":1933,"goal":"combat","result":"hit","role":"forager","run_id":"lyra_ai_phase1","scene":"res://level/scenes/lyrasandbox.tscn","target":"AI_TargetDummy_01","time_sec":18.437,"type":"shot_fired","weapon":"Pistol"}
AI_METRIC {"actor":"Gatherer_04","delta":{"damage":15.0,"shot":"hit","weapon":"Pistol"},"duration_sec":1.0,"frame":1933,"goal":"combat","result":"success","role":"forager","run_id":"lyra_ai_phase1","scene":"res://level/scenes/lyrasandbox.tscn","target":"AI_TargetDummy_01","time_sec":18.437,"type":"interaction_complete"}
AI_METRIC {"actor":"Gatherer_02","delta":{"thirst":-65.0},"duration_sec":1.0,"frame":1991,"goal":"water","result":"success","role":"hauler","run_id":"lyra_ai_phase1","scene":"res://level/scenes/lyrasandbox.tscn","target":"Water_03","time_sec":18.92,"type":"interaction_complete"}
AI_METRIC {"actor":"Gatherer_04","frame":2006,"goal":"combat","reason":"utility_available","role":"forager","run_id":"lyra_ai_phase1","scene":"res://level/scenes/lyrasandbox.tscn","score":0.99,"scores":{"build":0.0,"combat":0.99,"explore":0.22,"food":0.834333333333314,"resource":0.68,"water":0.451499999999993,"weapon":0.05},"target":"AI_TargetDummy_01","target_distance":10.242506980896,"time_sec":19.044,"type":"decision"}
AI_METRIC {"actor":"Gatherer_04","frame":2006,"goal":"combat","reason":"nearest_available","result":"success","run_id":"lyra_ai_phase1","scene":"res://level/scenes/lyrasandbox.tscn","target":"AI_TargetDummy_01","target_distance":10.242506980896,"time_sec":19.044,"type":"reservation"}
AI_METRIC {"actor":"Gatherer_06","frame":2017,"goal":"explore","reason":"utility_available","role":"scout","run_id":"lyra_ai_phase1","scene":"res://level/scenes/lyrasandbox.tscn","score":1.1,"scores":{"build":0.0,"combat":0.86,"explore":1.1,"food":0.686166666666648,"resource":0.8,"water":0.954250000000061,"weapon":0.15},"target":"WP_CentralMarket","target_distance":5.3503851890564,"time_sec":19.141,"type":"decision"}
AI_METRIC {"actor":"Gatherer_06","frame":2017,"goal":"explore","reason":"nearest_available","result":"success","run_id":"lyra_ai_phase1","scene":"res://level/scenes/lyrasandbox.tscn","target":"WP_CentralMarket","target_distance":5.3503851890564,"time_sec":19.141,"type":"reservation"}
AI_METRIC {"actor":"Gatherer_05","damage":15.0,"distance_to_target":9.87786674499512,"frame":2048,"goal":"combat","result":"hit","role":"hauler","run_id":"lyra_ai_phase1","scene":"res://level/scenes/lyrasandbox.tscn","target":"AI_TargetDummy_01","time_sec":19.396,"type":"shot_fired","weapon":"Pistol"}
AI_METRIC {"actor":"Gatherer_05","delta":{"damage":15.0,"shot":"hit","weapon":"Pistol"},"duration_sec":1.0,"frame":2048,"goal":"combat","result":"success","role":"hauler","run_id":"lyra_ai_phase1","scene":"res://level/scenes/lyrasandbox.tscn","target":"AI_TargetDummy_01","time_sec":19.396,"type":"interaction_complete"}
AI_METRIC {"actor":"Gatherer_02","frame":2082,"goal":"weapon","reason":"goal_targets_reserved","result":"failure","run_id":"lyra_ai_phase1","scene":"res://level/scenes/lyrasandbox.tscn","target":"","time_sec":19.679,"type":"reservation"}
AI_METRIC {"actor":"Gatherer_02","frame":2082,"goal":"resource","reason":"utility_available","role":"hauler","run_id":"lyra_ai_phase1","scene":"res://level/scenes/lyrasandbox.tscn","score":0.78,"scores":{"build":0.2,"combat":0.0,"explore":0.12,"food":0.69699999999998,"resource":0.78,"water":0.320500000000058,"weapon":0.92},"target":"Resource_03","target_distance":5.12271642684937,"time_sec":19.679,"type":"decision"}
AI_METRIC {"actor":"Gatherer_02","frame":2082,"goal":"resource","reason":"nearest_available","result":"success","run_id":"lyra_ai_phase1","scene":"res://level/scenes/lyrasandbox.tscn","target":"Resource_03","target_distance":5.12271642684937,"time_sec":19.679,"type":"reservation"}
AI_METRIC {"actor":"Gatherer_05","frame":2099,"goal":"combat","reason":"utility_available","role":"hauler","run_id":"lyra_ai_phase1","scene":"res://level/scenes/lyrasandbox.tscn","score":0.99,"scores":{"build":0.2,"combat":0.99,"explore":0.22,"food":0.699833333333313,"resource":0.88,"water":0.974750000000065,"weapon":0.05},"target":"AI_TargetDummy_01","target_distance":10.0216913223267,"time_sec":19.824,"type":"decision"}
AI_METRIC {"actor":"Gatherer_05","frame":2099,"goal":"combat","reason":"nearest_available","result":"success","run_id":"lyra_ai_phase1","scene":"res://level/scenes/lyrasandbox.tscn","target":"AI_TargetDummy_01","target_distance":10.0216913223267,"time_sec":19.824,"type":"reservation"}
AI_METRIC {"actor":"Gatherer_03","delta":{"thirst":-65.0},"duration_sec":1.0,"frame":2121,"goal":"water","result":"success","role":"scout","run_id":"lyra_ai_phase1","scene":"res://level/scenes/lyrasandbox.tscn","target":"Water_01","time_sec":20.003,"type":"interaction_complete"}
AI_METRIC {"actor":"Gatherer_04","damage":15.0,"distance_to_target":10.0985460281372,"frame":2128,"goal":"combat","result":"hit","role":"forager","run_id":"lyra_ai_phase1","scene":"res://level/scenes/lyrasandbox.tscn","target":"AI_TargetDummy_01","time_sec":20.065,"type":"shot_fired","weapon":"Pistol"}
AI_METRIC {"actor":"Gatherer_04","delta":{"damage":15.0,"shot":"hit","weapon":"Pistol"},"duration_sec":1.0,"frame":2128,"goal":"combat","result":"success","role":"forager","run_id":"lyra_ai_phase1","scene":"res://level/scenes/lyrasandbox.tscn","target":"AI_TargetDummy_01","time_sec":20.066,"type":"interaction_complete"}
