Godot Engine v4.5.1.stable.mono.official.f62fdbde1 - https://godotengine.org

ERROR: Failed to read the root certificate store.
   at: get_system_ca_certificates (platform/windows/os_windows.cpp:2548)
WARNING: res://level/scenes/DestructibleLargeCube.tscn:4 - ext_resource, invalid UID: uid://beo8luhfbe0it - using text path instead: res://assets/fractured_large_cube.glb
   at: load (scene/resources/resource_format_text.cpp:444)
WARNING: res://level/scenes/vehicles/BoxCarPropeller.tscn:4 - ext_resource, invalid UID: uid://boxcar001 - using text path instead: res://assets/models/BoxCar.glb
   at: load (scene/resources/resource_format_text.cpp:444)
WARNING: instance_reset_physics_interpolation() is deprecated.
   at: _instance_reset_physics_interpolation_bind_compat_104269 (servers/rendering_server.compat.inc:58)
DEBUG: Sparks particles found and emitting
!!! DESTRUCTIBLE SYSTEM ONLINE: DestructiblePillar2
!!! DESTRUCTIBLE SYSTEM ONLINE: DestructibleLargeCube
!!! DESTRUCTIBLE SYSTEM ONLINE: DestructibleLargeCube3
!!! DESTRUCTIBLE SYSTEM ONLINE: DestructibleLargeCube2
!!! DESTRUCTIBLE SYSTEM ONLINE: DestructiblePillar3
!!! DESTRUCTIBLE SYSTEM ONLINE: DestructiblePillar5
!!! DESTRUCTIBLE SYSTEM ONLINE: DestructiblePillar6
!!! DESTRUCTIBLE SYSTEM ONLINE: DestructiblePillar7
!!! DESTRUCTIBLE SYSTEM ONLINE: DestructiblePillar14
!!! DESTRUCTIBLE SYSTEM ONLINE: DestructiblePillar8
!!! DESTRUCTIBLE SYSTEM ONLINE: DestructiblePillar11
!!! DESTRUCTIBLE SYSTEM ONLINE: DestructiblePillar12
!!! DESTRUCTIBLE SYSTEM ONLINE: DestructiblePillar13
!!! DESTRUCTIBLE SYSTEM ONLINE: DestructiblePillar9
!!! DESTRUCTIBLE SYSTEM ONLINE: DestructiblePillar10
!!! DESTRUCTIBLE SYSTEM ONLINE: DestructiblePillar4
!!! DESTRUCTIBLE SYSTEM ONLINE: DestructibleWall
!!! DESTRUCTIBLE SYSTEM ONLINE: Node
!!! DESTRUCTIBLE SYSTEM ONLINE: DestructibleWall2
!!! DESTRUCTIBLE SYSTEM ONLINE: DestructibleSphere
!!! DESTRUCTIBLE SYSTEM ONLINE: DestructibleSphere2
!!! DESTRUCTIBLE SYSTEM ONLINE: DestructibleSphere3
!!! DESTRUCTIBLE SYSTEM ONLINE: DestructibleSphere4
!!! DESTRUCTIBLE SYSTEM ONLINE: DestructibleSphere5
!!! DESTRUCTIBLE SYSTEM ONLINE: DestructibleSphere6
AI_METRIC {"actor":"Gatherer_01","frame":0,"goal":"spawn","reason":"actor_ready","role":"forager","run_id":"lyra_ai_phase1","scene":"res://level/scenes/lyrasandbox.tscn","score":0.0,"scores":{},"target":"","target_distance":-1.0,"time_sec":2.605,"type":"decision"}
AI_METRIC {"actor":"Gatherer_02","frame":0,"goal":"spawn","reason":"actor_ready","role":"hauler","run_id":"lyra_ai_phase1","scene":"res://level/scenes/lyrasandbox.tscn","score":0.0,"scores":{},"target":"","target_distance":-1.0,"time_sec":2.605,"type":"decision"}
AI_METRIC {"actor":"Gatherer_03","frame":0,"goal":"spawn","reason":"actor_ready","role":"scout","run_id":"lyra_ai_phase1","scene":"res://level/scenes/lyrasandbox.tscn","score":0.0,"scores":{},"target":"","target_distance":-1.0,"time_sec":2.606,"type":"decision"}
AI_METRIC {"actor":"Gatherer_04","frame":0,"goal":"spawn","reason":"actor_ready","role":"forager","run_id":"lyra_ai_phase1","scene":"res://level/scenes/lyrasandbox.tscn","score":0.0,"scores":{},"target":"","target_distance":-1.0,"time_sec":2.607,"type":"decision"}
AI_METRIC {"actor":"Gatherer_05","frame":0,"goal":"spawn","reason":"actor_ready","role":"hauler","run_id":"lyra_ai_phase1","scene":"res://level/scenes/lyrasandbox.tscn","score":0.0,"scores":{},"target":"","target_distance":-1.0,"time_sec":2.607,"type":"decision"}
AI_METRIC {"actor":"Gatherer_06","frame":0,"goal":"spawn","reason":"actor_ready","role":"scout","run_id":"lyra_ai_phase1","scene":"res://level/scenes/lyrasandbox.tscn","score":0.0,"scores":{},"target":"","target_distance":-1.0,"time_sec":2.607,"type":"decision"}
Terrain3D: Camera assigned for collision.
AI_METRIC {"active_ai_count":6,"decision_count":0,"fps":1.0,"frame":1,"frame_time_ms":1000.0,"interaction_count":0,"physics_fps":120,"run_id":"lyra_ai_phase1","scene":"res://level/scenes/lyrasandbox.tscn","time_sec":2.609,"type":"frame_sample"}
AI_METRIC {"actor":"Gatherer_01","frame":1,"goal":"weapon","reason":"utility_available","role":"forager","run_id":"lyra_ai_phase1","scene":"res://level/scenes/lyrasandbox.tscn","score":0.92,"scores":{"build":0.0,"combat":0.0,"explore":0.12,"food":0.500166666666667,"resource":0.68,"water":0.60025,"weapon":0.92},"target":"AI_PistolPickup_01","target_distance":3.88587212562561,"time_sec":2.609,"type":"decision"}
AI_METRIC {"actor":"Gatherer_01","frame":1,"goal":"weapon","reason":"nearest_available","result":"success","run_id":"lyra_ai_phase1","scene":"res://level/scenes/lyrasandbox.tscn","target":"AI_PistolPickup_01","target_distance":3.88587212562561,"time_sec":2.609,"type":"reservation"}
AI_METRIC {"actor":"Gatherer_02","frame":1,"goal":"resource","reason":"utility_available","role":"hauler","run_id":"lyra_ai_phase1","scene":"res://level/scenes/lyrasandbox.tscn","score":0.98,"scores":{"build":0.2,"combat":0.0,"explore":0.12,"food":0.350166666666667,"resource":0.98,"water":0.45025,"weapon":0.92},"target":"Resource_01","target_distance":2.93300175666809,"time_sec":2.609,"type":"decision"}
AI_METRIC {"actor":"Gatherer_02","frame":1,"goal":"resource","reason":"nearest_available","result":"success","run_id":"lyra_ai_phase1","scene":"res://level/scenes/lyrasandbox.tscn","target":"Resource_01","target_distance":2.93300175666809,"time_sec":2.609,"type":"reservation"}
AI_METRIC {"actor":"Gatherer_03","frame":1,"goal":"weapon","reason":"utility_available","role":"scout","run_id":"lyra_ai_phase1","scene":"res://level/scenes/lyrasandbox.tscn","score":1.0,"scores":{"build":0.0,"combat":0.0,"explore":0.56,"food":0.350166666666667,"resource":0.8,"water":0.45025,"weapon":1.0},"target":"AI_PistolPickup_02","target_distance":20.5440979003906,"time_sec":2.609,"type":"decision"}
AI_METRIC {"actor":"Gatherer_03","frame":1,"goal":"weapon","reason":"nearest_available","result":"success","run_id":"lyra_ai_phase1","scene":"res://level/scenes/lyrasandbox.tscn","target":"AI_PistolPickup_02","target_distance":20.5440979003906,"time_sec":2.609,"type":"reservation"}
AI_METRIC {"actor":"Gatherer_04","frame":1,"goal":"weapon","reason":"utility_available","role":"forager","run_id":"lyra_ai_phase1","scene":"res://level/scenes/lyrasandbox.tscn","score":0.92,"scores":{"build":0.0,"combat":0.0,"explore":0.12,"food":0.500166666666667,"resource":0.68,"water":0.60025,"weapon":0.92},"target":"PistolPickup_Ground","target_distance":6.11978626251221,"time_sec":2.609,"type":"decision"}
AI_METRIC {"actor":"Gatherer_04","frame":1,"goal":"weapon","reason":"nearest_available","result":"success","run_id":"lyra_ai_phase1","scene":"res://level/scenes/lyrasandbox.tscn","target":"PistolPickup_Ground","target_distance":6.11978626251221,"time_sec":2.609,"type":"reservation"}
AI_METRIC {"actor":"Gatherer_05","frame":1,"goal":"resource","reason":"utility_available","role":"hauler","run_id":"lyra_ai_phase1","scene":"res://level/scenes/lyrasandbox.tscn","score":0.98,"scores":{"build":0.2,"combat":0.0,"explore":0.12,"food":0.350166666666667,"resource":0.98,"water":0.45025,"weapon":0.92},"target":"Resource_02","target_distance":12.6234893798828,"time_sec":2.609,"type":"decision"}
AI_METRIC {"actor":"Gatherer_05","frame":1,"goal":"resource","reason":"nearest_available","result":"success","run_id":"lyra_ai_phase1","scene":"res://level/scenes/lyrasandbox.tscn","target":"Resource_02","target_distance":12.6234893798828,"time_sec":2.609,"type":"reservation"}
AI_METRIC {"actor":"Gatherer_06","frame":1,"goal":"weapon","reason":"utility_available","role":"scout","run_id":"lyra_ai_phase1","scene":"res://level/scenes/lyrasandbox.tscn","score":1.0,"scores":{"build":0.0,"combat":0.0,"explore":0.56,"food":0.350166666666667,"resource":0.8,"water":0.45025,"weapon":1.0},"target":"AI_RiflePickup_01","target_distance":10.1518459320068,"time_sec":2.609,"type":"decision"}
AI_METRIC {"actor":"Gatherer_06","frame":1,"goal":"weapon","reason":"nearest_available","result":"success","run_id":"lyra_ai_phase1","scene":"res://level/scenes/lyrasandbox.tscn","target":"AI_RiflePickup_01","target_distance":10.1518459320068,"time_sec":2.609,"type":"reservation"}
!!! DESTRUCTION COMPLETE
!!! DESTRUCTION COMPLETE
!!! DESTRUCTION COMPLETE
!!! DESTRUCTION COMPLETE
!!! DESTRUCTION COMPLETE
!!! DESTRUCTION COMPLETE
!!! DESTRUCTION COMPLETE
AI_METRIC {"actor":"Gatherer_02","delta":{"resource_count":1},"duration_sec":1.0,"frame":208,"goal":"resource","result":"success","role":"hauler","run_id":"lyra_ai_phase1","scene":"res://level/scenes/lyrasandbox.tscn","target":"Resource_01","time_sec":4.395,"type":"interaction_complete"}
!!! DESTRUCTION COMPLETE
AI_METRIC {"active_ai_count":6,"decision_count":0,"fps":127.0,"frame":242,"frame_time_ms":7.8740157480315,"interaction_count":0,"physics_fps":120,"run_id":"lyra_ai_phase1","scene":"res://level/scenes/lyrasandbox.tscn","time_sec":4.673,"type":"frame_sample"}
WEAPON_PICKUP: equipped Pistol
AI_METRIC {"actor":"Gatherer_01","delta":{"weapon":"Pistol"},"duration_sec":1.0,"frame":254,"goal":"weapon","result":"success","role":"forager","run_id":"lyra_ai_phase1","scene":"res://level/scenes/lyrasandbox.tscn","target":"AI_PistolPickup_01","time_sec":4.766,"type":"interaction_complete"}
AI_METRIC {"actor":"Gatherer_02","frame":269,"goal":"build","reason":"utility_available","role":"hauler","run_id":"lyra_ai_phase1","scene":"res://level/scenes/lyrasandbox.tscn","score":1.18,"scores":{"build":1.18,"combat":0.0,"explore":0.12,"food":0.394833333333331,"resource":0.88,"water":0.517249999999996,"weapon":0.92},"target":"BuildSite_Barricade_01","target_distance":18.7830562591553,"time_sec":4.906,"type":"decision"}
AI_METRIC {"actor":"Gatherer_02","frame":269,"goal":"build","reason":"nearest_available","result":"success","run_id":"lyra_ai_phase1","scene":"res://level/scenes/lyrasandbox.tscn","target":"BuildSite_Barricade_01","target_distance":18.7830562591553,"time_sec":4.906,"type":"reservation"}
AI_METRIC {"actor":"Gatherer_01","frame":311,"goal":"combat","reason":"utility_available","role":"forager","run_id":"lyra_ai_phase1","scene":"res://level/scenes/lyrasandbox.tscn","score":0.99,"scores":{"build":0.0,"combat":0.99,"explore":0.22,"food":0.55183333333333,"resource":0.68,"water":0.677749999999996,"weapon":0.05},"target":"AI_TargetDummy_01","target_distance":22.2755947113037,"time_sec":5.249,"type":"decision"}
AI_METRIC {"actor":"Gatherer_01","frame":311,"goal":"combat","reason":"nearest_available","result":"success","run_id":"lyra_ai_phase1","scene":"res://level/scenes/lyrasandbox.tscn","target":"AI_TargetDummy_01","target_distance":22.2755947113037,"time_sec":5.249,"type":"reservation"}
WEAPON_PICKUP: equipped Pistol
AI_METRIC {"actor":"Gatherer_04","delta":{"weapon":"Pistol"},"duration_sec":1.0,"frame":341,"goal":"weapon","result":"success","role":"forager","run_id":"lyra_ai_phase1","scene":"res://level/scenes/lyrasandbox.tscn","target":"PistolPickup_Ground","time_sec":5.496,"type":"interaction_complete"}
AI_METRIC {"actor":"Gatherer_04","frame":424,"goal":"combat","reason":"goal_targets_reserved","result":"failure","run_id":"lyra_ai_phase1","scene":"res://level/scenes/lyrasandbox.tscn","target":"","time_sec":6.194,"type":"reservation"}
AI_METRIC {"actor":"Gatherer_04","frame":424,"goal":"water","reason":"utility_available","role":"forager","run_id":"lyra_ai_phase1","scene":"res://level/scenes/lyrasandbox.tscn","score":0.705999999999994,"scores":{"build":0.0,"combat":0.99,"explore":0.22,"food":0.570666666666663,"resource":0.68,"water":0.705999999999994,"weapon":0.05},"target":"Water_02","target_distance":11.3878793716431,"time_sec":6.194,"type":"decision"}
AI_METRIC {"actor":"Gatherer_04","frame":424,"goal":"water","reason":"nearest_available","result":"success","run_id":"lyra_ai_phase1","scene":"res://level/scenes/lyrasandbox.tscn","target":"Water_02","target_distance":11.3878793716431,"time_sec":6.194,"type":"reservation"}
AI_METRIC {"active_ai_count":6,"decision_count":0,"fps":129.0,"frame":483,"frame_time_ms":7.75193798449612,"interaction_count":0,"physics_fps":120,"run_id":"lyra_ai_phase1","scene":"res://level/scenes/lyrasandbox.tscn","time_sec":6.675,"type":"frame_sample"}
WEAPON_PICKUP: equipped Rifle
AI_METRIC {"actor":"Gatherer_06","delta":{"weapon":"Rifle"},"duration_sec":1.0,"frame":492,"goal":"weapon","result":"success","role":"scout","run_id":"lyra_ai_phase1","scene":"res://level/scenes/lyrasandbox.tscn","target":"AI_RiflePickup_01","time_sec":6.753,"type":"interaction_complete"}
AI_METRIC {"actor":"Gatherer_05","delta":{"resource_count":1},"duration_sec":1.0,"frame":583,"goal":"resource","result":"success","role":"hauler","run_id":"lyra_ai_phase1","scene":"res://level/scenes/lyrasandbox.tscn","target":"Resource_02","time_sec":7.512,"type":"interaction_complete"}
AI_METRIC {"actor":"Gatherer_06","frame":596,"goal":"explore","reason":"utility_available","role":"scout","run_id":"lyra_ai_phase1","scene":"res://level/scenes/lyrasandbox.tscn","score":1.1,"scores":{"build":0.0,"combat":0.86,"explore":1.1,"food":0.449333333333328,"resource":0.8,"water":0.598999999999992,"weapon":0.15},"target":"WP_CentralMarket","target_distance":4.5396203994751,"time_sec":7.621,"type":"decision"}
AI_METRIC {"actor":"Gatherer_06","frame":596,"goal":"explore","reason":"nearest_available","result":"success","run_id":"lyra_ai_phase1","scene":"res://level/scenes/lyrasandbox.tscn","target":"WP_CentralMarket","target_distance":4.5396203994751,"time_sec":7.621,"type":"reservation"}
AI_METRIC {"actor":"Gatherer_05","frame":694,"goal":"build","reason":"utility_available","role":"hauler","run_id":"lyra_ai_phase1","scene":"res://level/scenes/lyrasandbox.tscn","score":1.18,"scores":{"build":1.18,"combat":0.0,"explore":0.12,"food":0.46566666666666,"resource":0.88,"water":0.62349999999999,"weapon":0.92},"target":"BuildSite_Barricade_01","target_distance":7.16711044311523,"time_sec":8.441,"type":"decision"}
AI_METRIC {"actor":"Gatherer_05","frame":694,"goal":"build","reason":"nearest_available","result":"success","run_id":"lyra_ai_phase1","scene":"res://level/scenes/lyrasandbox.tscn","target":"BuildSite_Barricade_01","target_distance":7.16711044311523,"time_sec":8.441,"type":"reservation"}
AI_METRIC {"active_ai_count":6,"decision_count":0,"fps":129.0,"frame":724,"frame_time_ms":7.75193798449612,"interaction_count":0,"physics_fps":120,"run_id":"lyra_ai_phase1","scene":"res://level/scenes/lyrasandbox.tscn","time_sec":8.69,"type":"frame_sample"}
AI_METRIC {"actor":"Gatherer_06","frame":794,"goal":"explore","position":{"x":17.9019966125488,"y":0.000418360170442611,"z":13.2423944473267},"role":"scout","run_id":"lyra_ai_phase1","scene":"res://level/scenes/lyrasandbox.tscn","target":"WP_CentralMarket","time_sec":9.283,"type":"route_visit","visit_count":1}
AI_METRIC {"actor":"Gatherer_06","delta":{"route_visit_count":1,"waypoint":"WP_CentralMarket"},"duration_sec":1.0,"frame":794,"goal":"explore","result":"success","role":"scout","run_id":"lyra_ai_phase1","scene":"res://level/scenes/lyrasandbox.tscn","target":"WP_CentralMarket","time_sec":9.283,"type":"interaction_complete"}
AI_METRIC {"actor":"Gatherer_06","frame":846,"goal":"explore","reason":"utility_available","role":"scout","run_id":"lyra_ai_phase1","scene":"res://level/scenes/lyrasandbox.tscn","score":1.1,"scores":{"build":0.0,"combat":0.86,"explore":1.1,"food":0.490999999999992,"resource":0.8,"water":0.661499999999994,"weapon":0.15},"target":"WP_SpawnLane","target_distance":12.9428434371948,"time_sec":9.701,"type":"decision"}
AI_METRIC {"actor":"Gatherer_06","frame":846,"goal":"explore","reason":"nearest_available","result":"success","run_id":"lyra_ai_phase1","scene":"res://level/scenes/lyrasandbox.tscn","target":"WP_SpawnLane","target_distance":12.9428434371948,"time_sec":9.702,"type":"reservation"}
WEAPON_PICKUP: equipped Pistol
AI_METRIC {"actor":"Gatherer_03","delta":{"weapon":"Pistol"},"duration_sec":1.0,"frame":882,"goal":"weapon","result":"success","role":"scout","run_id":"lyra_ai_phase1","scene":"res://level/scenes/lyrasandbox.tscn","target":"AI_PistolPickup_02","time_sec":10.013,"type":"interaction_complete"}
AI_METRIC {"actor":"Gatherer_01","damage":0.0,"distance_to_target":10.1080913543701,"frame":884,"goal":"combat","result":"miss","role":"forager","run_id":"lyra_ai_phase1","scene":"res://level/scenes/lyrasandbox.tscn","target":"AI_TargetDummy_01","time_sec":10.029,"type":"shot_fired","weapon":"Pistol"}
AI_METRIC {"actor":"Gatherer_01","delta":{"damage":0.0,"shot":"miss","weapon":"Pistol"},"duration_sec":1.0,"frame":884,"goal":"combat","result":"failure","role":"forager","run_id":"lyra_ai_phase1","scene":"res://level/scenes/lyrasandbox.tscn","target":"AI_TargetDummy_01","time_sec":10.029,"type":"interaction_complete"}
AI_METRIC {"actor":"Gatherer_01","frame":919,"goal":"combat","reason":"utility_available","role":"forager","run_id":"lyra_ai_phase1","scene":"res://level/scenes/lyrasandbox.tscn","score":0.99,"scores":{"build":0.0,"combat":0.99,"explore":0.22,"food":0.653166666666658,"resource":0.68,"water":0.829749999999998,"weapon":0.05},"target":"AI_TargetDummy_01","target_distance":10.2520589828491,"time_sec":10.323,"type":"decision"}
AI_METRIC {"actor":"Gatherer_01","frame":919,"goal":"combat","reason":"nearest_available","result":"success","run_id":"lyra_ai_phase1","scene":"res://level/scenes/lyrasandbox.tscn","target":"AI_TargetDummy_01","target_distance":10.2520589828491,"time_sec":10.323,"type":"reservation"}
AI_METRIC {"actor":"Gatherer_04","delta":{"thirst":-65.0},"duration_sec":1.0,"frame":926,"goal":"water","result":"success","role":"forager","run_id":"lyra_ai_phase1","scene":"res://level/scenes/lyrasandbox.tscn","target":"Water_02","time_sec":10.37,"type":"interaction_complete"}
AI_METRIC {"active_ai_count":6,"decision_count":0,"fps":130.0,"frame":965,"frame_time_ms":7.69230769230769,"interaction_count":0,"physics_fps":120,"run_id":"lyra_ai_phase1","scene":"res://level/scenes/lyrasandbox.tscn","time_sec":10.699,"type":"frame_sample"}
AI_METRIC {"actor":"Gatherer_05","delivered_resources":1,"frame":972,"goal":"build","is_complete":false,"position":{"x":19.0298671722412,"y":0.000418353942222893,"z":17.909008026123},"required_resources":2,"role":"hauler","run_id":"lyra_ai_phase1","scene":"res://level/scenes/lyrasandbox.tscn","target":"BuildSite_Barricade_01","time_sec":10.762,"type":"build_started"}
AI_METRIC {"actor":"Gatherer_05","delivered_resources":1,"frame":972,"goal":"build","is_complete":false,"position":{"x":19.0298671722412,"y":0.000418353942222893,"z":17.909008026123},"required_resources":2,"role":"hauler","run_id":"lyra_ai_phase1","scene":"res://level/scenes/lyrasandbox.tscn","target":"BuildSite_Barricade_01","time_sec":10.762,"type":"build_resource_delivered"}
AI_METRIC {"actor":"Gatherer_05","delta":{"actor":"Gatherer_05","build":"delivered","delivered_resources":1,"is_complete":false,"required_resources":2,"resource_count":-1,"target":"BuildSite_Barricade_01"},"duration_sec":1.0,"frame":972,"goal":"build","result":"success","role":"hauler","run_id":"lyra_ai_phase1","scene":"res://level/scenes/lyrasandbox.tscn","target":"BuildSite_Barricade_01","time_sec":10.762,"type":"interaction_complete"}
AI_METRIC {"actor":"Gatherer_02","delivered_resources":2,"frame":983,"goal":"build","is_complete":true,"position":{"x":18.6678848266602,"y":0.000418369192630053,"z":18.3712902069092},"required_resources":2,"role":"hauler","run_id":"lyra_ai_phase1","scene":"res://level/scenes/lyrasandbox.tscn","target":"BuildSite_Barricade_01","time_sec":10.854,"type":"build_resource_delivered"}
AI_METRIC {"actor":"Gatherer_02","delivered_resources":2,"frame":983,"goal":"build","is_complete":true,"position":{"x":18.6678848266602,"y":0.000418369192630053,"z":18.3712902069092},"required_resources":2,"role":"hauler","run_id":"lyra_ai_phase1","scene":"res://level/scenes/lyrasandbox.tscn","target":"BuildSite_Barricade_01","time_sec":10.855,"type":"build_completed"}
AI_METRIC {"actor":"Gatherer_02","delta":{"actor":"Gatherer_02","build":"completed","delivered_resources":2,"is_complete":true,"required_resources":2,"resource_count":-1,"target":"BuildSite_Barricade_01"},"duration_sec":1.0,"frame":983,"goal":"build","result":"success","role":"hauler","run_id":"lyra_ai_phase1","scene":"res://level/scenes/lyrasandbox.tscn","target":"BuildSite_Barricade_01","time_sec":10.855,"type":"interaction_complete"}
AI_METRIC {"actor":"Gatherer_03","frame":1000,"goal":"explore","reason":"utility_available","role":"scout","run_id":"lyra_ai_phase1","scene":"res://level/scenes/lyrasandbox.tscn","score":1.1,"scores":{"build":0.0,"combat":0.86,"explore":1.1,"food":0.516666666666657,"resource":0.8,"water":0.700000000000003,"weapon":0.15},"target":"WP_CentralMarket","target_distance":5.86408138275146,"time_sec":10.995,"type":"decision"}
AI_METRIC {"actor":"Gatherer_03","frame":1000,"goal":"explore","reason":"nearest_available","result":"success","run_id":"lyra_ai_phase1","scene":"res://level/scenes/lyrasandbox.tscn","target":"WP_CentralMarket","target_distance":5.86408138275146,"time_sec":10.995,"type":"reservation"}
AI_METRIC {"actor":"Gatherer_04","frame":1033,"goal":"combat","reason":"utility_available","role":"forager","run_id":"lyra_ai_phase1","scene":"res://level/scenes/lyrasandbox.tscn","score":0.99,"scores":{"build":0.0,"combat":0.99,"explore":0.22,"food":0.672166666666657,"resource":0.68,"water":0.208249999999999,"weapon":0.05},"target":"AI_TargetDummy_01","target_distance":16.6402568817139,"time_sec":11.262,"type":"decision"}
AI_METRIC {"actor":"Gatherer_04","frame":1033,"goal":"combat","reason":"nearest_available","result":"success","run_id":"lyra_ai_phase1","scene":"res://level/scenes/lyrasandbox.tscn","target":"AI_TargetDummy_01","target_distance":16.6402568817139,"time_sec":11.262,"type":"reservation"}
AI_METRIC {"actor":"Gatherer_01","damage":0.0,"distance_to_target":10.1080913543701,"frame":1041,"goal":"combat","result":"miss","role":"forager","run_id":"lyra_ai_phase1","scene":"res://level/scenes/lyrasandbox.tscn","target":"AI_TargetDummy_01","time_sec":11.341,"type":"shot_fired","weapon":"Pistol"}
AI_METRIC {"actor":"Gatherer_01","delta":{"damage":0.0,"shot":"miss","weapon":"Pistol"},"duration_sec":1.0,"frame":1041,"goal":"combat","result":"failure","role":"forager","run_id":"lyra_ai_phase1","scene":"res://level/scenes/lyrasandbox.tscn","target":"AI_TargetDummy_01","time_sec":11.341,"type":"interaction_complete"}
AI_METRIC {"actor":"Gatherer_05","frame":1052,"goal":"resource","reason":"utility_available","role":"hauler","run_id":"lyra_ai_phase1","scene":"res://level/scenes/lyrasandbox.tscn","score":0.98,"scores":{"build":0.2,"combat":0.0,"explore":0.12,"food":0.525333333333323,"resource":0.98,"water":0.713000000000006,"weapon":0.92},"target":"Resource_02","target_distance":3.05786657333374,"time_sec":11.419,"type":"decision"}
AI_METRIC {"actor":"Gatherer_05","frame":1052,"goal":"resource","reason":"nearest_available","result":"success","run_id":"lyra_ai_phase1","scene":"res://level/scenes/lyrasandbox.tscn","target":"Resource_02","target_distance":3.05786657333374,"time_sec":11.419,"type":"reservation"}
AI_METRIC {"actor":"Gatherer_02","frame":1087,"goal":"resource","reason":"utility_available","role":"hauler","run_id":"lyra_ai_phase1","scene":"res://level/scenes/lyrasandbox.tscn","score":0.98,"scores":{"build":0.2,"combat":0.0,"explore":0.12,"food":0.531166666666656,"resource":0.98,"water":0.721750000000008,"weapon":0.92},"target":"Resource_03","target_distance":5.03718185424805,"time_sec":11.715,"type":"decision"}
AI_METRIC {"actor":"Gatherer_02","frame":1087,"goal":"resource","reason":"nearest_available","result":"success","run_id":"lyra_ai_phase1","scene":"res://level/scenes/lyrasandbox.tscn","target":"Resource_03","target_distance":5.03718185424805,"time_sec":11.715,"type":"reservation"}
AI_METRIC {"actor":"Gatherer_01","frame":1146,"goal":"combat","reason":"utility_available","role":"forager","run_id":"lyra_ai_phase1","scene":"res://level/scenes/lyrasandbox.tscn","score":0.99,"scores":{"build":0.0,"combat":0.99,"explore":0.22,"food":0.690999999999989,"resource":0.68,"water":0.886500000000011,"weapon":0.05},"target":"AI_TargetDummy_01","target_distance":10.2520589828491,"time_sec":12.21,"type":"decision"}
AI_METRIC {"actor":"Gatherer_01","frame":1146,"goal":"combat","reason":"nearest_available","result":"success","run_id":"lyra_ai_phase1","scene":"res://level/scenes/lyrasandbox.tscn","target":"AI_TargetDummy_01","target_distance":10.2520589828491,"time_sec":12.211,"type":"reservation"}
AI_METRIC {"active_ai_count":6,"decision_count":0,"fps":128.0,"frame":1206,"frame_time_ms":7.8125,"interaction_count":0,"physics_fps":120,"run_id":"lyra_ai_phase1","scene":"res://level/scenes/lyrasandbox.tscn","time_sec":12.708,"type":"frame_sample"}
AI_METRIC {"actor":"Gatherer_05","delta":{"resource_count":1},"duration_sec":1.0,"frame":1242,"goal":"resource","result":"success","role":"hauler","run_id":"lyra_ai_phase1","scene":"res://level/scenes/lyrasandbox.tscn","target":"Resource_02","time_sec":13.005,"type":"interaction_complete"}
AI_METRIC {"actor":"Gatherer_03","frame":1248,"goal":"explore","position":{"x":21.3698844909668,"y":0.000418301904574037,"z":16.8328895568848},"role":"scout","run_id":"lyra_ai_phase1","scene":"res://level/scenes/lyrasandbox.tscn","target":"WP_CentralMarket","time_sec":13.051,"type":"route_visit","visit_count":1}
AI_METRIC {"actor":"Gatherer_03","delta":{"route_visit_count":1,"waypoint":"WP_CentralMarket"},"duration_sec":1.0,"frame":1248,"goal":"explore","result":"success","role":"scout","run_id":"lyra_ai_phase1","scene":"res://level/scenes/lyrasandbox.tscn","target":"WP_CentralMarket","time_sec":13.051,"type":"interaction_complete"}
AI_METRIC {"actor":"Gatherer_01","damage":0.0,"distance_to_target":10.1080913543701,"frame":1268,"goal":"combat","result":"miss","role":"forager","run_id":"lyra_ai_phase1","scene":"res://level/scenes/lyrasandbox.tscn","target":"AI_TargetDummy_01","time_sec":13.222,"type":"shot_fired","weapon":"Pistol"}
AI_METRIC {"actor":"Gatherer_01","delta":{"damage":0.0,"shot":"miss","weapon":"Pistol"},"duration_sec":1.0,"frame":1268,"goal":"combat","result":"failure","role":"forager","run_id":"lyra_ai_phase1","scene":"res://level/scenes/lyrasandbox.tscn","target":"AI_TargetDummy_01","time_sec":13.222,"type":"interaction_complete"}
AI_METRIC {"actor":"Gatherer_03","frame":1314,"goal":"explore","reason":"utility_available","role":"scout","run_id":"lyra_ai_phase1","scene":"res://level/scenes/lyrasandbox.tscn","score":1.1,"scores":{"build":0.0,"combat":0.86,"explore":1.1,"food":0.568999999999988,"resource":0.8,"water":0.778500000000021,"weapon":0.15},"target":"WP_EastOuter","target_distance":26.8086376190186,"time_sec":13.61,"type":"decision"}
AI_METRIC {"actor":"Gatherer_03","frame":1314,"goal":"explore","reason":"nearest_available","result":"success","run_id":"lyra_ai_phase1","scene":"res://level/scenes/lyrasandbox.tscn","target":"WP_EastOuter","target_distance":26.8086376190186,"time_sec":13.61,"type":"reservation"}
AI_METRIC {"actor":"Gatherer_05","frame":1349,"goal":"weapon","reason":"goal_targets_reserved","result":"failure","run_id":"lyra_ai_phase1","scene":"res://level/scenes/lyrasandbox.tscn","target":"","time_sec":13.894,"type":"reservation"}
AI_METRIC {"actor":"Gatherer_05","frame":1349,"goal":"resource","reason":"utility_available","role":"hauler","run_id":"lyra_ai_phase1","scene":"res://level/scenes/lyrasandbox.tscn","score":0.88,"scores":{"build":0.2,"combat":0.0,"explore":0.12,"food":0.574833333333321,"resource":0.88,"water":0.787250000000023,"weapon":0.92},"target":"Resource_02","target_distance":1.27348220348358,"time_sec":13.894,"type":"decision"}
AI_METRIC {"actor":"Gatherer_05","frame":1349,"goal":"resource","reason":"nearest_available","result":"success","run_id":"lyra_ai_phase1","scene":"res://level/scenes/lyrasandbox.tscn","target":"Resource_02","target_distance":1.27348220348358,"time_sec":13.894,"type":"reservation"}
AI_METRIC {"actor":"Gatherer_02","delta":{"resource_count":1},"duration_sec":1.0,"frame":1351,"goal":"resource","result":"success","role":"hauler","run_id":"lyra_ai_phase1","scene":"res://level/scenes/lyrasandbox.tscn","target":"Resource_03","time_sec":13.91,"type":"interaction_complete"}
AI_METRIC {"actor":"Gatherer_06","frame":1360,"goal":"explore","position":{"x":8.02663135528564,"y":0.000418322102632374,"z":9.814772605896},"role":"scout","run_id":"lyra_ai_phase1","scene":"res://level/scenes/lyrasandbox.tscn","target":"WP_SpawnLane","time_sec":13.986,"type":"route_visit","visit_count":2}
AI_METRIC {"actor":"Gatherer_06","delta":{"route_visit_count":2,"waypoint":"WP_SpawnLane"},"duration_sec":1.0,"frame":1360,"goal":"explore","result":"success","role":"scout","run_id":"lyra_ai_phase1","scene":"res://level/scenes/lyrasandbox.tscn","target":"WP_SpawnLane","time_sec":13.987,"type":"interaction_complete"}
AI_METRIC {"actor":"Gatherer_01","frame":1388,"goal":"combat","reason":"utility_available","role":"forager","run_id":"lyra_ai_phase1","scene":"res://level/scenes/lyrasandbox.tscn","score":0.99,"scores":{"build":0.0,"combat":0.99,"explore":0.22,"food":0.73133333333332,"resource":0.68,"water":0.947000000000025,"weapon":0.05},"target":"AI_TargetDummy_01","target_distance":10.2520589828491,"time_sec":14.233,"type":"decision"}
AI_METRIC {"actor":"Gatherer_01","frame":1388,"goal":"combat","reason":"nearest_available","result":"success","run_id":"lyra_ai_phase1","scene":"res://level/scenes/lyrasandbox.tscn","target":"AI_TargetDummy_01","target_distance":10.2520589828491,"time_sec":14.233,"type":"reservation"}
AI_METRIC {"actor":"Gatherer_04","damage":0.0,"distance_to_target":10.0985460281372,"frame":1395,"goal":"combat","result":"miss","role":"forager","run_id":"lyra_ai_phase1","scene":"res://level/scenes/lyrasandbox.tscn","target":"AI_TargetDummy_01","time_sec":14.287,"type":"shot_fired","weapon":"Pistol"}
AI_METRIC {"actor":"Gatherer_04","delta":{"damage":0.0,"shot":"miss","weapon":"Pistol"},"duration_sec":1.0,"frame":1395,"goal":"combat","result":"failure","role":"forager","run_id":"lyra_ai_phase1","scene":"res://level/scenes/lyrasandbox.tscn","target":"AI_TargetDummy_01","time_sec":14.287,"type":"interaction_complete"}
AI_METRIC {"actor":"Gatherer_06","frame":1422,"goal":"explore","reason":"goal_targets_reserved","result":"failure","run_id":"lyra_ai_phase1","scene":"res://level/scenes/lyrasandbox.tscn","target":"","time_sec":14.511,"type":"reservation"}
AI_METRIC {"actor":"Gatherer_06","frame":1422,"goal":"combat","reason":"utility_available","role":"scout","run_id":"lyra_ai_phase1","scene":"res://level/scenes/lyrasandbox.tscn","score":0.86,"scores":{"build":0.0,"combat":0.86,"explore":1.1,"food":0.586999999999987,"resource":0.8,"water":0.805500000000027,"weapon":0.15},"target":"AI_TargetDummy_01","target_distance":19.6676025390625,"time_sec":14.511,"type":"decision"}
AI_METRIC {"actor":"Gatherer_06","frame":1422,"goal":"combat","reason":"nearest_available","result":"success","run_id":"lyra_ai_phase1","scene":"res://level/scenes/lyrasandbox.tscn","target":"AI_TargetDummy_01","target_distance":19.6676025390625,"time_sec":14.511,"type":"reservation"}
AI_METRIC {"active_ai_count":6,"decision_count":0,"fps":128.0,"frame":1447,"frame_time_ms":7.8125,"interaction_count":0,"physics_fps":120,"run_id":"lyra_ai_phase1","scene":"res://level/scenes/lyrasandbox.tscn","time_sec":14.714,"type":"frame_sample"}
AI_METRIC {"actor":"Gatherer_02","frame":1464,"goal":"weapon","reason":"goal_targets_reserved","result":"failure","run_id":"lyra_ai_phase1","scene":"res://level/scenes/lyrasandbox.tscn","target":"","time_sec":14.854,"type":"reservation"}
AI_METRIC {"actor":"Gatherer_02","frame":1464,"goal":"resource","reason":"utility_available","role":"hauler","run_id":"lyra_ai_phase1","scene":"res://level/scenes/lyrasandbox.tscn","score":0.88,"scores":{"build":0.2,"combat":0.0,"explore":0.12,"food":0.593999999999986,"resource":0.88,"water":0.816000000000029,"weapon":0.92},"target":"Resource_03","target_distance":1.28697419166565,"time_sec":14.854,"type":"decision"}
AI_METRIC {"actor":"Gatherer_02","frame":1464,"goal":"resource","reason":"nearest_available","result":"success","run_id":"lyra_ai_phase1","scene":"res://level/scenes/lyrasandbox.tscn","target":"Resource_03","target_distance":1.28697419166565,"time_sec":14.854,"type":"reservation"}
AI_METRIC {"actor":"Gatherer_04","frame":1468,"goal":"combat","reason":"utility_available","role":"forager","run_id":"lyra_ai_phase1","scene":"res://level/scenes/lyrasandbox.tscn","score":0.99,"scores":{"build":0.0,"combat":0.99,"explore":0.22,"food":0.744666666666653,"resource":0.68,"water":0.317,"weapon":0.05},"target":"AI_TargetDummy_01","target_distance":10.242506980896,"time_sec":14.884,"type":"decision"}
AI_METRIC {"actor":"Gatherer_04","frame":1468,"goal":"combat","reason":"nearest_available","result":"success","run_id":"lyra_ai_phase1","scene":"res://level/scenes/lyrasandbox.tscn","target":"AI_TargetDummy_01","target_distance":10.242506980896,"time_sec":14.885,"type":"reservation"}
AI_METRIC {"actor":"Gatherer_05","delta":{"resource_count":1},"duration_sec":1.0,"frame":1471,"goal":"resource","result":"success","role":"hauler","run_id":"lyra_ai_phase1","scene":"res://level/scenes/lyrasandbox.tscn","target":"Resource_02","time_sec":14.915,"type":"interaction_complete"}
AI_METRIC {"actor":"Gatherer_01","damage":15.0,"distance_to_target":10.1080913543701,"frame":1510,"goal":"combat","result":"hit","role":"forager","run_id":"lyra_ai_phase1","scene":"res://level/scenes/lyrasandbox.tscn","target":"AI_TargetDummy_01","time_sec":15.243,"type":"shot_fired","weapon":"Pistol"}
AI_METRIC {"actor":"Gatherer_01","delta":{"damage":15.0,"shot":"hit","weapon":"Pistol"},"duration_sec":1.0,"frame":1510,"goal":"combat","result":"success","role":"forager","run_id":"lyra_ai_phase1","scene":"res://level/scenes/lyrasandbox.tscn","target":"AI_TargetDummy_01","time_sec":15.243,"type":"interaction_complete"}
AI_METRIC {"actor":"Gatherer_05","frame":1563,"goal":"weapon","reason":"goal_targets_reserved","result":"failure","run_id":"lyra_ai_phase1","scene":"res://level/scenes/lyrasandbox.tscn","target":"","time_sec":15.678,"type":"reservation"}
AI_METRIC {"actor":"Gatherer_05","frame":1563,"goal":"water","reason":"utility_available","role":"hauler","run_id":"lyra_ai_phase1","scene":"res://level/scenes/lyrasandbox.tscn","score":0.840750000000035,"scores":{"build":0.2,"combat":0.0,"explore":0.12,"food":0.610499999999985,"resource":0.78,"water":0.840750000000035,"weapon":0.92},"target":"Water_01","target_distance":9.73516941070557,"time_sec":15.678,"type":"decision"}
AI_METRIC {"actor":"Gatherer_05","frame":1563,"goal":"water","reason":"nearest_available","result":"success","run_id":"lyra_ai_phase1","scene":"res://level/scenes/lyrasandbox.tscn","target":"Water_01","target_distance":9.73516941070557,"time_sec":15.678,"type":"reservation"}
AI_METRIC {"actor":"Gatherer_02","delta":{"resource_count":1},"duration_sec":1.0,"frame":1586,"goal":"resource","result":"success","role":"hauler","run_id":"lyra_ai_phase1","scene":"res://level/scenes/lyrasandbox.tscn","target":"Resource_03","time_sec":15.883,"type":"interaction_complete"}
AI_METRIC {"actor":"Gatherer_04","damage":15.0,"distance_to_target":10.0985460281372,"frame":1590,"goal":"combat","result":"hit","role":"forager","run_id":"lyra_ai_phase1","scene":"res://level/scenes/lyrasandbox.tscn","target":"AI_TargetDummy_01","time_sec":15.914,"type":"shot_fired","weapon":"Pistol"}
AI_METRIC {"actor":"Gatherer_04","delta":{"damage":15.0,"shot":"hit","weapon":"Pistol"},"duration_sec":1.0,"frame":1590,"goal":"combat","result":"success","role":"forager","run_id":"lyra_ai_phase1","scene":"res://level/scenes/lyrasandbox.tscn","target":"AI_TargetDummy_01","time_sec":15.914,"type":"interaction_complete"}
AI_METRIC {"actor":"Gatherer_01","frame":1628,"goal":"water","reason":"utility_available","role":"forager","run_id":"lyra_ai_phase1","scene":"res://level/scenes/lyrasandbox.tscn","score":1.0,"scores":{"build":0.0,"combat":0.99,"explore":0.22,"food":0.771333333333318,"resource":0.68,"water":1.0,"weapon":0.05},"target":"Water_02","target_distance":5.24197387695313,"time_sec":16.226,"type":"decision"}
AI_METRIC {"actor":"Gatherer_01","frame":1628,"goal":"water","reason":"nearest_available","result":"success","run_id":"lyra_ai_phase1","scene":"res://level/scenes/lyrasandbox.tscn","target":"Water_02","target_distance":5.24197387695313,"time_sec":16.226,"type":"reservation"}
AI_METRIC {"actor":"Gatherer_04","frame":1643,"goal":"combat","reason":"utility_available","role":"forager","run_id":"lyra_ai_phase1","scene":"res://level/scenes/lyrasandbox.tscn","score":0.99,"scores":{"build":0.0,"combat":0.99,"explore":0.22,"food":0.773833333333318,"resource":0.68,"water":0.360749999999997,"weapon":0.05},"target":"AI_TargetDummy_01","target_distance":10.242506980896,"time_sec":16.351,"type":"decision"}
AI_METRIC {"actor":"Gatherer_04","frame":1643,"goal":"combat","reason":"nearest_available","result":"success","run_id":"lyra_ai_phase1","scene":"res://level/scenes/lyrasandbox.tscn","target":"AI_TargetDummy_01","target_distance":10.242506980896,"time_sec":16.351,"type":"reservation"}
AI_METRIC {"actor":"Gatherer_02","frame":1666,"goal":"weapon","reason":"goal_targets_reserved","result":"failure","run_id":"lyra_ai_phase1","scene":"res://level/scenes/lyrasandbox.tscn","target":"","time_sec":16.535,"type":"reservation"}
AI_METRIC {"actor":"Gatherer_02","frame":1666,"goal":"water","reason":"utility_available","role":"hauler","run_id":"lyra_ai_phase1","scene":"res://level/scenes/lyrasandbox.tscn","score":0.866500000000041,"scores":{"build":0.2,"combat":0.0,"explore":0.12,"food":0.627666666666651,"resource":0.78,"water":0.866500000000041,"weapon":0.92},"target":"Water_03","target_distance":6.74529457092285,"time_sec":16.535,"type":"decision"}
AI_METRIC {"actor":"Gatherer_02","frame":1666,"goal":"water","reason":"nearest_available","result":"success","run_id":"lyra_ai_phase1","scene":"res://level/scenes/lyrasandbox.tscn","target":"Water_03","target_distance":6.74529457092285,"time_sec":16.535,"type":"reservation"}
AI_METRIC {"active_ai_count":6,"decision_count":0,"fps":128.0,"frame":1688,"frame_time_ms":7.8125,"interaction_count":0,"physics_fps":120,"run_id":"lyra_ai_phase1","scene":"res://level/scenes/lyrasandbox.tscn","time_sec":16.724,"type":"frame_sample"}
AI_METRIC {"actor":"Gatherer_04","damage":15.0,"distance_to_target":10.0985460281372,"frame":1765,"goal":"combat","result":"hit","role":"forager","run_id":"lyra_ai_phase1","scene":"res://level/scenes/lyrasandbox.tscn","target":"AI_TargetDummy_01","time_sec":17.365,"type":"shot_fired","weapon":"Pistol"}
AI_METRIC {"actor":"Gatherer_04","delta":{"damage":15.0,"shot":"hit","weapon":"Pistol"},"duration_sec":1.0,"frame":1765,"goal":"combat","result":"success","role":"forager","run_id":"lyra_ai_phase1","scene":"res://level/scenes/lyrasandbox.tscn","target":"AI_TargetDummy_01","time_sec":17.366,"type":"interaction_complete"}
AI_METRIC {"actor":"Gatherer_04","frame":1811,"goal":"combat","reason":"utility_available","role":"forager","run_id":"lyra_ai_phase1","scene":"res://level/scenes/lyrasandbox.tscn","score":0.99,"scores":{"build":0.0,"combat":0.99,"explore":0.22,"food":0.801833333333316,"resource":0.68,"water":0.402749999999995,"weapon":0.05},"target":"AI_TargetDummy_01","target_distance":10.242506980896,"time_sec":17.752,"type":"decision"}
AI_METRIC {"actor":"Gatherer_04","frame":1811,"goal":"combat","reason":"nearest_available","result":"success","run_id":"lyra_ai_phase1","scene":"res://level/scenes/lyrasandbox.tscn","target":"AI_TargetDummy_01","target_distance":10.242506980896,"time_sec":17.752,"type":"reservation"}
AI_METRIC {"actor":"Gatherer_06","damage":25.0,"distance_to_target":10.0864715576172,"frame":1898,"goal":"combat","result":"hit","role":"scout","run_id":"lyra_ai_phase1","scene":"res://level/scenes/lyrasandbox.tscn","target":"AI_TargetDummy_01","time_sec":18.468,"type":"shot_fired","weapon":"Rifle"}
AI_METRIC {"actor":"Gatherer_06","delta":{"damage":25.0,"shot":"hit","weapon":"Rifle"},"duration_sec":1.0,"frame":1898,"goal":"combat","result":"success","role":"scout","run_id":"lyra_ai_phase1","scene":"res://level/scenes/lyrasandbox.tscn","target":"AI_TargetDummy_01","time_sec":18.468,"type":"interaction_complete"}
AI_METRIC {"actor":"Gatherer_01","delta":{"thirst":-65.0},"duration_sec":1.0,"frame":1900,"goal":"water","result":"success","role":"forager","run_id":"lyra_ai_phase1","scene":"res://level/scenes/lyrasandbox.tscn","target":"Water_02","time_sec":18.483,"type":"interaction_complete"}
AI_METRIC {"active_ai_count":6,"decision_count":0,"fps":129.0,"frame":1929,"frame_time_ms":7.75193798449612,"interaction_count":0,"physics_fps":120,"run_id":"lyra_ai_phase1","scene":"res://level/scenes/lyrasandbox.tscn","time_sec":18.73,"type":"frame_sample"}
AI_METRIC {"actor":"Gatherer_04","damage":15.0,"distance_to_target":10.0985460281372,"frame":1933,"goal":"combat","result":"hit","role":"forager","run_id":"lyra_ai_phase1","scene":"res://level/scenes/lyrasandbox.tscn","target":"AI_TargetDummy_01","time_sec":18.762,"type":"shot_fired","weapon":"Pistol"}
AI_METRIC {"actor":"Gatherer_04","delta":{"damage":15.0,"shot":"hit","weapon":"Pistol"},"duration_sec":1.0,"frame":1933,"goal":"combat","result":"success","role":"forager","run_id":"lyra_ai_phase1","scene":"res://level/scenes/lyrasandbox.tscn","target":"AI_TargetDummy_01","time_sec":18.762,"type":"interaction_complete"}
AI_METRIC {"actor":"Gatherer_02","delta":{"thirst":-65.0},"duration_sec":1.0,"frame":1994,"goal":"water","result":"success","role":"hauler","run_id":"lyra_ai_phase1","scene":"res://level/scenes/lyrasandbox.tscn","target":"Water_03","time_sec":19.274,"type":"interaction_complete"}
AI_METRIC {"actor":"Gatherer_05","delta":{"thirst":-65.0},"duration_sec":1.0,"frame":2003,"goal":"water","result":"success","role":"hauler","run_id":"lyra_ai_phase1","scene":"res://level/scenes/lyrasandbox.tscn","target":"Water_01","time_sec":19.351,"type":"interaction_complete"}
AI_METRIC {"actor":"Gatherer_06","frame":2007,"goal":"explore","reason":"utility_available","role":"scout","run_id":"lyra_ai_phase1","scene":"res://level/scenes/lyrasandbox.tscn","score":1.1,"scores":{"build":0.0,"combat":0.86,"explore":1.1,"food":0.684499999999981,"resource":0.8,"water":0.95175000000006,"weapon":0.15},"target":"WP_CentralMarket","target_distance":5.3503851890564,"time_sec":19.382,"type":"decision"}
AI_METRIC {"actor":"Gatherer_06","frame":2007,"goal":"explore","reason":"nearest_available","result":"success","run_id":"lyra_ai_phase1","scene":"res://level/scenes/lyrasandbox.tscn","target":"WP_CentralMarket","target_distance":5.3503851890564,"time_sec":19.382,"type":"reservation"}
AI_METRIC {"actor":"Gatherer_01","frame":2019,"goal":"combat","reason":"utility_available","role":"forager","run_id":"lyra_ai_phase1","scene":"res://level/scenes/lyrasandbox.tscn","score":0.99,"scores":{"build":0.0,"combat":0.99,"explore":0.22,"food":0.836499999999981,"resource":0.68,"water":0.454750000000052,"weapon":0.05},"target":"AI_TargetDummy_01","target_distance":14.1893539428711,"time_sec":19.475,"type":"decision"}
AI_METRIC {"actor":"Gatherer_01","frame":2019,"goal":"combat","reason":"nearest_available","result":"success","run_id":"lyra_ai_phase1","scene":"res://level/scenes/lyrasandbox.tscn","target":"AI_TargetDummy_01","target_distance":14.1893539428711,"time_sec":19.475,"type":"reservation"}
AI_METRIC {"actor":"Gatherer_04","frame":2036,"goal":"combat","reason":"utility_available","role":"forager","run_id":"lyra_ai_phase1","scene":"res://level/scenes/lyrasandbox.tscn","score":0.99,"scores":{"build":0.0,"combat":0.99,"explore":0.22,"food":0.839333333333314,"resource":0.68,"water":0.458999999999992,"weapon":0.05},"target":"AI_TargetDummy_01","target_distance":10.242506980896,"time_sec":19.616,"type":"decision"}
AI_METRIC {"actor":"Gatherer_04","frame":2036,"goal":"combat","reason":"nearest_available","result":"success","run_id":"lyra_ai_phase1","scene":"res://level/scenes/lyrasandbox.tscn","target":"AI_TargetDummy_01","target_distance":10.242506980896,"time_sec":19.616,"type":"reservation"}
AI_METRIC {"actor":"Gatherer_02","frame":2088,"goal":"weapon","reason":"goal_targets_reserved","result":"failure","run_id":"lyra_ai_phase1","scene":"res://level/scenes/lyrasandbox.tscn","target":"","time_sec":20.062,"type":"reservation"}
AI_METRIC {"actor":"Gatherer_02","frame":2088,"goal":"resource","reason":"utility_available","role":"hauler","run_id":"lyra_ai_phase1","scene":"res://level/scenes/lyrasandbox.tscn","score":0.78,"scores":{"build":0.2,"combat":0.0,"explore":0.12,"food":0.69799999999998,"resource":0.78,"water":0.322000000000058,"weapon":0.92},"target":"Resource_03","target_distance":5.11234426498413,"time_sec":20.062,"type":"decision"}
AI_METRIC {"actor":"Gatherer_02","frame":2088,"goal":"resource","reason":"nearest_available","result":"success","run_id":"lyra_ai_phase1","scene":"res://level/scenes/lyrasandbox.tscn","target":"Resource_03","target_distance":5.11234426498413,"time_sec":20.062,"type":"reservation"}
AI_METRIC {"actor":"Gatherer_05","frame":2089,"goal":"weapon","reason":"goal_targets_reserved","result":"failure","run_id":"lyra_ai_phase1","scene":"res://level/scenes/lyrasandbox.tscn","target":"","time_sec":20.063,"type":"reservation"}
AI_METRIC {"actor":"Gatherer_05","frame":2089,"goal":"resource","reason":"utility_available","role":"hauler","run_id":"lyra_ai_phase1","scene":"res://level/scenes/lyrasandbox.tscn","score":0.78,"scores":{"build":0.2,"combat":0.0,"explore":0.12,"food":0.698166666666647,"resource":0.78,"water":0.322250000000059,"weapon":0.92},"target":"Resource_02","target_distance":8.0740966796875,"time_sec":20.063,"type":"decision"}
AI_METRIC {"actor":"Gatherer_05","frame":2089,"goal":"resource","reason":"nearest_available","result":"success","run_id":"lyra_ai_phase1","scene":"res://level/scenes/lyrasandbox.tscn","target":"Resource_02","target_distance":8.0740966796875,"time_sec":20.063,"type":"reservation"}
AI_METRIC {"actor":"Gatherer_04","damage":15.0,"distance_to_target":10.0985460281372,"frame":2158,"goal":"combat","result":"hit","role":"forager","run_id":"lyra_ai_phase1","scene":"res://level/scenes/lyrasandbox.tscn","target":"AI_TargetDummy_01","time_sec":20.638,"type":"shot_fired","weapon":"Pistol"}
AI_METRIC {"actor":"Gatherer_04","delta":{"damage":15.0,"shot":"hit","weapon":"Pistol"},"duration_sec":1.0,"frame":2158,"goal":"combat","result":"success","role":"forager","run_id":"lyra_ai_phase1","scene":"res://level/scenes/lyrasandbox.tscn","target":"AI_TargetDummy_01","time_sec":20.638,"type":"interaction_complete"}
